Archive member included to satisfy reference by file (symbol)

d:/mounriver/mounriver_studio/toolchain/risc-v embedded gcc/bin/../lib/gcc/riscv-none-embed/8.2.0/../../../../riscv-none-embed/lib/rv32imac/ilp32\libm.a(lib_a-s_round.o)
                              ./CODE/middline.o (round)
d:/mounriver/mounriver_studio/toolchain/risc-v embedded gcc/bin/../lib/gcc/riscv-none-embed/8.2.0/rv32imac/ilp32\libgcc.a(adddf3.o)
                              ./CODE/middline.o (__adddf3)
d:/mounriver/mounriver_studio/toolchain/risc-v embedded gcc/bin/../lib/gcc/riscv-none-embed/8.2.0/rv32imac/ilp32\libgcc.a(divdf3.o)
                              ./CODE/middline.o (__divdf3)
d:/mounriver/mounriver_studio/toolchain/risc-v embedded gcc/bin/../lib/gcc/riscv-none-embed/8.2.0/rv32imac/ilp32\libgcc.a(eqdf2.o)
                              ./Libraries/seekfree_peripheral/SEEKFREE_PRINTF.o (__nedf2)
d:/mounriver/mounriver_studio/toolchain/risc-v embedded gcc/bin/../lib/gcc/riscv-none-embed/8.2.0/rv32imac/ilp32\libgcc.a(ledf2.o)
                              ./Libraries/seekfree_peripheral/SEEKFREE_18TFT.o (__ltdf2)
d:/mounriver/mounriver_studio/toolchain/risc-v embedded gcc/bin/../lib/gcc/riscv-none-embed/8.2.0/rv32imac/ilp32\libgcc.a(muldf3.o)
                              ./Libraries/seekfree_peripheral/SEEKFREE_PRINTF.o (__muldf3)
d:/mounriver/mounriver_studio/toolchain/risc-v embedded gcc/bin/../lib/gcc/riscv-none-embed/8.2.0/rv32imac/ilp32\libgcc.a(subdf3.o)
                              ./Libraries/seekfree_peripheral/SEEKFREE_PRINTF.o (__subdf3)
d:/mounriver/mounriver_studio/toolchain/risc-v embedded gcc/bin/../lib/gcc/riscv-none-embed/8.2.0/rv32imac/ilp32\libgcc.a(fixdfsi.o)
                              ./Libraries/seekfree_peripheral/SEEKFREE_PRINTF.o (__fixdfsi)
d:/mounriver/mounriver_studio/toolchain/risc-v embedded gcc/bin/../lib/gcc/riscv-none-embed/8.2.0/rv32imac/ilp32\libgcc.a(floatsidf.o)
                              ./Libraries/seekfree_peripheral/SEEKFREE_PRINTF.o (__floatsidf)
d:/mounriver/mounriver_studio/toolchain/risc-v embedded gcc/bin/../lib/gcc/riscv-none-embed/8.2.0/rv32imac/ilp32\libgcc.a(addsf3.o)
                              ./CODE/cut.o (__addsf3)
d:/mounriver/mounriver_studio/toolchain/risc-v embedded gcc/bin/../lib/gcc/riscv-none-embed/8.2.0/rv32imac/ilp32\libgcc.a(divsf3.o)
                              ./CODE/cut.o (__divsf3)
d:/mounriver/mounriver_studio/toolchain/risc-v embedded gcc/bin/../lib/gcc/riscv-none-embed/8.2.0/rv32imac/ilp32\libgcc.a(gesf2.o)
                              ./CODE/ostu.o (__gesf2)
d:/mounriver/mounriver_studio/toolchain/risc-v embedded gcc/bin/../lib/gcc/riscv-none-embed/8.2.0/rv32imac/ilp32\libgcc.a(lesf2.o)
                              ./CODE/ostu.o (__lesf2)
d:/mounriver/mounriver_studio/toolchain/risc-v embedded gcc/bin/../lib/gcc/riscv-none-embed/8.2.0/rv32imac/ilp32\libgcc.a(mulsf3.o)
                              ./CODE/cut.o (__mulsf3)
d:/mounriver/mounriver_studio/toolchain/risc-v embedded gcc/bin/../lib/gcc/riscv-none-embed/8.2.0/rv32imac/ilp32\libgcc.a(subsf3.o)
                              ./CODE/hcar_motor.o (__subsf3)
d:/mounriver/mounriver_studio/toolchain/risc-v embedded gcc/bin/../lib/gcc/riscv-none-embed/8.2.0/rv32imac/ilp32\libgcc.a(fixsfsi.o)
                              ./CODE/hcar_motor.o (__fixsfsi)
d:/mounriver/mounriver_studio/toolchain/risc-v embedded gcc/bin/../lib/gcc/riscv-none-embed/8.2.0/rv32imac/ilp32\libgcc.a(fixunssfsi.o)
                              ./CODE/cut.o (__fixunssfsi)
d:/mounriver/mounriver_studio/toolchain/risc-v embedded gcc/bin/../lib/gcc/riscv-none-embed/8.2.0/rv32imac/ilp32\libgcc.a(floatsisf.o)
                              ./CODE/cut.o (__floatsisf)
d:/mounriver/mounriver_studio/toolchain/risc-v embedded gcc/bin/../lib/gcc/riscv-none-embed/8.2.0/rv32imac/ilp32\libgcc.a(floatunsisf.o)
                              ./CODE/ostu.o (__floatunsisf)
d:/mounriver/mounriver_studio/toolchain/risc-v embedded gcc/bin/../lib/gcc/riscv-none-embed/8.2.0/rv32imac/ilp32\libgcc.a(extendsfdf2.o)
                              ./CODE/middline.o (__extendsfdf2)
d:/mounriver/mounriver_studio/toolchain/risc-v embedded gcc/bin/../lib/gcc/riscv-none-embed/8.2.0/rv32imac/ilp32\libgcc.a(truncdfsf2.o)
                              ./CODE/middline.o (__truncdfsf2)
d:/mounriver/mounriver_studio/toolchain/risc-v embedded gcc/bin/../lib/gcc/riscv-none-embed/8.2.0/rv32imac/ilp32\libgcc.a(_clzsi2.o)
                              d:/mounriver/mounriver_studio/toolchain/risc-v embedded gcc/bin/../lib/gcc/riscv-none-embed/8.2.0/rv32imac/ilp32\libgcc.a(adddf3.o) (__clzsi2)
d:/mounriver/mounriver_studio/toolchain/risc-v embedded gcc/bin/../lib/gcc/riscv-none-embed/8.2.0/rv32imac/ilp32\libgcc.a(_clz.o)
                              d:/mounriver/mounriver_studio/toolchain/risc-v embedded gcc/bin/../lib/gcc/riscv-none-embed/8.2.0/rv32imac/ilp32\libgcc.a(_clzsi2.o) (__clz_tab)
[...]
Memory Configuration

Name             Origin             Length             Attributes
FLASH            0x0000000000000000 0x0000000000010000 xr
RAM              0x0000000020000000 0x0000000000005000 xrw
*default*        0x0000000000000000 0xffffffffffffffff

Linker script and memory map

LOAD ./USER/isr.o
LOAD ./USER/main.o
LOAD ./Libraries/wch_libraries/Startup/startup_ch32v10x.o
LOAD ./Libraries/wch_libraries/Peripheral/ch32v10x_adc.o
LOAD ./Libraries/wch_libraries/Peripheral/ch32v10x_bkp.o
LOAD ./Libraries/wch_libraries/Peripheral/ch32v10x_crc.o
LOAD ./Libraries/wch_libraries/Peripheral/ch32v10x_dbgmcu.o
LOAD ./Libraries/wch_libraries/Peripheral/ch32v10x_dma.o
LOAD ./Libraries/wch_libraries/Peripheral/ch32v10x_exti.o
LOAD ./Libraries/wch_libraries/Peripheral/ch32v10x_flash.o
LOAD ./Libraries/wch_libraries/Peripheral/ch32v10x_gpio.o
LOAD ./Libraries/wch_libraries/Peripheral/ch32v10x_i2c.o
LOAD ./Libraries/wch_libraries/Peripheral/ch32v10x_iwdg.o
LOAD ./Libraries/wch_libraries/Peripheral/ch32v10x_misc.o
LOAD ./Libraries/wch_libraries/Peripheral/ch32v10x_pwr.o
LOAD ./Libraries/wch_libraries/Peripheral/ch32v10x_rcc.o
LOAD ./Libraries/wch_libraries/Peripheral/ch32v10x_rtc.o
LOAD ./Libraries/wch_libraries/Peripheral/ch32v10x_spi.o
LOAD ./Libraries/wch_libraries/Peripheral/ch32v10x_tim.o
LOAD ./Libraries/wch_libraries/Peripheral/ch32v10x_usart.o
LOAD ./Libraries/wch_libraries/Peripheral/ch32v10x_usb.o
LOAD ./Libraries/wch_libraries/Peripheral/ch32v10x_usb_host.o
LOAD ./Libraries/wch_libraries/Peripheral/ch32v10x_wwdg.o
LOAD ./Libraries/wch_libraries/Core/core_riscv.o
LOAD ./Libraries/seekfree_peripheral/SEEKFREE_18TFT.o
LOAD ./Libraries/seekfree_peripheral/SEEKFREE_ABSOLUTE_ENCODER.o
LOAD ./Libraries/seekfree_peripheral/SEEKFREE_FONT.o
LOAD ./Libraries/seekfree_peripheral/SEEKFREE_ICM20602.o
LOAD ./Libraries/seekfree_peripheral/SEEKFREE_IIC.o
LOAD ./Libraries/seekfree_peripheral/SEEKFREE_IPS114_SPI.o
LOAD ./Libraries/seekfree_peripheral/SEEKFREE_MPU6050.o
LOAD ./Libraries/seekfree_peripheral/SEEKFREE_MT9V03X.o
LOAD ./Libraries/seekfree_peripheral/SEEKFREE_OLED.o
LOAD ./Libraries/seekfree_peripheral/SEEKFREE_PRINTF.o
LOAD ./Libraries/seekfree_peripheral/SEEKFREE_TSL1401.o
LOAD ./Libraries/seekfree_peripheral/SEEKFREE_UART_7725.o
LOAD ./Libraries/seekfree_peripheral/SEEKFREE_VIRSCO.o
LOAD ./Libraries/seekfree_peripheral/SEEKFREE_WIRELESS.o
LOAD ./Libraries/seekfree_libraries/common.o
LOAD ./Libraries/seekfree_libraries/misc.o
LOAD ./Libraries/seekfree_libraries/zf_adc.o
LOAD ./Libraries/seekfree_libraries/zf_camera.o
LOAD ./Libraries/seekfree_libraries/zf_flash.o
LOAD ./Libraries/seekfree_libraries/zf_gpio.o
LOAD ./Libraries/seekfree_libraries/zf_nvic.o
LOAD ./Libraries/seekfree_libraries/zf_pit.o
LOAD ./Libraries/seekfree_libraries/zf_pwm.o
LOAD ./Libraries/seekfree_libraries/zf_qtimer.o
LOAD ./Libraries/seekfree_libraries/zf_spi.o
LOAD ./Libraries/seekfree_libraries/zf_systick.o
LOAD ./Libraries/seekfree_libraries/zf_uart.o
LOAD ./Libraries/board/board.o
LOAD ./Libraries/board/clock_config.o
LOAD ./CODE/Serial_oscilloscope.o
LOAD ./CODE/cut.o
LOAD ./CODE/hcar_adc.o
LOAD ./CODE/hcar_element.o
LOAD ./CODE/hcar_gogogo.o
LOAD ./CODE/hcar_init.o
LOAD ./CODE/hcar_key.o
LOAD ./CODE/hcar_motor.o
LOAD ./CODE/hcar_uart.o
LOAD ./CODE/hcar_wireless.o
LOAD ./CODE/middline.o
LOAD ./CODE/ostu.o
LOAD d:/mounriver/mounriver_studio/toolchain/risc-v embedded gcc/bin/../lib/gcc/riscv-none-embed/8.2.0/../../../../riscv-none-embed/lib/rv32imac/ilp32\libm.a
LOAD d:/mounriver/mounriver_studio/toolchain/risc-v embedded gcc/bin/../lib/gcc/riscv-none-embed/8.2.0/rv32imac/ilp32\libgcc.a
LOAD d:/mounriver/mounriver_studio/toolchain/risc-v embedded gcc/bin/../lib/gcc/riscv-none-embed/8.2.0/../../../../riscv-none-embed/lib/rv32imac/ilp32\libg_nano.a
LOAD d:/mounriver/mounriver_studio/toolchain/risc-v embedded gcc/bin/../lib/gcc/riscv-none-embed/8.2.0/../../../../riscv-none-embed/lib/rv32imac/ilp32\libc_nano.a
LOAD d:/mounriver/mounriver_studio/toolchain/risc-v embedded gcc/bin/../lib/gcc/riscv-none-embed/8.2.0/rv32imac/ilp32\libgcc.a
START GROUP
LOAD d:/mounriver/mounriver_studio/toolchain/risc-v embedded gcc/bin/../lib/gcc/riscv-none-embed/8.2.0/rv32imac/ilp32\libgcc.a
LOAD d:/mounriver/mounriver_studio/toolchain/risc-v embedded gcc/bin/../lib/gcc/riscv-none-embed/8.2.0/../../../../riscv-none-embed/lib/rv32imac/ilp32\libc_nano.a
LOAD d:/mounriver/mounriver_studio/toolchain/risc-v embedded gcc/bin/../lib/gcc/riscv-none-embed/8.2.0/../../../../riscv-none-embed/lib/rv32imac/ilp32\libnosys.a
END GROUP
START GROUP
LOAD d:/mounriver/mounriver_studio/toolchain/risc-v embedded gcc/bin/../lib/gcc/riscv-none-embed/8.2.0/rv32imac/ilp32\libgcc.a
LOAD d:/mounriver/mounriver_studio/toolchain/risc-v embedded gcc/bin/../lib/gcc/riscv-none-embed/8.2.0/../../../../riscv-none-embed/lib/rv32imac/ilp32\libc_nano.a
LOAD d:/mounriver/mounriver_studio/toolchain/risc-v embedded gcc/bin/../lib/gcc/riscv-none-embed/8.2.0/../../../../riscv-none-embed/lib/rv32imac/ilp32\libnosys.a
END GROUP
                0x0000000000000800                __stack_size = 0x800
                [!provide]                        PROVIDE (_stack_size = __stack_size)

.init           0x0000000000000000       0x38
                0x0000000000000000                _sinit = .
                0x0000000000000000                . = ALIGN (0x4)
 *(SORT_NONE(.init))
 .init          0x0000000000000000       0x38 ./Libraries/wch_libraries/Startup/startup_ch32v10x.o
                0x0000000000000000                _start
                0x0000000000000038                . = ALIGN (0x4)
                0x0000000000000038                _einit = .

.vector         0x0000000000000038      0x108
 *(.vector)
 .vector        0x0000000000000038       0xf0 ./Libraries/wch_libraries/Startup/startup_ch32v10x.o
                0x0000000000000140                . = ALIGN (0x40)
 *fill*         0x0000000000000128       0x18 

.text           0x0000000000000140     0x7950
                0x0000000000000140                . = ALIGN (0x4)
 *(.text)
 .text          0x0000000000000140       0xa8 d:/mounriver/mounriver_studio/toolchain/risc-v embedded gcc/bin/../lib/gcc/riscv-none-embed/8.2.0/../../../../riscv-none-embed/lib/rv32imac/ilp32\libg_nano.a(lib_a-memset.o)
                0x0000000000000140                memset
 *(.text.*)
 .text.EXTI0_IRQHandler
                0x00000000000001e8       0x84 ./USER/isr.o
                0x00000000000001e8                EXTI0_IRQHandler
 .text.EXTI1_IRQHandler
                0x000000000000026c       0x34 ./USER/isr.o
                0x000000000000026c                EXTI1_IRQHandler
 .text.EXTI2_IRQHandler
                0x00000000000002a0        0x8 ./USER/isr.o
                0x00000000000002a0                EXTI2_IRQHandler
 .text.EXTI3_IRQHandler
                0x00000000000002a8        0x4 ./USER/isr.o
                0x00000000000002a8                EXTI3_IRQHandler
 .text.EXTI4_IRQHandler
                0x00000000000002ac        0x4 ./USER/isr.o
                0x00000000000002ac                EXTI4_IRQHandler
 .text.EXTI9_5_IRQHandler
                0x00000000000002b0        0x4 ./USER/isr.o
                0x00000000000002b0                EXTI9_5_IRQHandler
 .text.EXTI15_10_IRQHandler
                0x00000000000002b4        0x4 ./USER/isr.o
                0x00000000000002b4                EXTI15_10_IRQHandler
 .text.ADC1_2_IRQHandler
                0x00000000000002b8        0x4 ./USER/isr.o
                0x00000000000002b8                ADC1_2_IRQHandler
 .text.TIM1_BRK_IRQHandler
                0x00000000000002bc       0x28 ./USER/isr.o
                0x00000000000002bc                TIM1_BRK_IRQHandler
 .text.TIM1_UP_IRQHandler
                0x00000000000002e4       0x24 ./USER/isr.o
                0x00000000000002e4                TIM1_UP_IRQHandler
 .text.TIM1_TRG_COM_IRQHandler
                0x0000000000000308       0x4c ./USER/isr.o
                0x0000000000000308                TIM1_TRG_COM_IRQHandler
 .text.TIM1_CC_IRQHandler
                0x0000000000000354       0x84 ./USER/isr.o
                0x0000000000000354                TIM1_CC_IRQHandler
 .text.TIM2_IRQHandler
                0x00000000000003d8       0x1c ./USER/isr.o
                0x00000000000003d8                TIM2_IRQHandler
 .text.TIM3_IRQHandler
                0x00000000000003f4       0x24 ./USER/isr.o
                0x00000000000003f4                TIM3_IRQHandler
 .text.TIM4_IRQHandler
                0x0000000000000418        0x4 ./USER/isr.o
                0x0000000000000418                TIM4_IRQHandler
 .text.USART1_IRQHandler
                0x000000000000041c        0x4 ./USER/isr.o
                0x000000000000041c                USART1_IRQHandler
 .text.USART2_IRQHandler
                0x0000000000000420       0x46 ./USER/isr.o
                0x0000000000000420                USART2_IRQHandler
 .text.USART3_IRQHandler
                0x0000000000000466       0x40 ./USER/isr.o
                0x0000000000000466                USART3_IRQHandler
 .text.DMA1_Channel4_IRQHandler
                0x00000000000004a6       0x32 ./USER/isr.o
                0x00000000000004a6                DMA1_Channel4_IRQHandler
 .text.NMI_Handler
                0x00000000000004d8        0x4 ./USER/isr.o
                0x00000000000004d8                NMI_Handler
 .text.HardFault_Handler
                0x00000000000004dc        0x2 ./USER/isr.o
                0x00000000000004dc                HardFault_Handler
 .text.main     0x00000000000004de       0x10 ./USER/main.o
                0x00000000000004de                main
 .text.handle_reset
                0x00000000000004ee       0x7e ./Libraries/wch_libraries/Startup/startup_ch32v10x.o
                0x00000000000004ee                handle_reset
 .text.ADC_DeInit
                0x000000000000056c       0x28 ./Libraries/wch_libraries/Peripheral/ch32v10x_adc.o
                0x000000000000056c                ADC_DeInit
 .text.ADC_Init
                0x0000000000000594       0x50 ./Libraries/wch_libraries/Peripheral/ch32v10x_adc.o
                0x0000000000000594                ADC_Init
 .text.ADC_Cmd  0x00000000000005e4       0x14 ./Libraries/wch_libraries/Peripheral/ch32v10x_adc.o
                0x00000000000005e4                ADC_Cmd
 .text.ADC_ResetCalibration
                0x00000000000005f8        0xa ./Libraries/wch_libraries/Peripheral/ch32v10x_adc.o
                0x00000000000005f8                ADC_ResetCalibration
 .text.ADC_GetResetCalibrationStatus
                0x0000000000000602        0x8 ./Libraries/wch_libraries/Peripheral/ch32v10x_adc.o
                0x0000000000000602                ADC_GetResetCalibrationStatus
 .text.ADC_StartCalibration
                0x000000000000060a        0xa ./Libraries/wch_libraries/Peripheral/ch32v10x_adc.o
                0x000000000000060a                ADC_StartCalibration
 .text.ADC_GetCalibrationStatus
                0x0000000000000614        0x8 ./Libraries/wch_libraries/Peripheral/ch32v10x_adc.o
                0x0000000000000614                ADC_GetCalibrationStatus
 .text.ADC_RegularChannelConfig
                0x000000000000061c       0xba ./Libraries/wch_libraries/Peripheral/ch32v10x_adc.o
                0x000000000000061c                ADC_RegularChannelConfig
 .text.DMA_DeInit
                0x00000000000006d6      0x174 ./Libraries/wch_libraries/Peripheral/ch32v10x_dma.o
                0x00000000000006d6                DMA_DeInit
 .text.DMA_Init
                0x000000000000084a       0x38 ./Libraries/wch_libraries/Peripheral/ch32v10x_dma.o
                0x000000000000084a                DMA_Init
 .text.DMA_Cmd  0x0000000000000882       0x18 ./Libraries/wch_libraries/Peripheral/ch32v10x_dma.o
                0x0000000000000882                DMA_Cmd
 .text.DMA_ITConfig
                0x000000000000089a       0x16 ./Libraries/wch_libraries/Peripheral/ch32v10x_dma.o
                0x000000000000089a                DMA_ITConfig
 .text.DMA_GetFlagStatus
                0x00000000000008b0       0x20 ./Libraries/wch_libraries/Peripheral/ch32v10x_dma.o
                0x00000000000008b0                DMA_GetFlagStatus
 .text.DMA_ClearFlag
                0x00000000000008d0       0x1a ./Libraries/wch_libraries/Peripheral/ch32v10x_dma.o
                0x00000000000008d0                DMA_ClearFlag
 .text.EXTI_Init
                0x00000000000008ea       0xa2 ./Libraries/wch_libraries/Peripheral/ch32v10x_exti.o
                0x00000000000008ea                EXTI_Init
 .text.EXTI_GetITStatus
                0x000000000000098c       0x1c ./Libraries/wch_libraries/Peripheral/ch32v10x_exti.o
                0x000000000000098c                EXTI_GetITStatus
 .text.EXTI_ClearITPendingBit
                0x00000000000009a8        0xa ./Libraries/wch_libraries/Peripheral/ch32v10x_exti.o
                0x00000000000009a8                EXTI_ClearITPendingBit
 .text.GPIO_Init
                0x00000000000009b2       0xca ./Libraries/wch_libraries/Peripheral/ch32v10x_gpio.o
                0x00000000000009b2                GPIO_Init
 .text.GPIO_WriteBit
                0x0000000000000a7c        0xa ./Libraries/wch_libraries/Peripheral/ch32v10x_gpio.o
                0x0000000000000a7c                GPIO_WriteBit
 .text.GPIO_PinRemapConfig
                0x0000000000000a86       0x9a ./Libraries/wch_libraries/Peripheral/ch32v10x_gpio.o
                0x0000000000000a86                GPIO_PinRemapConfig
 .text.GPIO_EXTILineConfig
                0x0000000000000b20       0x2c ./Libraries/wch_libraries/Peripheral/ch32v10x_gpio.o
                0x0000000000000b20                GPIO_EXTILineConfig
 .text.NVIC_Init
                0x0000000000000b4c       0xae ./Libraries/wch_libraries/Peripheral/ch32v10x_misc.o
                0x0000000000000b4c                NVIC_Init
 .text.RCC_ADCCLKConfig
                0x0000000000000bfa       0x12 ./Libraries/wch_libraries/Peripheral/ch32v10x_rcc.o
                0x0000000000000bfa                RCC_ADCCLKConfig
 .text.RCC_GetClocksFreq
                0x0000000000000c0c       0xf2 ./Libraries/wch_libraries/Peripheral/ch32v10x_rcc.o
                0x0000000000000c0c                RCC_GetClocksFreq
 .text.RCC_AHBPeriphClockCmd
                0x0000000000000cfe       0x1e ./Libraries/wch_libraries/Peripheral/ch32v10x_rcc.o
                0x0000000000000cfe                RCC_AHBPeriphClockCmd
 .text.RCC_APB2PeriphClockCmd
                0x0000000000000d1c       0x1e ./Libraries/wch_libraries/Peripheral/ch32v10x_rcc.o
                0x0000000000000d1c                RCC_APB2PeriphClockCmd
 .text.RCC_APB1PeriphClockCmd
                0x0000000000000d3a       0x1e ./Libraries/wch_libraries/Peripheral/ch32v10x_rcc.o
                0x0000000000000d3a                RCC_APB1PeriphClockCmd
 .text.RCC_APB2PeriphResetCmd
                0x0000000000000d58       0x1e ./Libraries/wch_libraries/Peripheral/ch32v10x_rcc.o
                0x0000000000000d58                RCC_APB2PeriphResetCmd
 .text.SPI_Init
                0x0000000000000d76       0x5a ./Libraries/wch_libraries/Peripheral/ch32v10x_spi.o
                0x0000000000000d76                SPI_Init
 .text.SPI_Cmd  0x0000000000000dd0       0x26 ./Libraries/wch_libraries/Peripheral/ch32v10x_spi.o
                0x0000000000000dd0                SPI_Cmd
 .text.TIM_TimeBaseInit
                0x0000000000000df6       0xb6 ./Libraries/wch_libraries/Peripheral/ch32v10x_tim.o
                0x0000000000000df6                TIM_TimeBaseInit
 .text.TIM_OC1Init
                0x0000000000000eac       0x8a ./Libraries/wch_libraries/Peripheral/ch32v10x_tim.o
                0x0000000000000eac                TIM_OC1Init
 .text.TIM_OC2Init
                0x0000000000000f36       0xb2 ./Libraries/wch_libraries/Peripheral/ch32v10x_tim.o
                0x0000000000000f36                TIM_OC2Init
 .text.TIM_OC3Init
                0x0000000000000fe8       0xb0 ./Libraries/wch_libraries/Peripheral/ch32v10x_tim.o
                0x0000000000000fe8                TIM_OC3Init
 .text.TIM_OC4Init
                0x0000000000001098       0x84 ./Libraries/wch_libraries/Peripheral/ch32v10x_tim.o
                0x0000000000001098                TIM_OC4Init
 .text.TIM_TimeBaseStructInit
                0x000000000000111c       0x18 ./Libraries/wch_libraries/Peripheral/ch32v10x_tim.o
                0x000000000000111c                TIM_TimeBaseStructInit
 .text.TIM_Cmd  0x0000000000001134       0x24 ./Libraries/wch_libraries/Peripheral/ch32v10x_tim.o
                0x0000000000001134                TIM_Cmd
 .text.TIM_CtrlPWMOutputs
                0x0000000000001158       0x1e ./Libraries/wch_libraries/Peripheral/ch32v10x_tim.o
                0x0000000000001158                TIM_CtrlPWMOutputs
 .text.TIM_DMACmd
                0x0000000000001176       0x1e ./Libraries/wch_libraries/Peripheral/ch32v10x_tim.o
                0x0000000000001176                TIM_DMACmd
 .text.TIM_ETRConfig
                0x0000000000001194       0x1a ./Libraries/wch_libraries/Peripheral/ch32v10x_tim.o
                0x0000000000001194                TIM_ETRConfig
 .text.TIM_ETRClockMode1Config
                0x00000000000011ae       0x1e ./Libraries/wch_libraries/Peripheral/ch32v10x_tim.o
                0x00000000000011ae                TIM_ETRClockMode1Config
 .text.TIM_SelectInputTrigger
                0x00000000000011cc       0x14 ./Libraries/wch_libraries/Peripheral/ch32v10x_tim.o
                0x00000000000011cc                TIM_SelectInputTrigger
 .text.TIM_EncoderInterfaceConfig
                0x00000000000011e0       0x46 ./Libraries/wch_libraries/Peripheral/ch32v10x_tim.o
                0x00000000000011e0                TIM_EncoderInterfaceConfig
 .text.TIM_OC1PreloadConfig
                0x0000000000001226       0x12 ./Libraries/wch_libraries/Peripheral/ch32v10x_tim.o
                0x0000000000001226                TIM_OC1PreloadConfig
 .text.TIM_OC2PreloadConfig
                0x0000000000001238       0x1a ./Libraries/wch_libraries/Peripheral/ch32v10x_tim.o
                0x0000000000001238                TIM_OC2PreloadConfig
 .text.TIM_OC3PreloadConfig
                0x0000000000001252       0x12 ./Libraries/wch_libraries/Peripheral/ch32v10x_tim.o
                0x0000000000001252                TIM_OC3PreloadConfig
 .text.TIM_OC4PreloadConfig
                0x0000000000001264       0x1a ./Libraries/wch_libraries/Peripheral/ch32v10x_tim.o
                0x0000000000001264                TIM_OC4PreloadConfig
 .text.TIM_OC1FastConfig
                0x000000000000127e       0x12 ./Libraries/wch_libraries/Peripheral/ch32v10x_tim.o
                0x000000000000127e                TIM_OC1FastConfig
 .text.TIM_OC2FastConfig
                0x0000000000001290       0x1a ./Libraries/wch_libraries/Peripheral/ch32v10x_tim.o
                0x0000000000001290                TIM_OC2FastConfig
 .text.TIM_OC3FastConfig
                0x00000000000012aa       0x12 ./Libraries/wch_libraries/Peripheral/ch32v10x_tim.o
                0x00000000000012aa                TIM_OC3FastConfig
 .text.TIM_OC4FastConfig
                0x00000000000012bc       0x1a ./Libraries/wch_libraries/Peripheral/ch32v10x_tim.o
                0x00000000000012bc                TIM_OC4FastConfig
 .text.TIM_SelectSlaveMode
                0x00000000000012d6       0x1e ./Libraries/wch_libraries/Peripheral/ch32v10x_tim.o
                0x00000000000012d6                TIM_SelectSlaveMode
 .text.TIM_SelectMasterSlaveMode
                0x00000000000012f4       0x20 ./Libraries/wch_libraries/Peripheral/ch32v10x_tim.o
                0x00000000000012f4                TIM_SelectMasterSlaveMode
 .text.TIM_GetITStatus
                0x0000000000001314       0x1c ./Libraries/wch_libraries/Peripheral/ch32v10x_tim.o
                0x0000000000001314                TIM_GetITStatus
 .text.TIM_ClearITPendingBit
                0x0000000000001330        0xe ./Libraries/wch_libraries/Peripheral/ch32v10x_tim.o
                0x0000000000001330                TIM_ClearITPendingBit
 .text.USART_Init
                0x000000000000133e       0xf8 ./Libraries/wch_libraries/Peripheral/ch32v10x_usart.o
                0x000000000000133e                USART_Init
 .text.USART_Cmd
                0x0000000000001436       0x20 ./Libraries/wch_libraries/Peripheral/ch32v10x_usart.o
                0x0000000000001436                USART_Cmd
 .text.USART_ITConfig
                0x0000000000001456       0x3c ./Libraries/wch_libraries/Peripheral/ch32v10x_usart.o
                0x0000000000001456                USART_ITConfig
 .text.USART_SendData
                0x0000000000001492        0xa ./Libraries/wch_libraries/Peripheral/ch32v10x_usart.o
                0x0000000000001492                USART_SendData
 .text.USART_ReceiveData
                0x000000000000149c        0xa ./Libraries/wch_libraries/Peripheral/ch32v10x_usart.o
                0x000000000000149c                USART_ReceiveData
 .text.USART_GetFlagStatus
                0x00000000000014a6        0xc ./Libraries/wch_libraries/Peripheral/ch32v10x_usart.o
                0x00000000000014a6                USART_GetFlagStatus
 .text.USART_GetITStatus
                0x00000000000014b2       0x4c ./Libraries/wch_libraries/Peripheral/ch32v10x_usart.o
                0x00000000000014b2                USART_GetITStatus
 .text.USART_ClearITPendingBit
                0x00000000000014fe       0x16 ./Libraries/wch_libraries/Peripheral/ch32v10x_usart.o
                0x00000000000014fe                USART_ClearITPendingBit
 .text.lcd_writeIndex
                0x0000000000001514       0x34 ./Libraries/seekfree_peripheral/SEEKFREE_18TFT.o
                0x0000000000001514                lcd_writeIndex
 .text.lcd_writeData
                0x0000000000001548       0x34 ./Libraries/seekfree_peripheral/SEEKFREE_18TFT.o
                0x0000000000001548                lcd_writeData
 .text.lcd_writedata_16bit
                0x000000000000157c       0x3a ./Libraries/seekfree_peripheral/SEEKFREE_18TFT.o
                0x000000000000157c                lcd_writedata_16bit
 .text.lcd_set_region
                0x00000000000015b6      0x104 ./Libraries/seekfree_peripheral/SEEKFREE_18TFT.o
                0x00000000000015b6                lcd_set_region
 .text.lcd_clear
                0x00000000000016ba       0x4a ./Libraries/seekfree_peripheral/SEEKFREE_18TFT.o
                0x00000000000016ba                lcd_clear
 .text.lcd_init
                0x0000000000001704      0x286 ./Libraries/seekfree_peripheral/SEEKFREE_18TFT.o
                0x0000000000001704                lcd_init
 .text.lcd_showchar
                0x000000000000198a       0x96 ./Libraries/seekfree_peripheral/SEEKFREE_18TFT.o
                0x000000000000198a                lcd_showchar
 .text.lcd_showstr
                0x0000000000001a20       0x4c ./Libraries/seekfree_peripheral/SEEKFREE_18TFT.o
                0x0000000000001a20                lcd_showstr
 .text.lcd_showint8
                0x0000000000001a6c       0xa2 ./Libraries/seekfree_peripheral/SEEKFREE_18TFT.o
                0x0000000000001a6c                lcd_showint8
 .text.lcd_showint16
                0x0000000000001b0e       0xbc ./Libraries/seekfree_peripheral/SEEKFREE_18TFT.o
                0x0000000000001b0e                lcd_showint16
 .text.mt9v03x_uart_callback
                0x0000000000001bca       0x50 ./Libraries/seekfree_peripheral/SEEKFREE_MT9V03X.o
                0x0000000000001bca                mt9v03x_uart_callback
 .text.set_config
                0x0000000000001c1a       0xa2 ./Libraries/seekfree_peripheral/SEEKFREE_MT9V03X.o
                0x0000000000001c1a                set_config
 .text.get_config
                0x0000000000001cbc       0x90 ./Libraries/seekfree_peripheral/SEEKFREE_MT9V03X.o
                0x0000000000001cbc                get_config
 .text.mt9v03x_vsync_init
                0x0000000000001d4c       0x22 ./Libraries/seekfree_peripheral/SEEKFREE_MT9V03X.o
                0x0000000000001d4c                mt9v03x_vsync_init
 .text.mt9v03x_tim1_etr_init
                0x0000000000001d6e       0x10 ./Libraries/seekfree_peripheral/SEEKFREE_MT9V03X.o
                0x0000000000001d6e                mt9v03x_tim1_etr_init
 .text.mt9v03x_dma_init
                0x0000000000001d7e       0x50 ./Libraries/seekfree_peripheral/SEEKFREE_MT9V03X.o
                0x0000000000001d7e                mt9v03x_dma_init
 .text.mt9v03x_init
                0x0000000000001dce       0x80 ./Libraries/seekfree_peripheral/SEEKFREE_MT9V03X.o
                0x0000000000001dce                mt9v03x_init
 .text.mt9v03x_vsync
                0x0000000000001e4e       0x16 ./Libraries/seekfree_peripheral/SEEKFREE_MT9V03X.o
                0x0000000000001e4e                mt9v03x_vsync
 .text.mt9v03x_dma
                0x0000000000001e64       0x16 ./Libraries/seekfree_peripheral/SEEKFREE_MT9V03X.o
                0x0000000000001e64                mt9v03x_dma
 .text.ov7725_cof_uart_interrupt
                0x0000000000001e7a       0x50 ./Libraries/seekfree_peripheral/SEEKFREE_UART_7725.o
                0x0000000000001e7a                ov7725_cof_uart_interrupt
 .text.ov7725_uart_vsync
                0x0000000000001eca       0x16 ./Libraries/seekfree_peripheral/SEEKFREE_UART_7725.o
                0x0000000000001eca                ov7725_uart_vsync
 .text.ov7725_uart_dma
                0x0000000000001ee0       0x16 ./Libraries/seekfree_peripheral/SEEKFREE_UART_7725.o
                0x0000000000001ee0                ov7725_uart_dma
 .text.adc_gpio_init
                0x0000000000001ef6      0x132 ./Libraries/seekfree_libraries/zf_adc.o
                0x0000000000001ef6                adc_gpio_init
 .text.adc_init
                0x0000000000002028       0xa0 ./Libraries/seekfree_libraries/zf_adc.o
                0x0000000000002028                adc_init
 .text.adc_convert
                0x00000000000020c8       0x52 ./Libraries/seekfree_libraries/zf_adc.o
                0x00000000000020c8                adc_convert
 .text.adc_mean_filter
                0x000000000000211a       0x62 ./Libraries/seekfree_libraries/zf_adc.o
                0x000000000000211a                adc_mean_filter
 .text.camera_dma_init
                0x000000000000217c       0xfc ./Libraries/seekfree_libraries/zf_camera.o
                0x000000000000217c                camera_dma_init
 .text.camera_tim_etr_init
                0x0000000000002278       0xcc ./Libraries/seekfree_libraries/zf_camera.o
                0x0000000000002278                camera_tim_etr_init
 .text.gpio_init
                0x0000000000002344      0x112 ./Libraries/seekfree_libraries/zf_gpio.o
                0x0000000000002344                gpio_init
 .text.gpio_set
                0x0000000000002456       0x3a ./Libraries/seekfree_libraries/zf_gpio.o
                0x0000000000002456                gpio_set
 .text.gpio_interrupt_init
                0x0000000000002490       0x52 ./Libraries/seekfree_libraries/zf_gpio.o
                0x0000000000002490                gpio_interrupt_init
 .text.close_all_irq
                0x00000000000024e2       0x10 ./Libraries/seekfree_libraries/zf_nvic.o
                0x00000000000024e2                close_all_irq
 .text.nvic_init
                0x00000000000024f2       0x54 ./Libraries/seekfree_libraries/zf_nvic.o
                0x00000000000024f2                nvic_init
 .text.sys_recover_irq
                0x0000000000002546       0x1c ./Libraries/seekfree_libraries/zf_nvic.o
                0x0000000000002546                sys_recover_irq
 .text.DisableGlobalIRQ
                0x0000000000002562       0x2c ./Libraries/seekfree_libraries/zf_nvic.o
                0x0000000000002562                DisableGlobalIRQ
 .text.EnableGlobalIRQ
                0x000000000000258e       0x18 ./Libraries/seekfree_libraries/zf_nvic.o
                0x000000000000258e                EnableGlobalIRQ
 .text.pwm_gpio_init
                0x00000000000025a6      0x29a ./Libraries/seekfree_libraries/zf_pwm.o
                0x00000000000025a6                pwm_gpio_init
 .text.pwm_init
                0x0000000000002840      0x206 ./Libraries/seekfree_libraries/zf_pwm.o
                0x0000000000002840                pwm_init
 .text.pwm_duty
                0x0000000000002a46       0x90 ./Libraries/seekfree_libraries/zf_pwm.o
                0x0000000000002a46                pwm_duty
 .text.timer_gpio_quad_init
                0x0000000000002ad6      0x130 ./Libraries/seekfree_libraries/zf_qtimer.o
                0x0000000000002ad6                timer_gpio_quad_init
 .text.timer_quad_init
                0x0000000000002c06      0x106 ./Libraries/seekfree_libraries/zf_qtimer.o
                0x0000000000002c06                timer_quad_init
 .text.timer_quad_get
                0x0000000000002d0c       0x16 ./Libraries/seekfree_libraries/zf_qtimer.o
                0x0000000000002d0c                timer_quad_get
 .text.timer_quad_clear
                0x0000000000002d22       0x12 ./Libraries/seekfree_libraries/zf_qtimer.o
                0x0000000000002d22                timer_quad_clear
 .text.spi_gpio_init
                0x0000000000002d34      0x15c ./Libraries/seekfree_libraries/zf_spi.o
                0x0000000000002d34                spi_gpio_init
 .text.spi_init
                0x0000000000002e90       0xfc ./Libraries/seekfree_libraries/zf_spi.o
                0x0000000000002e90                spi_init
 .text.spi_mosi
                0x0000000000002f8c       0x3a ./Libraries/seekfree_libraries/zf_spi.o
                0x0000000000002f8c                spi_mosi
 .text.systick_delay
                0x0000000000002fc6       0x3e ./Libraries/seekfree_libraries/zf_systick.o
                0x0000000000002fc6                systick_delay
 .text.uart_gpio_init
                0x0000000000003004       0xc6 ./Libraries/seekfree_libraries/zf_uart.o
                0x0000000000003004                uart_gpio_init
 .text.uart_init
                0x00000000000030ca       0xca ./Libraries/seekfree_libraries/zf_uart.o
                0x00000000000030ca                uart_init
 .text.uart_putchar
                0x0000000000003194       0x20 ./Libraries/seekfree_libraries/zf_uart.o
                0x0000000000003194                uart_putchar
 .text.uart_putbuff
                0x00000000000031b4       0x32 ./Libraries/seekfree_libraries/zf_uart.o
                0x00000000000031b4                uart_putbuff
 .text.uart_rx_irq
                0x00000000000031e6       0x3c ./Libraries/seekfree_libraries/zf_uart.o
                0x00000000000031e6                uart_rx_irq
 .text.board_init
                0x0000000000003222       0x3e ./Libraries/board/board.o
                0x0000000000003222                board_init
 .text._write   0x0000000000003260       0x4e ./Libraries/board/board.o
                0x0000000000003260                _write
 .text.SystemInit
                0x00000000000032ae      0x10c ./Libraries/board/clock_config.o
                0x00000000000032ae                SystemInit
 .text.get_cut_array
                0x00000000000033ba       0xd2 ./CODE/cut.o
                0x00000000000033ba                get_cut_array
 .text.cut_image_to_img
                0x000000000000348c       0x5e ./CODE/cut.o
                0x000000000000348c                cut_image_to_img
 .text.hcar_adc_init
                0x00000000000034ea       0x22 ./CODE/hcar_adc.o
                0x00000000000034ea                hcar_adc_init
 .text.hcar_adc_get
                0x000000000000350c       0x42 ./CODE/hcar_adc.o
                0x000000000000350c                hcar_adc_get
 .text.hcar_stop
                0x000000000000354e       0x24 ./CODE/hcar_adc.o
                0x000000000000354e                hcar_stop
 .text.hcar_gogogo
                0x0000000000003572      0x1c8 ./CODE/hcar_gogogo.o
                0x0000000000003572                hcar_gogogo
 .text.hcar_init
                0x000000000000373a       0x3a ./CODE/hcar_init.o
                0x000000000000373a                hcar_init
 .text.hcar_key_init
                0x0000000000003774       0x3a ./CODE/hcar_key.o
                0x0000000000003774                hcar_key_init
 .text.hcar_motor_init
                0x00000000000037ae       0x86 ./CODE/hcar_motor.o
                0x00000000000037ae                hcar_motor_init
 .text.hcar_motor_control
                0x0000000000003834       0xfe ./CODE/hcar_motor.o
                0x0000000000003834                hcar_motor_control
 .text.hcar_speed_control
                0x0000000000003932      0x58e ./CODE/hcar_motor.o
                0x0000000000003932                hcar_speed_control
 .text.get_slave_data
                0x0000000000003ec0       0x74 ./CODE/hcar_uart.o
                0x0000000000003ec0                get_slave_data
 .text.data_analysis
                0x0000000000003f34       0x68 ./CODE/hcar_uart.o
                0x0000000000003f34                data_analysis
 .text.edge_clean_2
                0x0000000000003f9c       0x2a ./CODE/middline.o
                0x0000000000003f9c                edge_clean_2
 .text.set_middline_black
                0x0000000000003fc6      0x2f2 ./CODE/middline.o
                0x0000000000003fc6                set_middline_black
 .text.initialize_variables
                0x00000000000042b8       0x5a ./CODE/middline.o
                0x00000000000042b8                initialize_variables
 .text.wipe_out
                0x0000000000004312       0x3c ./CODE/middline.o
                0x0000000000004312                wipe_out
 .text.get_new_edge
                0x000000000000434e      0x424 ./CODE/middline.o
                0x000000000000434e                get_new_edge
 .text.road_seek
                0x0000000000004772      0x134 ./CODE/middline.o
                0x0000000000004772                road_seek
 .text.get_ostu_thres
                0x00000000000048a6      0x4be ./CODE/ostu.o
                0x00000000000048a6                get_ostu_thres
 .text.binary_img
                0x0000000000004d64       0x44 ./CODE/ostu.o
                0x0000000000004d64                binary_img
 .text.__addsf3
                0x0000000000004da8      0x36a d:/mounriver/mounriver_studio/toolchain/risc-v embedded gcc/bin/../lib/gcc/riscv-none-embed/8.2.0/rv32imac/ilp32\libgcc.a(addsf3.o)
                0x0000000000004da8                __addsf3
 .text.__divsf3
                0x0000000000005112      0x2b2 d:/mounriver/mounriver_studio/toolchain/risc-v embedded gcc/bin/../lib/gcc/riscv-none-embed/8.2.0/rv32imac/ilp32\libgcc.a(divsf3.o)
                0x0000000000005112                __divsf3
 .text.__gesf2  0x00000000000053c4       0x86 d:/mounriver/mounriver_studio/toolchain/risc-v embedded gcc/bin/../lib/gcc/riscv-none-embed/8.2.0/rv32imac/ilp32\libgcc.a(gesf2.o)
                0x00000000000053c4                __gesf2
                0x00000000000053c4                __gtsf2
 .text.__lesf2  0x000000000000544a       0x8c d:/mounriver/mounriver_studio/toolchain/risc-v embedded gcc/bin/../lib/gcc/riscv-none-embed/8.2.0/rv32imac/ilp32\libgcc.a(lesf2.o)
                0x000000000000544a                __ltsf2
                0x000000000000544a                __lesf2
 .text.__mulsf3
                0x00000000000054d6      0x290 d:/mounriver/mounriver_studio/toolchain/risc-v embedded gcc/bin/../lib/gcc/riscv-none-embed/8.2.0/rv32imac/ilp32\libgcc.a(mulsf3.o)
                0x00000000000054d6                __mulsf3
 .text.__subsf3
                0x0000000000005766      0x388 d:/mounriver/mounriver_studio/toolchain/risc-v embedded gcc/bin/../lib/gcc/riscv-none-embed/8.2.0/rv32imac/ilp32\libgcc.a(subsf3.o)
                0x0000000000005766                __subsf3
 .text.__fixsfsi
                0x0000000000005aee       0x62 d:/mounriver/mounriver_studio/toolchain/risc-v embedded gcc/bin/../lib/gcc/riscv-none-embed/8.2.0/rv32imac/ilp32\libgcc.a(fixsfsi.o)
                0x0000000000005aee                __fixsfsi
 .text.__fixunssfsi
                0x0000000000005b50       0x56 d:/mounriver/mounriver_studio/toolchain/risc-v embedded gcc/bin/../lib/gcc/riscv-none-embed/8.2.0/rv32imac/ilp32\libgcc.a(fixunssfsi.o)
                0x0000000000005b50                __fixunssfsi
 .text.__floatsisf
                0x0000000000005ba6       0xc6 d:/mounriver/mounriver_studio/toolchain/risc-v embedded gcc/bin/../lib/gcc/riscv-none-embed/8.2.0/rv32imac/ilp32\libgcc.a(floatsisf.o)
                0x0000000000005ba6                __floatsisf
 .text.__floatunsisf
                0x0000000000005c6c       0xce d:/mounriver/mounriver_studio/toolchain/risc-v embedded gcc/bin/../lib/gcc/riscv-none-embed/8.2.0/rv32imac/ilp32\libgcc.a(floatunsisf.o)
                0x0000000000005c6c                __floatunsisf
 .text.__clzsi2
                0x0000000000005d3a       0x76 d:/mounriver/mounriver_studio/toolchain/risc-v embedded gcc/bin/../lib/gcc/riscv-none-embed/8.2.0/rv32imac/ilp32\libgcc.a(_clzsi2.o)
                0x0000000000005d3a                __clzsi2
 .text.__assert_func
                0x0000000000005db0       0x3a d:/mounriver/mounriver_studio/toolchain/risc-v embedded gcc/bin/../lib/gcc/riscv-none-embed/8.2.0/../../../../riscv-none-embed/lib/rv32imac/ilp32\libg_nano.a(lib_a-assert.o)
                0x0000000000005db0                __assert_func
 .text.fprintf  0x0000000000005dea       0x26 d:/mounriver/mounriver_studio/toolchain/risc-v embedded gcc/bin/../lib/gcc/riscv-none-embed/8.2.0/../../../../riscv-none-embed/lib/rv32imac/ilp32\libg_nano.a(lib_a-fprintf.o)
                0x0000000000005dea                fiprintf
                0x0000000000005dea                fprintf
 .text.__sfputc_r
                0x0000000000005e10       0x28 d:/mounriver/mounriver_studio/toolchain/risc-v embedded gcc/bin/../lib/gcc/riscv-none-embed/8.2.0/../../../../riscv-none-embed/lib/rv32imac/ilp32\libg_nano.a(lib_a-nano-vfprintf.o)
 .text.__sfputs_r
                0x0000000000005e38       0x44 d:/mounriver/mounriver_studio/toolchain/risc-v embedded gcc/bin/../lib/gcc/riscv-none-embed/8.2.0/../../../../riscv-none-embed/lib/rv32imac/ilp32\libg_nano.a(lib_a-nano-vfprintf.o)
                0x0000000000005e38                __sfputs_r
 .text._vfprintf_r
                0x0000000000005e7c      0x2a0 d:/mounriver/mounriver_studio/toolchain/risc-v embedded gcc/bin/../lib/gcc/riscv-none-embed/8.2.0/../../../../riscv-none-embed/lib/rv32imac/ilp32\libg_nano.a(lib_a-nano-vfprintf.o)
                0x0000000000005e7c                _vfprintf_r
                0x0000000000005e7c                _vfiprintf_r
 .text._printf_common
                0x000000000000611c      0x10c d:/mounriver/mounriver_studio/toolchain/risc-v embedded gcc/bin/../lib/gcc/riscv-none-embed/8.2.0/../../../../riscv-none-embed/lib/rv32imac/ilp32\libg_nano.a(lib_a-nano-vfprintf_i.o)
                0x000000000000611c                _printf_common
 .text._printf_i
                0x0000000000006228      0x2a4 d:/mounriver/mounriver_studio/toolchain/risc-v embedded gcc/bin/../lib/gcc/riscv-none-embed/8.2.0/../../../../riscv-none-embed/lib/rv32imac/ilp32\libg_nano.a(lib_a-nano-vfprintf_i.o)
                0x0000000000006228                _printf_i
 .text.__swbuf_r
                0x00000000000064cc       0xc0 d:/mounriver/mounriver_studio/toolchain/risc-v embedded gcc/bin/../lib/gcc/riscv-none-embed/8.2.0/../../../../riscv-none-embed/lib/rv32imac/ilp32\libg_nano.a(lib_a-wbuf.o)
                0x00000000000064cc                __swbuf_r
 .text.__swsetup_r
                0x000000000000658c      0x10c d:/mounriver/mounriver_studio/toolchain/risc-v embedded gcc/bin/../lib/gcc/riscv-none-embed/8.2.0/../../../../riscv-none-embed/lib/rv32imac/ilp32\libg_nano.a(lib_a-wsetup.o)
                0x000000000000658c                __swsetup_r
 .text.abort    0x0000000000006698        0xe d:/mounriver/mounriver_studio/toolchain/risc-v embedded gcc/bin/../lib/gcc/riscv-none-embed/8.2.0/../../../../riscv-none-embed/lib/rv32imac/ilp32\libg_nano.a(lib_a-abort.o)
                0x0000000000006698                abort
 .text.__sflush_r
                0x00000000000066a6      0x13c d:/mounriver/mounriver_studio/toolchain/risc-v embedded gcc/bin/../lib/gcc/riscv-none-embed/8.2.0/../../../../riscv-none-embed/lib/rv32imac/ilp32\libg_nano.a(lib_a-fflush.o)
                0x00000000000066a6                __sflush_r
 .text._fflush_r
                0x00000000000067e2       0x66 d:/mounriver/mounriver_studio/toolchain/risc-v embedded gcc/bin/../lib/gcc/riscv-none-embed/8.2.0/../../../../riscv-none-embed/lib/rv32imac/ilp32\libg_nano.a(lib_a-fflush.o)
                0x00000000000067e2                _fflush_r
 .text.std      0x0000000000006848       0x6a d:/mounriver/mounriver_studio/toolchain/risc-v embedded gcc/bin/../lib/gcc/riscv-none-embed/8.2.0/../../../../riscv-none-embed/lib/rv32imac/ilp32\libg_nano.a(lib_a-findfp.o)
 .text._cleanup_r
                0x00000000000068b2        0xa d:/mounriver/mounriver_studio/toolchain/risc-v embedded gcc/bin/../lib/gcc/riscv-none-embed/8.2.0/../../../../riscv-none-embed/lib/rv32imac/ilp32\libg_nano.a(lib_a-findfp.o)
                0x00000000000068b2                _cleanup_r
 .text.__sfmoreglue
                0x00000000000068bc       0x46 d:/mounriver/mounriver_studio/toolchain/risc-v embedded gcc/bin/../lib/gcc/riscv-none-embed/8.2.0/../../../../riscv-none-embed/lib/rv32imac/ilp32\libg_nano.a(lib_a-findfp.o)
                0x00000000000068bc                __sfmoreglue
 .text.__sinit  0x0000000000006902       0x6c d:/mounriver/mounriver_studio/toolchain/risc-v embedded gcc/bin/../lib/gcc/riscv-none-embed/8.2.0/../../../../riscv-none-embed/lib/rv32imac/ilp32\libg_nano.a(lib_a-findfp.o)
                0x0000000000006902                __sinit
 .text.__sfp    0x000000000000696e       0xa0 d:/mounriver/mounriver_studio/toolchain/risc-v embedded gcc/bin/../lib/gcc/riscv-none-embed/8.2.0/../../../../riscv-none-embed/lib/rv32imac/ilp32\libg_nano.a(lib_a-findfp.o)
                0x000000000000696e                __sfp
 .text._fwalk_reent
                0x0000000000006a0e       0x6c d:/mounriver/mounriver_studio/toolchain/risc-v embedded gcc/bin/../lib/gcc/riscv-none-embed/8.2.0/../../../../riscv-none-embed/lib/rv32imac/ilp32\libg_nano.a(lib_a-fwalk.o)
                0x0000000000006a0e                _fwalk_reent
 .text.__swhatbuf_r
                0x0000000000006a7a       0x58 d:/mounriver/mounriver_studio/toolchain/risc-v embedded gcc/bin/../lib/gcc/riscv-none-embed/8.2.0/../../../../riscv-none-embed/lib/rv32imac/ilp32\libg_nano.a(lib_a-makebuf.o)
                0x0000000000006a7a                __swhatbuf_r
 .text.__smakebuf_r
                0x0000000000006ad2       0x9e d:/mounriver/mounriver_studio/toolchain/risc-v embedded gcc/bin/../lib/gcc/riscv-none-embed/8.2.0/../../../../riscv-none-embed/lib/rv32imac/ilp32\libg_nano.a(lib_a-makebuf.o)
                0x0000000000006ad2                __smakebuf_r
 .text.memchr   0x0000000000006b70       0x1a d:/mounriver/mounriver_studio/toolchain/risc-v embedded gcc/bin/../lib/gcc/riscv-none-embed/8.2.0/../../../../riscv-none-embed/lib/rv32imac/ilp32\libg_nano.a(lib_a-memchr.o)
                0x0000000000006b70                memchr
 .text._free_r  0x0000000000006b8a       0xa4 d:/mounriver/mounriver_studio/toolchain/risc-v embedded gcc/bin/../lib/gcc/riscv-none-embed/8.2.0/../../../../riscv-none-embed/lib/rv32imac/ilp32\libg_nano.a(lib_a-nano-freer.o)
                0x0000000000006b8a                _free_r
 .text._malloc_r
                0x0000000000006c2e       0xce d:/mounriver/mounriver_studio/toolchain/risc-v embedded gcc/bin/../lib/gcc/riscv-none-embed/8.2.0/../../../../riscv-none-embed/lib/rv32imac/ilp32\libg_nano.a(lib_a-nano-mallocr.o)
                0x0000000000006c2e                _malloc_r
 .text._sbrk_r  0x0000000000006cfc       0x30 d:/mounriver/mounriver_studio/toolchain/risc-v embedded gcc/bin/../lib/gcc/riscv-none-embed/8.2.0/../../../../riscv-none-embed/lib/rv32imac/ilp32\libg_nano.a(lib_a-sbrkr.o)
                0x0000000000006cfc                _sbrk_r
 .text._raise_r
                0x0000000000006d2c       0x62 d:/mounriver/mounriver_studio/toolchain/risc-v embedded gcc/bin/../lib/gcc/riscv-none-embed/8.2.0/../../../../riscv-none-embed/lib/rv32imac/ilp32\libg_nano.a(lib_a-signal.o)
                0x0000000000006d2c                _raise_r
 .text.raise    0x0000000000006d8e        0xc d:/mounriver/mounriver_studio/toolchain/risc-v embedded gcc/bin/../lib/gcc/riscv-none-embed/8.2.0/../../../../riscv-none-embed/lib/rv32imac/ilp32\libg_nano.a(lib_a-signal.o)
                0x0000000000006d8e                raise
 .text._kill_r  0x0000000000006d9a       0x32 d:/mounriver/mounriver_studio/toolchain/risc-v embedded gcc/bin/../lib/gcc/riscv-none-embed/8.2.0/../../../../riscv-none-embed/lib/rv32imac/ilp32\libg_nano.a(lib_a-signalr.o)
                0x0000000000006d9a                _kill_r
 .text._getpid_r
                0x0000000000006dcc        0x2 d:/mounriver/mounriver_studio/toolchain/risc-v embedded gcc/bin/../lib/gcc/riscv-none-embed/8.2.0/../../../../riscv-none-embed/lib/rv32imac/ilp32\libg_nano.a(lib_a-signalr.o)
                0x0000000000006dcc                _getpid_r
 .text.__sread  0x0000000000006dce       0x30 d:/mounriver/mounriver_studio/toolchain/risc-v embedded gcc/bin/../lib/gcc/riscv-none-embed/8.2.0/../../../../riscv-none-embed/lib/rv32imac/ilp32\libg_nano.a(lib_a-stdio.o)
                0x0000000000006dce                __sread
 .text.__swrite
                0x0000000000006dfe       0x4e d:/mounriver/mounriver_studio/toolchain/risc-v embedded gcc/bin/../lib/gcc/riscv-none-embed/8.2.0/../../../../riscv-none-embed/lib/rv32imac/ilp32\libg_nano.a(lib_a-stdio.o)
                0x0000000000006dfe                __swrite
 .text.__sseek  0x0000000000006e4c       0x36 d:/mounriver/mounriver_studio/toolchain/risc-v embedded gcc/bin/../lib/gcc/riscv-none-embed/8.2.0/../../../../riscv-none-embed/lib/rv32imac/ilp32\libg_nano.a(lib_a-stdio.o)
                0x0000000000006e4c                __sseek
 .text.__sclose
                0x0000000000006e82        0x6 d:/mounriver/mounriver_studio/toolchain/risc-v embedded gcc/bin/../lib/gcc/riscv-none-embed/8.2.0/../../../../riscv-none-embed/lib/rv32imac/ilp32\libg_nano.a(lib_a-stdio.o)
                0x0000000000006e82                __sclose
 .text._write_r
                0x0000000000006e88       0x36 d:/mounriver/mounriver_studio/toolchain/risc-v embedded gcc/bin/../lib/gcc/riscv-none-embed/8.2.0/../../../../riscv-none-embed/lib/rv32imac/ilp32\libg_nano.a(lib_a-writer.o)
                0x0000000000006e88                _write_r
 .text._close_r
                0x0000000000006ebe       0x30 d:/mounriver/mounriver_studio/toolchain/risc-v embedded gcc/bin/../lib/gcc/riscv-none-embed/8.2.0/../../../../riscv-none-embed/lib/rv32imac/ilp32\libg_nano.a(lib_a-closer.o)
                0x0000000000006ebe                _close_r
 .text._fstat_r
                0x0000000000006eee       0x32 d:/mounriver/mounriver_studio/toolchain/risc-v embedded gcc/bin/../lib/gcc/riscv-none-embed/8.2.0/../../../../riscv-none-embed/lib/rv32imac/ilp32\libg_nano.a(lib_a-fstatr.o)
                0x0000000000006eee                _fstat_r
 .text._isatty_r
                0x0000000000006f20       0x30 d:/mounriver/mounriver_studio/toolchain/risc-v embedded gcc/bin/../lib/gcc/riscv-none-embed/8.2.0/../../../../riscv-none-embed/lib/rv32imac/ilp32\libg_nano.a(lib_a-isattyr.o)
                0x0000000000006f20                _isatty_r
 .text._lseek_r
                0x0000000000006f50       0x34 d:/mounriver/mounriver_studio/toolchain/risc-v embedded gcc/bin/../lib/gcc/riscv-none-embed/8.2.0/../../../../riscv-none-embed/lib/rv32imac/ilp32\libg_nano.a(lib_a-lseekr.o)
                0x0000000000006f50                _lseek_r
 .text.__malloc_lock
                0x0000000000006f84        0x2 d:/mounriver/mounriver_studio/toolchain/risc-v embedded gcc/bin/../lib/gcc/riscv-none-embed/8.2.0/../../../../riscv-none-embed/lib/rv32imac/ilp32\libg_nano.a(lib_a-mlock.o)
                0x0000000000006f84                __malloc_lock
 .text.__malloc_unlock
                0x0000000000006f86        0x2 d:/mounriver/mounriver_studio/toolchain/risc-v embedded gcc/bin/../lib/gcc/riscv-none-embed/8.2.0/../../../../riscv-none-embed/lib/rv32imac/ilp32\libg_nano.a(lib_a-mlock.o)
                0x0000000000006f86                __malloc_unlock
 .text._read_r  0x0000000000006f88       0x34 d:/mounriver/mounriver_studio/toolchain/risc-v embedded gcc/bin/../lib/gcc/riscv-none-embed/8.2.0/../../../../riscv-none-embed/lib/rv32imac/ilp32\libg_nano.a(lib_a-readr.o)
                0x0000000000006f88                _read_r
 .text._close   0x0000000000006fbc       0x10 d:/mounriver/mounriver_studio/toolchain/risc-v embedded gcc/bin/../lib/gcc/riscv-none-embed/8.2.0/../../../../riscv-none-embed/lib/rv32imac/ilp32\libnosys.a(close.o)
                0x0000000000006fbc                _close
 .text._fstat   0x0000000000006fcc       0x10 d:/mounriver/mounriver_studio/toolchain/risc-v embedded gcc/bin/../lib/gcc/riscv-none-embed/8.2.0/../../../../riscv-none-embed/lib/rv32imac/ilp32\libnosys.a(fstat.o)
                0x0000000000006fcc                _fstat
 .text._getpid  0x0000000000006fdc       0x10 d:/mounriver/mounriver_studio/toolchain/risc-v embedded gcc/bin/../lib/gcc/riscv-none-embed/8.2.0/../../../../riscv-none-embed/lib/rv32imac/ilp32\libnosys.a(getpid.o)
                0x0000000000006fdc                _getpid
 .text._isatty  0x0000000000006fec       0x10 d:/mounriver/mounriver_studio/toolchain/risc-v embedded gcc/bin/../lib/gcc/riscv-none-embed/8.2.0/../../../../riscv-none-embed/lib/rv32imac/ilp32\libnosys.a(isatty.o)
                0x0000000000006fec                _isatty
 .text._kill    0x0000000000006ffc       0x10 d:/mounriver/mounriver_studio/toolchain/risc-v embedded gcc/bin/../lib/gcc/riscv-none-embed/8.2.0/../../../../riscv-none-embed/lib/rv32imac/ilp32\libnosys.a(kill.o)
                0x0000000000006ffc                _kill
 .text._lseek   0x000000000000700c       0x10 d:/mounriver/mounriver_studio/toolchain/risc-v embedded gcc/bin/../lib/gcc/riscv-none-embed/8.2.0/../../../../riscv-none-embed/lib/rv32imac/ilp32\libnosys.a(lseek.o)
                0x000000000000700c                _lseek
 .text._read    0x000000000000701c       0x10 d:/mounriver/mounriver_studio/toolchain/risc-v embedded gcc/bin/../lib/gcc/riscv-none-embed/8.2.0/../../../../riscv-none-embed/lib/rv32imac/ilp32\libnosys.a(read.o)
                0x000000000000701c                _read
 .text._sbrk    0x000000000000702c       0x24 d:/mounriver/mounriver_studio/toolchain/risc-v embedded gcc/bin/../lib/gcc/riscv-none-embed/8.2.0/../../../../riscv-none-embed/lib/rv32imac/ilp32\libnosys.a(sbrk.o)
                0x000000000000702c                _sbrk
 .text._exit    0x0000000000007050        0x2 d:/mounriver/mounriver_studio/toolchain/risc-v embedded gcc/bin/../lib/gcc/riscv-none-embed/8.2.0/../../../../riscv-none-embed/lib/rv32imac/ilp32\libnosys.a(_exit.o)
                0x0000000000007050                _exit
 *(.rodata)
 *(.rodata*)
 *fill*         0x0000000000007052        0x2 
 .rodata.__func__.3213
                0x0000000000007054        0xf ./Libraries/seekfree_peripheral/SEEKFREE_18TFT.o
 *fill*         0x0000000000007063        0x1 
 .rodata.lcd_set_region.str1.4
                0x0000000000007064       0x7c ./Libraries/seekfree_peripheral/SEEKFREE_18TFT.o
 .rodata.tft_ascii
                0x00000000000070e0      0x5f0 ./Libraries/seekfree_peripheral/SEEKFREE_FONT.o
                0x00000000000070e0                tft_ascii
 .rodata.__func__.3476
                0x00000000000076d0       0x10 ./Libraries/seekfree_libraries/zf_adc.o
 .rodata.adc_mean_filter.str1.4
                0x00000000000076e0       0x31 ./Libraries/seekfree_libraries/zf_adc.o
 *fill*         0x0000000000007711        0x3 
 .rodata.GPION  0x0000000000007714       0x10 ./Libraries/seekfree_libraries/zf_gpio.o
                0x0000000000007714                GPION
 .rodata.TIMERN
                0x0000000000007724       0x10 ./Libraries/seekfree_libraries/zf_qtimer.o
                0x0000000000007724                TIMERN
 .rodata.__func__.3349
                0x0000000000007734        0xe ./Libraries/seekfree_libraries/zf_spi.o
 *fill*         0x0000000000007742        0x2 
 .rodata.spi_gpio_init.str1.4
                0x0000000000007744       0x2d ./Libraries/seekfree_libraries/zf_spi.o
 *fill*         0x0000000000007771        0x3 
 .rodata.UARTN  0x0000000000007774       0x10 ./Libraries/seekfree_libraries/zf_uart.o
                0x0000000000007774                UARTN
 .rodata.get_cut_array.cst4
                0x0000000000007784        0x8 ./CODE/cut.o
 .rodata.hcar_gogogo.str1.4
                0x000000000000778c       0x51 ./CODE/hcar_gogogo.o
 *fill*         0x00000000000077dd        0x3 
 .rodata.hcar_speed_control.cst4
                0x00000000000077e0        0x8 ./CODE/hcar_motor.o
 .rodata.road_seek.cst4
                0x00000000000077e8        0x8 ./CODE/middline.o
 .rodata.get_ostu_thres.cst4
                0x00000000000077f0        0x4 ./CODE/ostu.o
 .rodata.__divsf3
                0x00000000000077f4       0x80 d:/mounriver/mounriver_studio/toolchain/risc-v embedded gcc/bin/../lib/gcc/riscv-none-embed/8.2.0/rv32imac/ilp32\libgcc.a(divsf3.o)
 .rodata.__mulsf3
                0x0000000000007874       0x40 d:/mounriver/mounriver_studio/toolchain/risc-v embedded gcc/bin/../lib/gcc/riscv-none-embed/8.2.0/rv32imac/ilp32\libgcc.a(mulsf3.o)
 .rodata.__clz_tab
                0x00000000000078b4      0x100 d:/mounriver/mounriver_studio/toolchain/risc-v embedded gcc/bin/../lib/gcc/riscv-none-embed/8.2.0/rv32imac/ilp32\libgcc.a(_clz.o)
                0x00000000000078b4                __clz_tab
 .rodata.__assert_func.str1.4
                0x00000000000079b4       0x3f d:/mounriver/mounriver_studio/toolchain/risc-v embedded gcc/bin/../lib/gcc/riscv-none-embed/8.2.0/../../../../riscv-none-embed/lib/rv32imac/ilp32\libg_nano.a(lib_a-assert.o)
                                         0x43 (size before relaxing)
 *fill*         0x00000000000079f3        0x1 
 .rodata._vfprintf_r.str1.4
                0x00000000000079f4       0x13 d:/mounriver/mounriver_studio/toolchain/risc-v embedded gcc/bin/../lib/gcc/riscv-none-embed/8.2.0/../../../../riscv-none-embed/lib/rv32imac/ilp32\libg_nano.a(lib_a-nano-vfprintf.o)
 *fill*         0x0000000000007a07        0x1 
 .rodata._printf_i.str1.4
                0x0000000000007a08       0x28 d:/mounriver/mounriver_studio/toolchain/risc-v embedded gcc/bin/../lib/gcc/riscv-none-embed/8.2.0/../../../../riscv-none-embed/lib/rv32imac/ilp32\libg_nano.a(lib_a-nano-vfprintf_i.o)
                                         0x25 (size before relaxing)
 .rodata.__sf_fake_stderr
                0x0000000000007a30       0x20 d:/mounriver/mounriver_studio/toolchain/risc-v embedded gcc/bin/../lib/gcc/riscv-none-embed/8.2.0/../../../../riscv-none-embed/lib/rv32imac/ilp32\libg_nano.a(lib_a-findfp.o)
                0x0000000000007a30                __sf_fake_stderr
 .rodata.__sf_fake_stdin
                0x0000000000007a50       0x20 d:/mounriver/mounriver_studio/toolchain/risc-v embedded gcc/bin/../lib/gcc/riscv-none-embed/8.2.0/../../../../riscv-none-embed/lib/rv32imac/ilp32\libg_nano.a(lib_a-findfp.o)
                0x0000000000007a50                __sf_fake_stdin
 .rodata.__sf_fake_stdout
                0x0000000000007a70       0x20 d:/mounriver/mounriver_studio/toolchain/risc-v embedded gcc/bin/../lib/gcc/riscv-none-embed/8.2.0/../../../../riscv-none-embed/lib/rv32imac/ilp32\libg_nano.a(lib_a-findfp.o)
                0x0000000000007a70                __sf_fake_stdout
 *(.glue_7)
 *(.glue_7t)
 *(.gnu.linkonce.t.*)
                0x0000000000007a90                . = ALIGN (0x4)

.rela.dyn       0x0000000000007a90        0x0
 .rela.init     0x0000000000007a90        0x0 ./USER/isr.o
 .rela.vector   0x0000000000007a90        0x0 ./USER/isr.o
 .rela.text.handle_reset
                0x0000000000007a90        0x0 ./USER/isr.o
 .rela.text._vfprintf_r
                0x0000000000007a90        0x0 ./USER/isr.o
 .rela.text._sbrk_r
                0x0000000000007a90        0x0 ./USER/isr.o
 .rela.text._kill_r
                0x0000000000007a90        0x0 ./USER/isr.o
 .rela.text._write_r
                0x0000000000007a90        0x0 ./USER/isr.o
 .rela.text._close_r
                0x0000000000007a90        0x0 ./USER/isr.o
 .rela.text._fstat_r
                0x0000000000007a90        0x0 ./USER/isr.o
 .rela.text._isatty_r
                0x0000000000007a90        0x0 ./USER/isr.o
 .rela.text._lseek_r
                0x0000000000007a90        0x0 ./USER/isr.o
 .rela.text._read_r
                0x0000000000007a90        0x0 ./USER/isr.o
 .rela.text._close
                0x0000000000007a90        0x0 ./USER/isr.o
 .rela.text._fstat
                0x0000000000007a90        0x0 ./USER/isr.o
 .rela.text._getpid
                0x0000000000007a90        0x0 ./USER/isr.o
 .rela.text._isatty
                0x0000000000007a90        0x0 ./USER/isr.o
 .rela.text._kill
                0x0000000000007a90        0x0 ./USER/isr.o
 .rela.text._lseek
                0x0000000000007a90        0x0 ./USER/isr.o
 .rela.text._read
                0x0000000000007a90        0x0 ./USER/isr.o
 .rela.text._sbrk
                0x0000000000007a90        0x0 ./USER/isr.o

.fini           0x0000000000007a90        0x0
 *(SORT_NONE(.fini))
                0x0000000000007a90                . = ALIGN (0x4)
                [!provide]                        PROVIDE (_etext = .)
                [!provide]                        PROVIDE (_eitcm = .)

.preinit_array  0x0000000000007a90        0x0
                [!provide]                        PROVIDE (__preinit_array_start = .)
 *(.preinit_array)
                [!provide]                        PROVIDE (__preinit_array_end = .)

.init_array     0x0000000000007a90        0x0
                [!provide]                        PROVIDE (__init_array_start = .)
 *(SORT_BY_INIT_PRIORITY(.init_array.*) SORT_BY_INIT_PRIORITY(.ctors.*))
 *(.init_array EXCLUDE_FILE(*crtend?.o *crtend.o *crtbegin?.o *crtbegin.o) .ctors)
                [!provide]                        PROVIDE (__init_array_end = .)

.fini_array     0x0000000000007a90        0x0
                [!provide]                        PROVIDE (__fini_array_start = .)
 *(SORT_BY_INIT_PRIORITY(.fini_array.*) SORT_BY_INIT_PRIORITY(.dtors.*))
 *(.fini_array EXCLUDE_FILE(*crtend?.o *crtend.o *crtbegin?.o *crtbegin.o) .dtors)
                [!provide]                        PROVIDE (__fini_array_end = .)

.ctors
 *crtbegin.o(.ctors)
 *crtbegin?.o(.ctors)
 *(EXCLUDE_FILE(*crtend?.o *crtend.o) .ctors)
 *(SORT_BY_NAME(.ctors.*))
 *(.ctors)

.dtors
 *crtbegin.o(.dtors)
 *crtbegin?.o(.dtors)
 *(EXCLUDE_FILE(*crtend?.o *crtend.o) .dtors)
 *(SORT_BY_NAME(.dtors.*))
 *(.dtors)

.dalign         0x0000000020000000        0x0 load address 0x0000000000007a90
                0x0000000020000000                . = ALIGN (0x4)
                0x0000000020000000                PROVIDE (_data_vma = .)

.dlalign        0x0000000000007a90        0x0
                0x0000000000007a90                . = ALIGN (0x4)
                0x0000000000007a90                PROVIDE (_data_lma = .)

.data           0x0000000020000000      0x130 load address 0x0000000000007a90
 *(.gnu.linkonce.r.*)
 *(.data .data.*)
 .data.APBAHBPrescTable
                0x0000000020000000       0x10 ./Libraries/wch_libraries/Peripheral/ch32v10x_rcc.o
 .data.GET_CFG  0x0000000020000010       0x20 ./Libraries/seekfree_peripheral/SEEKFREE_MT9V03X.o
                0x0000000020000010                GET_CFG
 .data.MT9V03X_CFG
                0x0000000020000030       0x24 ./Libraries/seekfree_peripheral/SEEKFREE_MT9V03X.o
                0x0000000020000030                MT9V03X_CFG
 .data.new_r_edge
                0x0000000020000054       0x3c ./CODE/middline.o
                0x0000000020000054                new_r_edge
 .data.impure_data
                0x0000000020000090       0x60 d:/mounriver/mounriver_studio/toolchain/risc-v embedded gcc/bin/../lib/gcc/riscv-none-embed/8.2.0/../../../../riscv-none-embed/lib/rv32imac/ilp32\libg_nano.a(lib_a-impure.o)
 *(.gnu.linkonce.d.*)
                0x00000000200000f0                . = ALIGN (0x8)
                0x00000000200008f0                PROVIDE (__global_pointer$ = (. + 0x800))
 *(.sdata .sdata.*)
 .sdata.ADCPrescTable
                0x00000000200000f0        0x4 ./Libraries/wch_libraries/Peripheral/ch32v10x_rcc.o
 .sdata.camera_type
                0x00000000200000f4        0x4 ./Libraries/seekfree_libraries/common.o
                0x00000000200000f4                camera_type
 .sdata.cut_H_end
                0x00000000200000f8        0x1 ./CODE/cut.o
                0x00000000200000f8                cut_H_end
 .sdata.cut_H_start
                0x00000000200000f9        0x1 ./CODE/cut.o
                0x00000000200000f9                cut_H_start
 .sdata.cut_W_end
                0x00000000200000fa        0x1 ./CODE/cut.o
                0x00000000200000fa                cut_W_end
 .sdata.cut_W_start
                0x00000000200000fb        0x1 ./CODE/cut.o
                0x00000000200000fb                cut_W_start
 .sdata.ki1     0x00000000200000fc        0x4 ./CODE/hcar_motor.o
                0x00000000200000fc                ki1
 .sdata.ki2     0x0000000020000100        0x4 ./CODE/hcar_motor.o
                0x0000000020000100                ki2
 .sdata.ki3     0x0000000020000104        0x4 ./CODE/hcar_motor.o
                0x0000000020000104                ki3
 .sdata.ki4     0x0000000020000108        0x4 ./CODE/hcar_motor.o
                0x0000000020000108                ki4
 .sdata.kp1     0x000000002000010c        0x4 ./CODE/hcar_motor.o
                0x000000002000010c                kp1
 .sdata.kp2     0x0000000020000110        0x4 ./CODE/hcar_motor.o
                0x0000000020000110                kp2
 .sdata.kp3     0x0000000020000114        0x4 ./CODE/hcar_motor.o
                0x0000000020000114                kp3
 .sdata.kp4     0x0000000020000118        0x4 ./CODE/hcar_motor.o
                0x0000000020000118                kp4
 .sdata._impure_ptr
                0x000000002000011c        0x4 d:/mounriver/mounriver_studio/toolchain/risc-v embedded gcc/bin/../lib/gcc/riscv-none-embed/8.2.0/../../../../riscv-none-embed/lib/rv32imac/ilp32\libg_nano.a(lib_a-impure.o)
                0x000000002000011c                _impure_ptr
 *(.sdata2.*)
 .sdata2.SPIN   0x0000000020000120        0x8 ./Libraries/seekfree_libraries/zf_spi.o
                0x0000000020000120                SPIN
 .sdata2._global_impure_ptr
                0x0000000020000128        0x4 d:/mounriver/mounriver_studio/toolchain/risc-v embedded gcc/bin/../lib/gcc/riscv-none-embed/8.2.0/../../../../riscv-none-embed/lib/rv32imac/ilp32\libg_nano.a(lib_a-impure.o)
                0x0000000020000128                _global_impure_ptr
 *(.gnu.linkonce.s.*)
                0x0000000020000130                . = ALIGN (0x8)
 *fill*         0x000000002000012c        0x4 
 *(.srodata.cst16)
 *(.srodata.cst8)
 *(.srodata.cst4)
 *(.srodata.cst2)
 *(.srodata .srodata.*)
                0x0000000020000130                . = ALIGN (0x4)
                0x0000000020000130                PROVIDE (_edata = .)

.bss            0x0000000020000130     0x39a8 load address 0x0000000000007bc0
                0x0000000020000130                . = ALIGN (0x4)
                0x0000000020000130                PROVIDE (_sbss = .)
 *(.sbss*)
 .sbss.mt9v03x_finish_flag
                0x0000000020000130        0x1 ./Libraries/seekfree_peripheral/SEEKFREE_MT9V03X.o
                0x0000000020000130                mt9v03x_finish_flag
 *fill*         0x0000000020000131        0x3 
 .sbss.receive  0x0000000020000134        0x3 ./Libraries/seekfree_peripheral/SEEKFREE_MT9V03X.o
                0x0000000020000134                receive
 .sbss.receive_num
                0x0000000020000137        0x1 ./Libraries/seekfree_peripheral/SEEKFREE_MT9V03X.o
                0x0000000020000137                receive_num
 .sbss.uart_receive_flag
                0x0000000020000138        0x1 ./Libraries/seekfree_peripheral/SEEKFREE_MT9V03X.o
                0x0000000020000138                uart_receive_flag
 .sbss.ov7725_uart_finish_flag
                0x0000000020000139        0x1 ./Libraries/seekfree_peripheral/SEEKFREE_UART_7725.o
                0x0000000020000139                ov7725_uart_finish_flag
 *fill*         0x000000002000013a        0x2 
 .sbss.ov7725_uart_receive
                0x000000002000013c        0x3 ./Libraries/seekfree_peripheral/SEEKFREE_UART_7725.o
                0x000000002000013c                ov7725_uart_receive
 .sbss.ov7725_uart_receive_flag
                0x000000002000013f        0x1 ./Libraries/seekfree_peripheral/SEEKFREE_UART_7725.o
                0x000000002000013f                ov7725_uart_receive_flag
 .sbss.ov7725_uart_receive_num
                0x0000000020000140        0x1 ./Libraries/seekfree_peripheral/SEEKFREE_UART_7725.o
                0x0000000020000140                ov7725_uart_receive_num
 *fill*         0x0000000020000141        0x3 
 .sbss.camera_buffer_addr
                0x0000000020000144        0x4 ./Libraries/seekfree_libraries/common.o
                0x0000000020000144                camera_buffer_addr
 .sbss.sys_clk  0x0000000020000148        0x4 ./Libraries/seekfree_libraries/common.o
                0x0000000020000148                sys_clk
 .sbss.ad_value1
                0x000000002000014c        0x2 ./CODE/hcar_adc.o
                0x000000002000014c                ad_value1
 .sbss.ad_value2
                0x000000002000014e        0x2 ./CODE/hcar_adc.o
                0x000000002000014e                ad_value2
 .sbss.ad_value3
                0x0000000020000150        0x2 ./CODE/hcar_adc.o
                0x0000000020000150                ad_value3
 .sbss.ad_value4
                0x0000000020000152        0x2 ./CODE/hcar_adc.o
                0x0000000020000152                ad_value4
 .sbss.aim_x    0x0000000020000154        0x2 ./CODE/hcar_init.o
                0x0000000020000154                aim_x
 .sbss.aim_y    0x0000000020000156        0x2 ./CODE/hcar_init.o
                0x0000000020000156                aim_y
 .sbss.aim_z    0x0000000020000158        0x2 ./CODE/hcar_init.o
                0x0000000020000158                aim_z
 .sbss.host_encoder_left
                0x000000002000015a        0x2 ./CODE/hcar_init.o
                0x000000002000015a                host_encoder_left
 .sbss.host_encoder_right
                0x000000002000015c        0x2 ./CODE/hcar_init.o
                0x000000002000015c                host_encoder_right
 .sbss.targetSpeed1
                0x000000002000015e        0x2 ./CODE/hcar_init.o
                0x000000002000015e                targetSpeed1
 .sbss.targetSpeed2
                0x0000000020000160        0x2 ./CODE/hcar_init.o
                0x0000000020000160                targetSpeed2
 .sbss.targetSpeed3
                0x0000000020000162        0x2 ./CODE/hcar_init.o
                0x0000000020000162                targetSpeed3
 .sbss.targetSpeed4
                0x0000000020000164        0x2 ./CODE/hcar_init.o
                0x0000000020000164                targetSpeed4
 .sbss.turn_sign
                0x0000000020000166        0x1 ./CODE/hcar_init.o
                0x0000000020000166                turn_sign
 .sbss.S_i      0x0000000020000167        0x1 ./CODE/hcar_motor.o
                0x0000000020000167                S_i
 .sbss.S_j      0x0000000020000168        0x1 ./CODE/hcar_motor.o
                0x0000000020000168                S_j
 *fill*         0x0000000020000169        0x3 
 .sbss.kd1      0x000000002000016c        0x4 ./CODE/hcar_motor.o
                0x000000002000016c                kd1
 .sbss.kd2      0x0000000020000170        0x4 ./CODE/hcar_motor.o
                0x0000000020000170                kd2
 .sbss.kd3      0x0000000020000174        0x4 ./CODE/hcar_motor.o
                0x0000000020000174                kd3
 .sbss.kd4      0x0000000020000178        0x4 ./CODE/hcar_motor.o
                0x0000000020000178                kd4
 .sbss.speed_error1
                0x000000002000017c        0x4 ./CODE/hcar_motor.o
                0x000000002000017c                speed_error1
 .sbss.speed_error2
                0x0000000020000180        0x4 ./CODE/hcar_motor.o
                0x0000000020000180                speed_error2
 .sbss.speed_error3
                0x0000000020000184        0x4 ./CODE/hcar_motor.o
                0x0000000020000184                speed_error3
 .sbss.speed_error4
                0x0000000020000188        0x4 ./CODE/hcar_motor.o
                0x0000000020000188                speed_error4
 .sbss.speed_error_last1
                0x000000002000018c        0x4 ./CODE/hcar_motor.o
                0x000000002000018c                speed_error_last1
 .sbss.speed_error_last2
                0x0000000020000190        0x4 ./CODE/hcar_motor.o
                0x0000000020000190                speed_error_last2
 .sbss.speed_error_last3
                0x0000000020000194        0x4 ./CODE/hcar_motor.o
                0x0000000020000194                speed_error_last3
 .sbss.speed_error_last4
                0x0000000020000198        0x4 ./CODE/hcar_motor.o
                0x0000000020000198                speed_error_last4
 .sbss.speed_error_last_last1
                0x000000002000019c        0x4 ./CODE/hcar_motor.o
                0x000000002000019c                speed_error_last_last1
 .sbss.speed_error_last_last2
                0x00000000200001a0        0x4 ./CODE/hcar_motor.o
                0x00000000200001a0                speed_error_last_last2
 .sbss.speed_error_last_last3
                0x00000000200001a4        0x4 ./CODE/hcar_motor.o
                0x00000000200001a4                speed_error_last_last3
 .sbss.speed_error_last_last4
                0x00000000200001a8        0x4 ./CODE/hcar_motor.o
                0x00000000200001a8                speed_error_last_last4
 .sbss.speed_now_filter1
                0x00000000200001ac        0x4 ./CODE/hcar_motor.o
                0x00000000200001ac                speed_now_filter1
 .sbss.speed_now_filter2
                0x00000000200001b0        0x4 ./CODE/hcar_motor.o
                0x00000000200001b0                speed_now_filter2
 .sbss.speed_now_filter3
                0x00000000200001b4        0x4 ./CODE/hcar_motor.o
                0x00000000200001b4                speed_now_filter3
 .sbss.speed_now_filter4
                0x00000000200001b8        0x4 ./CODE/hcar_motor.o
                0x00000000200001b8                speed_now_filter4
 .sbss.speed_out1
                0x00000000200001bc        0x4 ./CODE/hcar_motor.o
                0x00000000200001bc                speed_out1
 .sbss.speed_out2
                0x00000000200001c0        0x4 ./CODE/hcar_motor.o
                0x00000000200001c0                speed_out2
 .sbss.speed_out3
                0x00000000200001c4        0x4 ./CODE/hcar_motor.o
                0x00000000200001c4                speed_out3
 .sbss.speed_out4
                0x00000000200001c8        0x4 ./CODE/hcar_motor.o
                0x00000000200001c8                speed_out4
 .sbss.speed_sum1
                0x00000000200001cc        0x2 ./CODE/hcar_motor.o
                0x00000000200001cc                speed_sum1
 .sbss.speed_sum2
                0x00000000200001ce        0x2 ./CODE/hcar_motor.o
                0x00000000200001ce                speed_sum2
 .sbss.speed_sum3
                0x00000000200001d0        0x2 ./CODE/hcar_motor.o
                0x00000000200001d0                speed_sum3
 .sbss.speed_sum4
                0x00000000200001d2        0x2 ./CODE/hcar_motor.o
                0x00000000200001d2                speed_sum4
 .sbss.slave_encoder_left
                0x00000000200001d4        0x2 ./CODE/hcar_uart.o
                0x00000000200001d4                slave_encoder_left
 .sbss.slave_encoder_right
                0x00000000200001d6        0x2 ./CODE/hcar_uart.o
                0x00000000200001d6                slave_encoder_right
 .sbss.slave_position
                0x00000000200001d8        0x2 ./CODE/hcar_uart.o
                0x00000000200001d8                slave_position
 .sbss.uart_flag
                0x00000000200001da        0x1 ./CODE/hcar_uart.o
                0x00000000200001da                uart_flag
 .sbss.uart_num.6057
                0x00000000200001db        0x1 ./CODE/hcar_uart.o
 .sbss.break_flag
                0x00000000200001dc        0x1 ./CODE/middline.o
                0x00000000200001dc                break_flag
 .sbss.cross_flag
                0x00000000200001dd        0x1 ./CODE/middline.o
                0x00000000200001dd                cross_flag
 .sbss.edge_i   0x00000000200001de        0x1 ./CODE/middline.o
                0x00000000200001de                edge_i
 .sbss.edge_j   0x00000000200001df        0x1 ./CODE/middline.o
                0x00000000200001df                edge_j
 .sbss.kd_z     0x00000000200001e0        0x4 ./CODE/middline.o
                0x00000000200001e0                kd_z
 .sbss.kp_z     0x00000000200001e4        0x4 ./CODE/middline.o
                0x00000000200001e4                kp_z
 .sbss.l_edge_col_old
                0x00000000200001e8        0x1 ./CODE/middline.o
                0x00000000200001e8                l_edge_col_old
 .sbss.l_end_row
                0x00000000200001e9        0x1 ./CODE/middline.o
                0x00000000200001e9                l_end_row
 .sbss.l_get_flag
                0x00000000200001ea        0x1 ./CODE/middline.o
                0x00000000200001ea                l_get_flag
 .sbss.l_link_num
                0x00000000200001eb        0x1 ./CODE/middline.o
                0x00000000200001eb                l_link_num
 .sbss.l_lost_num
                0x00000000200001ec        0x1 ./CODE/middline.o
                0x00000000200001ec                l_lost_num
 .sbss.l_search_end_flag
                0x00000000200001ed        0x1 ./CODE/middline.o
                0x00000000200001ed                l_search_end_flag
 .sbss.l_trend_in_falg
                0x00000000200001ee        0x1 ./CODE/middline.o
                0x00000000200001ee                l_trend_in_falg
 .sbss.l_turn_flag
                0x00000000200001ef        0x1 ./CODE/middline.o
                0x00000000200001ef                l_turn_flag
 .sbss.lasttime_z
                0x00000000200001f0        0x4 ./CODE/middline.o
                0x00000000200001f0                lasttime_z
 .sbss.r_edge_col_old
                0x00000000200001f4        0x1 ./CODE/middline.o
                0x00000000200001f4                r_edge_col_old
 .sbss.r_get_flag
                0x00000000200001f5        0x1 ./CODE/middline.o
                0x00000000200001f5                r_get_flag
 .sbss.r_link_num
                0x00000000200001f6        0x1 ./CODE/middline.o
                0x00000000200001f6                r_link_num
 .sbss.r_lost_num
                0x00000000200001f7        0x1 ./CODE/middline.o
                0x00000000200001f7                r_lost_num
 .sbss.r_search_end_flag
                0x00000000200001f8        0x1 ./CODE/middline.o
                0x00000000200001f8                r_search_end_flag
 .sbss.r_turn_flag
                0x00000000200001f9        0x1 ./CODE/middline.o
                0x00000000200001f9                r_turn_flag
 .sbss.sum_x1   0x00000000200001fa        0x2 ./CODE/middline.o
                0x00000000200001fa                sum_x1
 .sbss.sum_x2   0x00000000200001fc        0x2 ./CODE/middline.o
                0x00000000200001fc                sum_x2
 .sbss.z_error  0x00000000200001fe        0x2 ./CODE/middline.o
                0x00000000200001fe                z_error
 .sbss.zebra_flag
                0x0000000020000200        0x1 ./CODE/middline.o
                0x0000000020000200                zebra_flag
 *fill*         0x0000000020000201        0x3 
 .sbss.__malloc_free_list
                0x0000000020000204        0x4 d:/mounriver/mounriver_studio/toolchain/risc-v embedded gcc/bin/../lib/gcc/riscv-none-embed/8.2.0/../../../../riscv-none-embed/lib/rv32imac/ilp32\libg_nano.a(lib_a-nano-mallocr.o)
                0x0000000020000204                __malloc_free_list
 .sbss.__malloc_sbrk_start
                0x0000000020000208        0x4 d:/mounriver/mounriver_studio/toolchain/risc-v embedded gcc/bin/../lib/gcc/riscv-none-embed/8.2.0/../../../../riscv-none-embed/lib/rv32imac/ilp32\libg_nano.a(lib_a-nano-mallocr.o)
                0x0000000020000208                __malloc_sbrk_start
 .sbss.heap_end.1518
                0x000000002000020c        0x4 d:/mounriver/mounriver_studio/toolchain/risc-v embedded gcc/bin/../lib/gcc/riscv-none-embed/8.2.0/../../../../riscv-none-embed/lib/rv32imac/ilp32\libnosys.a(sbrk.o)
 *(.gnu.linkonce.sb.*)
 *(.bss*)
 .bss.mt9v03x_image
                0x0000000020000210     0x24b8 ./Libraries/seekfree_peripheral/SEEKFREE_MT9V03X.o
                0x0000000020000210                mt9v03x_image
 .bss.irq_status
                0x00000000200026c8        0xc ./Libraries/seekfree_libraries/common.o
                0x00000000200026c8                irq_status
 .bss.img_cut_H
                0x00000000200026d4       0x3c ./CODE/cut.o
                0x00000000200026d4                img_cut_H
 .bss.img_cut_W
                0x0000000020002710       0x50 ./CODE/cut.o
                0x0000000020002710                img_cut_W
 .bss.speed_1   0x0000000020002760        0xa ./CODE/hcar_motor.o
                0x0000000020002760                speed_1
 *fill*         0x000000002000276a        0x2 
 .bss.speed_2   0x000000002000276c        0xa ./CODE/hcar_motor.o
                0x000000002000276c                speed_2
 *fill*         0x0000000020002776        0x2 
 .bss.speed_3   0x0000000020002778        0xa ./CODE/hcar_motor.o
                0x0000000020002778                speed_3
 *fill*         0x0000000020002782        0x2 
 .bss.speed_4   0x0000000020002784        0xa ./CODE/hcar_motor.o
                0x0000000020002784                speed_4
 *fill*         0x000000002000278e        0x2 
 .bss.temp_buff
                0x0000000020002790        0xb ./CODE/hcar_uart.o
                0x0000000020002790                temp_buff
 *fill*         0x000000002000279b        0x1 
 .bss.img       0x000000002000279c     0x12c0 ./CODE/middline.o
                0x000000002000279c                img
 .bss.mid       0x0000000020003a5c       0x3c ./CODE/middline.o
                0x0000000020003a5c                mid
 .bss.new_l_edge
                0x0000000020003a98       0x3c ./CODE/middline.o
                0x0000000020003a98                new_l_edge
 *(.gnu.linkonce.b.*)
 *(COMMON*)
 COMMON         0x0000000020003ad4        0x4 d:/mounriver/mounriver_studio/toolchain/risc-v embedded gcc/bin/../lib/gcc/riscv-none-embed/8.2.0/../../../../riscv-none-embed/lib/rv32imac/ilp32\libg_nano.a(lib_a-reent.o)
                0x0000000020003ad4                errno
                0x0000000020003ad8                . = ALIGN (0x4)
                0x0000000020003ad8                PROVIDE (_ebss = .)
                [!provide]                        PROVIDE (_end = _ebss)
                0x0000000020003ad8                PROVIDE (end = .)

.stack          0x0000000020004800      0x800
                0x0000000020004800                . = ALIGN (0x4)
                [!provide]                        PROVIDE (_susrstack = .)
                0x0000000020005000                . = (. + __stack_size)
 *fill*         0x0000000020004800      0x800 
                0x0000000020005000                PROVIDE (_eusrstack = .)
OUTPUT(Seekfree_CH32V103R8T6_Opensource_Library.elf elf32-littleriscv)

.debug_info     0x0000000000000000    0x26657
 .debug_info    0x0000000000000000     0x1c81 ./USER/isr.o
 .debug_info    0x0000000000001c81     0x125e ./USER/main.o
 .debug_info    0x0000000000002edf       0x22 ./Libraries/wch_libraries/Startup/startup_ch32v10x.o
 .debug_info    0x0000000000002f01      0xcbc ./Libraries/wch_libraries/Peripheral/ch32v10x_adc.o
 .debug_info    0x0000000000003bbd      0x473 ./Libraries/wch_libraries/Peripheral/ch32v10x_dma.o
 .debug_info    0x0000000000004030      0x353 ./Libraries/wch_libraries/Peripheral/ch32v10x_exti.o
 .debug_info    0x0000000000004383      0x885 ./Libraries/wch_libraries/Peripheral/ch32v10x_gpio.o
 .debug_info    0x0000000000004c08      0x59c ./Libraries/wch_libraries/Peripheral/ch32v10x_misc.o
 .debug_info    0x00000000000051a4      0x90a ./Libraries/wch_libraries/Peripheral/ch32v10x_rcc.o
 .debug_info    0x0000000000005aae      0xa1c ./Libraries/wch_libraries/Peripheral/ch32v10x_spi.o
 .debug_info    0x00000000000064ca     0x2119 ./Libraries/wch_libraries/Peripheral/ch32v10x_tim.o
 .debug_info    0x00000000000085e3      0xb73 ./Libraries/wch_libraries/Peripheral/ch32v10x_usart.o
 .debug_info    0x0000000000009156     0x269a ./Libraries/seekfree_peripheral/SEEKFREE_18TFT.o
 .debug_info    0x000000000000b7f0      0xb50 ./Libraries/seekfree_peripheral/SEEKFREE_FONT.o
 .debug_info    0x000000000000c340     0x1910 ./Libraries/seekfree_peripheral/SEEKFREE_MT9V03X.o
 .debug_info    0x000000000000dc50     0x18c5 ./Libraries/seekfree_peripheral/SEEKFREE_UART_7725.o
 .debug_info    0x000000000000f515      0xa5b ./Libraries/seekfree_libraries/common.o
 .debug_info    0x000000000000ff70     0x1567 ./Libraries/seekfree_libraries/zf_adc.o
 .debug_info    0x00000000000114d7     0x154c ./Libraries/seekfree_libraries/zf_camera.o
 .debug_info    0x0000000000012a23     0x1354 ./Libraries/seekfree_libraries/zf_gpio.o
 .debug_info    0x0000000000013d77      0xf30 ./Libraries/seekfree_libraries/zf_nvic.o
 .debug_info    0x0000000000014ca7     0x1bfd ./Libraries/seekfree_libraries/zf_pwm.o
 .debug_info    0x00000000000168a4     0x15f7 ./Libraries/seekfree_libraries/zf_qtimer.o
 .debug_info    0x0000000000017e9b     0x1517 ./Libraries/seekfree_libraries/zf_spi.o
 .debug_info    0x00000000000193b2      0xbb2 ./Libraries/seekfree_libraries/zf_systick.o
 .debug_info    0x0000000000019f64     0x16a3 ./Libraries/seekfree_libraries/zf_uart.o
 .debug_info    0x000000000001b607      0xd6b ./Libraries/board/board.o
 .debug_info    0x000000000001c372      0x27c ./Libraries/board/clock_config.o
 .debug_info    0x000000000001c5ee      0xd4b ./CODE/cut.o
 .debug_info    0x000000000001d339      0xe11 ./CODE/hcar_adc.o
 .debug_info    0x000000000001e14a     0x1ae4 ./CODE/hcar_gogogo.o
 .debug_info    0x000000000001fc2e      0xeaf ./CODE/hcar_init.o
 .debug_info    0x0000000000020add      0xf79 ./CODE/hcar_key.o
 .debug_info    0x0000000000021a56     0x173e ./CODE/hcar_motor.o
 .debug_info    0x0000000000023194     0x140b ./CODE/hcar_uart.o
 .debug_info    0x000000000002459f     0x11bf ./CODE/middline.o
 .debug_info    0x000000000002575e      0xef9 ./CODE/ostu.o

.debug_abbrev   0x0000000000000000     0x5ade
 .debug_abbrev  0x0000000000000000      0x303 ./USER/isr.o
 .debug_abbrev  0x0000000000000303      0x253 ./USER/main.o
 .debug_abbrev  0x0000000000000556       0x12 ./Libraries/wch_libraries/Startup/startup_ch32v10x.o
 .debug_abbrev  0x0000000000000568      0x1f0 ./Libraries/wch_libraries/Peripheral/ch32v10x_adc.o
 .debug_abbrev  0x0000000000000758      0x1b1 ./Libraries/wch_libraries/Peripheral/ch32v10x_dma.o
 .debug_abbrev  0x0000000000000909      0x166 ./Libraries/wch_libraries/Peripheral/ch32v10x_exti.o
 .debug_abbrev  0x0000000000000a6f      0x1ec ./Libraries/wch_libraries/Peripheral/ch32v10x_gpio.o
 .debug_abbrev  0x0000000000000c5b      0x18b ./Libraries/wch_libraries/Peripheral/ch32v10x_misc.o
 .debug_abbrev  0x0000000000000de6      0x246 ./Libraries/wch_libraries/Peripheral/ch32v10x_rcc.o
 .debug_abbrev  0x000000000000102c      0x1e3 ./Libraries/wch_libraries/Peripheral/ch32v10x_spi.o
 .debug_abbrev  0x000000000000120f      0x2d1 ./Libraries/wch_libraries/Peripheral/ch32v10x_tim.o
 .debug_abbrev  0x00000000000014e0      0x1e3 ./Libraries/wch_libraries/Peripheral/ch32v10x_usart.o
 .debug_abbrev  0x00000000000016c3      0x374 ./Libraries/seekfree_peripheral/SEEKFREE_18TFT.o
 .debug_abbrev  0x0000000000001a37      0x217 ./Libraries/seekfree_peripheral/SEEKFREE_FONT.o
 .debug_abbrev  0x0000000000001c4e      0x3af ./Libraries/seekfree_peripheral/SEEKFREE_MT9V03X.o
 .debug_abbrev  0x0000000000001ffd      0x3c6 ./Libraries/seekfree_peripheral/SEEKFREE_UART_7725.o
 .debug_abbrev  0x00000000000023c3      0x1fa ./Libraries/seekfree_libraries/common.o
 .debug_abbrev  0x00000000000025bd      0x2c1 ./Libraries/seekfree_libraries/zf_adc.o
 .debug_abbrev  0x000000000000287e      0x2ae ./Libraries/seekfree_libraries/zf_camera.o
 .debug_abbrev  0x0000000000002b2c      0x2e5 ./Libraries/seekfree_libraries/zf_gpio.o
 .debug_abbrev  0x0000000000002e11      0x2e6 ./Libraries/seekfree_libraries/zf_nvic.o
 .debug_abbrev  0x00000000000030f7      0x2f5 ./Libraries/seekfree_libraries/zf_pwm.o
 .debug_abbrev  0x00000000000033ec      0x2db ./Libraries/seekfree_libraries/zf_qtimer.o
 .debug_abbrev  0x00000000000036c7      0x2ae ./Libraries/seekfree_libraries/zf_spi.o
 .debug_abbrev  0x0000000000003975      0x257 ./Libraries/seekfree_libraries/zf_systick.o
 .debug_abbrev  0x0000000000003bcc      0x2f7 ./Libraries/seekfree_libraries/zf_uart.o
 .debug_abbrev  0x0000000000003ec3      0x2b9 ./Libraries/board/board.o
 .debug_abbrev  0x000000000000417c      0x102 ./Libraries/board/clock_config.o
 .debug_abbrev  0x000000000000427e      0x27a ./CODE/cut.o
 .debug_abbrev  0x00000000000044f8      0x285 ./CODE/hcar_adc.o
 .debug_abbrev  0x000000000000477d      0x288 ./CODE/hcar_gogogo.o
 .debug_abbrev  0x0000000000004a05      0x271 ./CODE/hcar_init.o
 .debug_abbrev  0x0000000000004c76      0x261 ./CODE/hcar_key.o
 .debug_abbrev  0x0000000000004ed7      0x2f1 ./CODE/hcar_motor.o
 .debug_abbrev  0x00000000000051c8      0x2be ./CODE/hcar_uart.o
 .debug_abbrev  0x0000000000005486      0x37f ./CODE/middline.o
 .debug_abbrev  0x0000000000005805      0x2d9 ./CODE/ostu.o

.debug_loc      0x0000000000000000     0x8cfd
 .debug_loc     0x0000000000000000       0x13 ./USER/isr.o
 .debug_loc     0x0000000000000013      0xb02 ./Libraries/wch_libraries/Peripheral/ch32v10x_adc.o
 .debug_loc     0x0000000000000b15      0x204 ./Libraries/wch_libraries/Peripheral/ch32v10x_dma.o
 .debug_loc     0x0000000000000d19      0x1a2 ./Libraries/wch_libraries/Peripheral/ch32v10x_exti.o
 .debug_loc     0x0000000000000ebb      0x68f ./Libraries/wch_libraries/Peripheral/ch32v10x_gpio.o
 .debug_loc     0x000000000000154a       0xe4 ./Libraries/wch_libraries/Peripheral/ch32v10x_misc.o
 .debug_loc     0x000000000000162e      0x775 ./Libraries/wch_libraries/Peripheral/ch32v10x_rcc.o
 .debug_loc     0x0000000000001da3      0x63c ./Libraries/wch_libraries/Peripheral/ch32v10x_spi.o
 .debug_loc     0x00000000000023df     0x1ba1 ./Libraries/wch_libraries/Peripheral/ch32v10x_tim.o
 .debug_loc     0x0000000000003f80      0x7cc ./Libraries/wch_libraries/Peripheral/ch32v10x_usart.o
 .debug_loc     0x000000000000474c     0x1180 ./Libraries/seekfree_peripheral/SEEKFREE_18TFT.o
 .debug_loc     0x00000000000058cc      0x345 ./Libraries/seekfree_peripheral/SEEKFREE_MT9V03X.o
 .debug_loc     0x0000000000005c11      0x309 ./Libraries/seekfree_peripheral/SEEKFREE_UART_7725.o
 .debug_loc     0x0000000000005f1a      0x324 ./Libraries/seekfree_libraries/zf_adc.o
 .debug_loc     0x000000000000623e      0x14a ./Libraries/seekfree_libraries/zf_camera.o
 .debug_loc     0x0000000000006388      0x61d ./Libraries/seekfree_libraries/zf_gpio.o
 .debug_loc     0x00000000000069a5       0xc3 ./Libraries/seekfree_libraries/zf_nvic.o
 .debug_loc     0x0000000000006a68      0x649 ./Libraries/seekfree_libraries/zf_pwm.o
 .debug_loc     0x00000000000070b1      0x240 ./Libraries/seekfree_libraries/zf_qtimer.o
 .debug_loc     0x00000000000072f1      0x428 ./Libraries/seekfree_libraries/zf_spi.o
 .debug_loc     0x0000000000007719      0x41d ./Libraries/seekfree_libraries/zf_uart.o
 .debug_loc     0x0000000000007b36       0x88 ./Libraries/board/board.o
 .debug_loc     0x0000000000007bbe       0xfc ./CODE/cut.o
 .debug_loc     0x0000000000007cba      0x236 ./CODE/hcar_motor.o
 .debug_loc     0x0000000000007ef0      0x59e ./CODE/middline.o
 .debug_loc     0x000000000000848e      0x86f ./CODE/ostu.o

.debug_aranges  0x0000000000000000      0xfb0
 .debug_aranges
                0x0000000000000000       0xc0 ./USER/isr.o
 .debug_aranges
                0x00000000000000c0       0x20 ./USER/main.o
 .debug_aranges
                0x00000000000000e0       0x30 ./Libraries/wch_libraries/Startup/startup_ch32v10x.o
 .debug_aranges
                0x0000000000000110      0x140 ./Libraries/wch_libraries/Peripheral/ch32v10x_adc.o
 .debug_aranges
                0x0000000000000250       0x70 ./Libraries/wch_libraries/Peripheral/ch32v10x_dma.o
 .debug_aranges
                0x00000000000002c0       0x58 ./Libraries/wch_libraries/Peripheral/ch32v10x_exti.o
 .debug_aranges
                0x0000000000000318       0xa0 ./Libraries/wch_libraries/Peripheral/ch32v10x_gpio.o
 .debug_aranges
                0x00000000000003b8       0x28 ./Libraries/wch_libraries/Peripheral/ch32v10x_misc.o
 .debug_aranges
                0x00000000000003e0      0x118 ./Libraries/wch_libraries/Peripheral/ch32v10x_rcc.o
 .debug_aranges
                0x00000000000004f8       0xd0 ./Libraries/wch_libraries/Peripheral/ch32v10x_spi.o
 .debug_aranges
                0x00000000000005c8      0x2e0 ./Libraries/wch_libraries/Peripheral/ch32v10x_tim.o
 .debug_aranges
                0x00000000000008a8      0x100 ./Libraries/wch_libraries/Peripheral/ch32v10x_usart.o
 .debug_aranges
                0x00000000000009a8       0xc0 ./Libraries/seekfree_peripheral/SEEKFREE_18TFT.o
 .debug_aranges
                0x0000000000000a68       0x18 ./Libraries/seekfree_peripheral/SEEKFREE_FONT.o
 .debug_aranges
                0x0000000000000a80       0x80 ./Libraries/seekfree_peripheral/SEEKFREE_MT9V03X.o
 .debug_aranges
                0x0000000000000b00       0x80 ./Libraries/seekfree_peripheral/SEEKFREE_UART_7725.o
 .debug_aranges
                0x0000000000000b80       0x18 ./Libraries/seekfree_libraries/common.o
 .debug_aranges
                0x0000000000000b98       0x38 ./Libraries/seekfree_libraries/zf_adc.o
 .debug_aranges
                0x0000000000000bd0       0x28 ./Libraries/seekfree_libraries/zf_camera.o
 .debug_aranges
                0x0000000000000bf8       0x40 ./Libraries/seekfree_libraries/zf_gpio.o
 .debug_aranges
                0x0000000000000c38       0x40 ./Libraries/seekfree_libraries/zf_nvic.o
 .debug_aranges
                0x0000000000000c78       0x40 ./Libraries/seekfree_libraries/zf_pwm.o
 .debug_aranges
                0x0000000000000cb8       0x38 ./Libraries/seekfree_libraries/zf_qtimer.o
 .debug_aranges
                0x0000000000000cf0       0x30 ./Libraries/seekfree_libraries/zf_spi.o
 .debug_aranges
                0x0000000000000d20       0x30 ./Libraries/seekfree_libraries/zf_systick.o
 .debug_aranges
                0x0000000000000d50       0x60 ./Libraries/seekfree_libraries/zf_uart.o
 .debug_aranges
                0x0000000000000db0       0x28 ./Libraries/board/board.o
 .debug_aranges
                0x0000000000000dd8       0x20 ./Libraries/board/clock_config.o
 .debug_aranges
                0x0000000000000df8       0x28 ./CODE/cut.o
 .debug_aranges
                0x0000000000000e20       0x30 ./CODE/hcar_adc.o
 .debug_aranges
                0x0000000000000e50       0x20 ./CODE/hcar_gogogo.o
 .debug_aranges
                0x0000000000000e70       0x20 ./CODE/hcar_init.o
 .debug_aranges
                0x0000000000000e90       0x28 ./CODE/hcar_key.o
 .debug_aranges
                0x0000000000000eb8       0x30 ./CODE/hcar_motor.o
 .debug_aranges
                0x0000000000000ee8       0x38 ./CODE/hcar_uart.o
 .debug_aranges
                0x0000000000000f20       0x68 ./CODE/middline.o
 .debug_aranges
                0x0000000000000f88       0x28 ./CODE/ostu.o

.debug_ranges   0x0000000000000000      0xd88
 .debug_ranges  0x0000000000000000       0xb0 ./USER/isr.o
 .debug_ranges  0x00000000000000b0       0x10 ./USER/main.o
 .debug_ranges  0x00000000000000c0       0x28 ./Libraries/wch_libraries/Startup/startup_ch32v10x.o
 .debug_ranges  0x00000000000000e8      0x130 ./Libraries/wch_libraries/Peripheral/ch32v10x_adc.o
 .debug_ranges  0x0000000000000218       0x60 ./Libraries/wch_libraries/Peripheral/ch32v10x_dma.o
 .debug_ranges  0x0000000000000278       0x48 ./Libraries/wch_libraries/Peripheral/ch32v10x_exti.o
 .debug_ranges  0x00000000000002c0       0x90 ./Libraries/wch_libraries/Peripheral/ch32v10x_gpio.o
 .debug_ranges  0x0000000000000350       0x18 ./Libraries/wch_libraries/Peripheral/ch32v10x_misc.o
 .debug_ranges  0x0000000000000368      0x108 ./Libraries/wch_libraries/Peripheral/ch32v10x_rcc.o
 .debug_ranges  0x0000000000000470       0xc0 ./Libraries/wch_libraries/Peripheral/ch32v10x_spi.o
 .debug_ranges  0x0000000000000530      0x2e8 ./Libraries/wch_libraries/Peripheral/ch32v10x_tim.o
 .debug_ranges  0x0000000000000818       0xf0 ./Libraries/wch_libraries/Peripheral/ch32v10x_usart.o
 .debug_ranges  0x0000000000000908       0xb0 ./Libraries/seekfree_peripheral/SEEKFREE_18TFT.o
 .debug_ranges  0x00000000000009b8       0x70 ./Libraries/seekfree_peripheral/SEEKFREE_MT9V03X.o
 .debug_ranges  0x0000000000000a28       0x70 ./Libraries/seekfree_peripheral/SEEKFREE_UART_7725.o
 .debug_ranges  0x0000000000000a98       0x28 ./Libraries/seekfree_libraries/zf_adc.o
 .debug_ranges  0x0000000000000ac0       0x18 ./Libraries/seekfree_libraries/zf_camera.o
 .debug_ranges  0x0000000000000ad8       0x30 ./Libraries/seekfree_libraries/zf_gpio.o
 .debug_ranges  0x0000000000000b08       0x30 ./Libraries/seekfree_libraries/zf_nvic.o
 .debug_ranges  0x0000000000000b38       0x30 ./Libraries/seekfree_libraries/zf_pwm.o
 .debug_ranges  0x0000000000000b68       0x28 ./Libraries/seekfree_libraries/zf_qtimer.o
 .debug_ranges  0x0000000000000b90       0x20 ./Libraries/seekfree_libraries/zf_spi.o