Archive member included to satisfy reference by file (symbol)

d:/mounriver/mounriver_studio/toolchain/risc-v embedded gcc/bin/../lib/gcc/riscv-none-embed/8.2.0/rv32imac/ilp32\libgcc.a(eqdf2.o)
                              ./Libraries/seekfree_peripheral/SEEKFREE_PRINTF.o (__nedf2)
d:/mounriver/mounriver_studio/toolchain/risc-v embedded gcc/bin/../lib/gcc/riscv-none-embed/8.2.0/rv32imac/ilp32\libgcc.a(ledf2.o)
                              ./Libraries/seekfree_peripheral/SEEKFREE_18TFT.o (__ltdf2)
d:/mounriver/mounriver_studio/toolchain/risc-v embedded gcc/bin/../lib/gcc/riscv-none-embed/8.2.0/rv32imac/ilp32\libgcc.a(muldf3.o)
                              ./Libraries/seekfree_peripheral/SEEKFREE_PRINTF.o (__muldf3)
d:/mounriver/mounriver_studio/toolchain/risc-v embedded gcc/bin/../lib/gcc/riscv-none-embed/8.2.0/rv32imac/ilp32\libgcc.a(subdf3.o)
                              ./Libraries/seekfree_peripheral/SEEKFREE_PRINTF.o (__subdf3)
d:/mounriver/mounriver_studio/toolchain/risc-v embedded gcc/bin/../lib/gcc/riscv-none-embed/8.2.0/rv32imac/ilp32\libgcc.a(fixdfsi.o)
                              ./Libraries/seekfree_peripheral/SEEKFREE_PRINTF.o (__fixdfsi)
d:/mounriver/mounriver_studio/toolchain/risc-v embedded gcc/bin/../lib/gcc/riscv-none-embed/8.2.0/rv32imac/ilp32\libgcc.a(floatsidf.o)
                              ./Libraries/seekfree_peripheral/SEEKFREE_PRINTF.o (__floatsidf)
d:/mounriver/mounriver_studio/toolchain/risc-v embedded gcc/bin/../lib/gcc/riscv-none-embed/8.2.0/rv32imac/ilp32\libgcc.a(_clzsi2.o)
                              d:/mounriver/mounriver_studio/toolchain/risc-v embedded gcc/bin/../lib/gcc/riscv-none-embed/8.2.0/rv32imac/ilp32\libgcc.a(muldf3.o) (__clzsi2)
d:/mounriver/mounriver_studio/toolchain/risc-v embedded gcc/bin/../lib/gcc/riscv-none-embed/8.2.0/rv32imac/ilp32\libgcc.a(_clz.o)
                              d:/mounriver/mounriver_studio/toolchain/risc-v embedded gcc/bin/../lib/gcc/riscv-none-embed/8.2.0/rv32imac/ilp32\libgcc.a(_clzsi2.o) (__clz_tab)
d:/mounriver/mounriver_studio/toolchain/risc-v embedded gcc/bin/../lib/gcc/riscv-none-embed/8.2.0/../../../../riscv-none-embed/lib/rv32imac/ilp32\libg_nano.a(lib_a-assert.o)
                              ./Libraries/seekfree_peripheral/SEEKFREE_18TFT.o (__assert_func)
d:/mounriver/mounriver_studio/toolchain/risc-v embedded gcc/bin/../lib/gcc/riscv-none-embed/8.2.0/../../../../riscv-none-embed/lib/rv32imac/ilp32\libg_nano.a(lib_a-fprintf.o)
                              d:/mounriver/mounriver_studio/toolchain/risc-v embedded gcc/bin/../lib/gcc/riscv-none-embed/8.2.0/../../../../riscv-none-embed/lib/rv32imac/ilp32\libg_nano.a(lib_a-assert.o) (fiprintf)
d:/mounriver/mounriver_studio/toolchain/risc-v embedded gcc/bin/../lib/gcc/riscv-none-embed/8.2.0/../../../../riscv-none-embed/lib/rv32imac/ilp32\libg_nano.a(lib_a-impure.o)
                              d:/mounriver/mounriver_studio/toolchain/risc-v embedded gcc/bin/../lib/gcc/riscv-none-embed/8.2.0/../../../../riscv-none-embed/lib/rv32imac/ilp32\libg_nano.a(lib_a-assert.o) (_impure_ptr)
d:/mounriver/mounriver_studio/toolchain/risc-v embedded gcc/bin/../lib/gcc/riscv-none-embed/8.2.0/../../../../riscv-none-embed/lib/rv32imac/ilp32\libg_nano.a(lib_a-memcpy.o)
                              ./Libraries/seekfree_peripheral/SEEKFREE_PRINTF.o (memcpy)
d:/mounriver/mounriver_studio/toolchain/risc-v embedded gcc/bin/../lib/gcc/riscv-none-embed/8.2.0/../../../../riscv-none-embed/lib/rv32imac/ilp32\libg_nano.a(lib_a-nano-vfprintf.o)
                              d:/mounriver/mounriver_studio/toolchain/risc-v embedded gcc/bin/../lib/gcc/riscv-none-embed/8.2.0/../../../../riscv-none-embed/lib/rv32imac/ilp32\libg_nano.a(lib_a-fprintf.o) (_vfprintf_r)
d:/mounriver/mounriver_studio/toolchain/risc-v embedded gcc/bin/../lib/gcc/riscv-none-embed/8.2.0/../../../../riscv-none-embed/lib/rv32imac/ilp32\libg_nano.a(lib_a-nano-vfprintf_i.o)
                              d:/mounriver/mounriver_studio/toolchain/risc-v embedded gcc/bin/../lib/gcc/riscv-none-embed/8.2.0/../../../../riscv-none-embed/lib/rv32imac/ilp32\libg_nano.a(lib_a-nano-vfprintf.o) (_printf_i)
d:/mounriver/mounriver_studio/toolchain/risc-v embedded gcc/bin/../lib/gcc/riscv-none-embed/8.2.0/../../../../riscv-none-embed/lib/rv32imac/ilp32\libg_nano.a(lib_a-wbuf.o)
                              d:/mounriver/mounriver_studio/toolchain/risc-v embedded gcc/bin/../lib/gcc/riscv-none-embed/8.2.0/../../../../riscv-none-embed/lib/rv32imac/ilp32\libg_nano.a(lib_a-nano-vfprintf.o) (__swbuf_r)
d:/mounriver/mounriver_studio/toolchain/risc-v embedded gcc/bin/../lib/gcc/riscv-none-embed/8.2.0/../../../../riscv-none-embed/lib/rv32imac/ilp32\libg_nano.a(lib_a-wsetup.o)
                              d:/mounriver/mounriver_studio/toolchain/risc-v embedded gcc/bin/../lib/gcc/riscv-none-embed/8.2.0/../../../../riscv-none-embed/lib/rv32imac/ilp32\libg_nano.a(lib_a-nano-vfprintf.o) (__swsetup_r)
[...]
Memory Configuration

Name             Origin             Length             Attributes
FLASH            0x0000000000000000 0x0000000000010000 xr
RAM              0x0000000020000000 0x0000000000005000 xrw
*default*        0x0000000000000000 0xffffffffffffffff

Linker script and memory map

LOAD ./USER/isr.o
LOAD ./USER/main.o
LOAD ./Libraries/wch_libraries/Startup/startup_ch32v10x.o
LOAD ./Libraries/wch_libraries/Peripheral/ch32v10x_adc.o
LOAD ./Libraries/wch_libraries/Peripheral/ch32v10x_bkp.o
LOAD ./Libraries/wch_libraries/Peripheral/ch32v10x_crc.o
LOAD ./Libraries/wch_libraries/Peripheral/ch32v10x_dbgmcu.o
LOAD ./Libraries/wch_libraries/Peripheral/ch32v10x_dma.o
LOAD ./Libraries/wch_libraries/Peripheral/ch32v10x_exti.o
LOAD ./Libraries/wch_libraries/Peripheral/ch32v10x_flash.o
LOAD ./Libraries/wch_libraries/Peripheral/ch32v10x_gpio.o
LOAD ./Libraries/wch_libraries/Peripheral/ch32v10x_i2c.o
LOAD ./Libraries/wch_libraries/Peripheral/ch32v10x_iwdg.o
LOAD ./Libraries/wch_libraries/Peripheral/ch32v10x_misc.o
LOAD ./Libraries/wch_libraries/Peripheral/ch32v10x_pwr.o
LOAD ./Libraries/wch_libraries/Peripheral/ch32v10x_rcc.o
LOAD ./Libraries/wch_libraries/Peripheral/ch32v10x_rtc.o
LOAD ./Libraries/wch_libraries/Peripheral/ch32v10x_spi.o
LOAD ./Libraries/wch_libraries/Peripheral/ch32v10x_tim.o
LOAD ./Libraries/wch_libraries/Peripheral/ch32v10x_usart.o
LOAD ./Libraries/wch_libraries/Peripheral/ch32v10x_usb.o
LOAD ./Libraries/wch_libraries/Peripheral/ch32v10x_usb_host.o
LOAD ./Libraries/wch_libraries/Peripheral/ch32v10x_wwdg.o
LOAD ./Libraries/wch_libraries/Core/core_riscv.o
LOAD ./Libraries/seekfree_peripheral/SEEKFREE_18TFT.o
LOAD ./Libraries/seekfree_peripheral/SEEKFREE_ABSOLUTE_ENCODER.o
LOAD ./Libraries/seekfree_peripheral/SEEKFREE_FONT.o
LOAD ./Libraries/seekfree_peripheral/SEEKFREE_ICM20602.o
LOAD ./Libraries/seekfree_peripheral/SEEKFREE_IIC.o
LOAD ./Libraries/seekfree_peripheral/SEEKFREE_IPS114_SPI.o
LOAD ./Libraries/seekfree_peripheral/SEEKFREE_MPU6050.o
LOAD ./Libraries/seekfree_peripheral/SEEKFREE_MT9V03X.o
LOAD ./Libraries/seekfree_peripheral/SEEKFREE_OLED.o
LOAD ./Libraries/seekfree_peripheral/SEEKFREE_PRINTF.o
LOAD ./Libraries/seekfree_peripheral/SEEKFREE_TSL1401.o
LOAD ./Libraries/seekfree_peripheral/SEEKFREE_UART_7725.o
LOAD ./Libraries/seekfree_peripheral/SEEKFREE_VIRSCO.o
LOAD ./Libraries/seekfree_peripheral/SEEKFREE_WIRELESS.o
LOAD ./Libraries/seekfree_libraries/common.o
LOAD ./Libraries/seekfree_libraries/misc.o
LOAD ./Libraries/seekfree_libraries/zf_adc.o
LOAD ./Libraries/seekfree_libraries/zf_camera.o
LOAD ./Libraries/seekfree_libraries/zf_flash.o
LOAD ./Libraries/seekfree_libraries/zf_gpio.o
LOAD ./Libraries/seekfree_libraries/zf_nvic.o
LOAD ./Libraries/seekfree_libraries/zf_pit.o
LOAD ./Libraries/seekfree_libraries/zf_pwm.o
LOAD ./Libraries/seekfree_libraries/zf_qtimer.o
LOAD ./Libraries/seekfree_libraries/zf_spi.o
LOAD ./Libraries/seekfree_libraries/zf_systick.o
LOAD ./Libraries/seekfree_libraries/zf_uart.o
LOAD ./Libraries/board/board.o
LOAD ./Libraries/board/clock_config.o
LOAD d:/mounriver/mounriver_studio/toolchain/risc-v embedded gcc/bin/../lib/gcc/riscv-none-embed/8.2.0/rv32imac/ilp32\libgcc.a
LOAD d:/mounriver/mounriver_studio/toolchain/risc-v embedded gcc/bin/../lib/gcc/riscv-none-embed/8.2.0/../../../../riscv-none-embed/lib/rv32imac/ilp32\libg_nano.a
LOAD d:/mounriver/mounriver_studio/toolchain/risc-v embedded gcc/bin/../lib/gcc/riscv-none-embed/8.2.0/../../../../riscv-none-embed/lib/rv32imac/ilp32\libc_nano.a
LOAD d:/mounriver/mounriver_studio/toolchain/risc-v embedded gcc/bin/../lib/gcc/riscv-none-embed/8.2.0/rv32imac/ilp32\libgcc.a
START GROUP
LOAD d:/mounriver/mounriver_studio/toolchain/risc-v embedded gcc/bin/../lib/gcc/riscv-none-embed/8.2.0/rv32imac/ilp32\libgcc.a
LOAD d:/mounriver/mounriver_studio/toolchain/risc-v embedded gcc/bin/../lib/gcc/riscv-none-embed/8.2.0/../../../../riscv-none-embed/lib/rv32imac/ilp32\libc_nano.a
LOAD d:/mounriver/mounriver_studio/toolchain/risc-v embedded gcc/bin/../lib/gcc/riscv-none-embed/8.2.0/../../../../riscv-none-embed/lib/rv32imac/ilp32\libnosys.a
END GROUP
START GROUP
LOAD d:/mounriver/mounriver_studio/toolchain/risc-v embedded gcc/bin/../lib/gcc/riscv-none-embed/8.2.0/rv32imac/ilp32\libgcc.a
LOAD d:/mounriver/mounriver_studio/toolchain/risc-v embedded gcc/bin/../lib/gcc/riscv-none-embed/8.2.0/../../../../riscv-none-embed/lib/rv32imac/ilp32\libc_nano.a
LOAD d:/mounriver/mounriver_studio/toolchain/risc-v embedded gcc/bin/../lib/gcc/riscv-none-embed/8.2.0/../../../../riscv-none-embed/lib/rv32imac/ilp32\libnosys.a
END GROUP
                0x0000000000000800                __stack_size = 0x800
                [!provide]                        PROVIDE (_stack_size = __stack_size)

.init           0x0000000000000000       0x38
                0x0000000000000000                _sinit = .
                0x0000000000000000                . = ALIGN (0x4)
 *(SORT_NONE(.init))
 .init          0x0000000000000000       0x38 ./Libraries/wch_libraries/Startup/startup_ch32v10x.o
                0x0000000000000000                _start
                0x0000000000000038                . = ALIGN (0x4)
                0x0000000000000038                _einit = .

.vector         0x0000000000000038      0x108
 *(.vector)
 .vector        0x0000000000000038       0xf0 ./Libraries/wch_libraries/Startup/startup_ch32v10x.o
                0x0000000000000140                . = ALIGN (0x40)
 *fill*         0x0000000000000128       0x18 

.text           0x0000000000000140     0x5504
                0x0000000000000140                . = ALIGN (0x4)
 *(.text)
 .text          0x0000000000000140       0xa8 d:/mounriver/mounriver_studio/toolchain/risc-v embedded gcc/bin/../lib/gcc/riscv-none-embed/8.2.0/../../../../riscv-none-embed/lib/rv32imac/ilp32\libg_nano.a(lib_a-memset.o)
                0x0000000000000140                memset
 *(.text.*)
 .text.EXTI0_IRQHandler
                0x00000000000001e8       0x10 ./USER/isr.o
                0x00000000000001e8                EXTI0_IRQHandler
 .text.EXTI1_IRQHandler
                0x00000000000001f8       0x4a ./USER/isr.o
                0x00000000000001f8                EXTI1_IRQHandler
 .text.EXTI2_IRQHandler
                0x0000000000000242       0x16 ./USER/isr.o
                0x0000000000000242                EXTI2_IRQHandler
 .text.EXTI3_IRQHandler
                0x0000000000000258       0x10 ./USER/isr.o
                0x0000000000000258                EXTI3_IRQHandler
 .text.EXTI4_IRQHandler
                0x0000000000000268       0x10 ./USER/isr.o
                0x0000000000000268                EXTI4_IRQHandler
 .text.EXTI9_5_IRQHandler
                0x0000000000000278       0x10 ./USER/isr.o
                0x0000000000000278                EXTI9_5_IRQHandler
 .text.EXTI15_10_IRQHandler
                0x0000000000000288       0x10 ./USER/isr.o
                0x0000000000000288                EXTI15_10_IRQHandler
 .text.ADC1_2_IRQHandler
                0x0000000000000298       0x10 ./USER/isr.o
                0x0000000000000298                ADC1_2_IRQHandler
 .text.TIM1_BRK_IRQHandler
                0x00000000000002a8       0x34 ./USER/isr.o
                0x00000000000002a8                TIM1_BRK_IRQHandler
 .text.TIM1_UP_IRQHandler
                0x00000000000002dc       0x30 ./USER/isr.o
                0x00000000000002dc                TIM1_UP_IRQHandler
 .text.TIM1_TRG_COM_IRQHandler
                0x000000000000030c       0x58 ./USER/isr.o
                0x000000000000030c                TIM1_TRG_COM_IRQHandler
 .text.TIM1_CC_IRQHandler
                0x0000000000000364       0x90 ./USER/isr.o
                0x0000000000000364                TIM1_CC_IRQHandler
 .text.TIM2_IRQHandler
                0x00000000000003f4       0x28 ./USER/isr.o
                0x00000000000003f4                TIM2_IRQHandler
 .text.TIM3_IRQHandler
                0x000000000000041c       0x30 ./USER/isr.o
                0x000000000000041c                TIM3_IRQHandler
 .text.TIM4_IRQHandler
                0x000000000000044c       0x30 ./USER/isr.o
                0x000000000000044c                TIM4_IRQHandler
 .text.USART1_IRQHandler
                0x000000000000047c       0x10 ./USER/isr.o
                0x000000000000047c                USART1_IRQHandler
 .text.USART2_IRQHandler
                0x000000000000048c       0x5a ./USER/isr.o
                0x000000000000048c                USART2_IRQHandler
 .text.USART3_IRQHandler
                0x00000000000004e6       0x10 ./USER/isr.o
                0x00000000000004e6                USART3_IRQHandler
 .text.DMA1_Channel4_IRQHandler
                0x00000000000004f6       0x46 ./USER/isr.o
                0x00000000000004f6                DMA1_Channel4_IRQHandler
 .text.NMI_Handler
                0x000000000000053c       0x10 ./USER/isr.o
                0x000000000000053c                NMI_Handler
 .text.HardFault_Handler
                0x000000000000054c        0x8 ./USER/isr.o
                0x000000000000054c                HardFault_Handler
 .text.main     0x0000000000000554       0xbc ./USER/main.o
                0x0000000000000554                main
 .text.handle_reset
                0x0000000000000610       0x7e ./Libraries/wch_libraries/Startup/startup_ch32v10x.o
                0x0000000000000610                handle_reset
 .text.DMA_DeInit
                0x000000000000068e      0x20e ./Libraries/wch_libraries/Peripheral/ch32v10x_dma.o
                0x000000000000068e                DMA_DeInit
 .text.DMA_Init
                0x000000000000089c       0xa8 ./Libraries/wch_libraries/Peripheral/ch32v10x_dma.o
                0x000000000000089c                DMA_Init
 .text.DMA_Cmd  0x0000000000000944       0x40 ./Libraries/wch_libraries/Peripheral/ch32v10x_dma.o
                0x0000000000000944                DMA_Cmd
 .text.DMA_ITConfig
                0x0000000000000984       0x4a ./Libraries/wch_libraries/Peripheral/ch32v10x_dma.o
                0x0000000000000984                DMA_ITConfig
 .text.DMA_GetFlagStatus
                0x00000000000009ce       0x5c ./Libraries/wch_libraries/Peripheral/ch32v10x_dma.o
                0x00000000000009ce                DMA_GetFlagStatus
 .text.DMA_ClearFlag
                0x0000000000000a2a       0x38 ./Libraries/wch_libraries/Peripheral/ch32v10x_dma.o
                0x0000000000000a2a                DMA_ClearFlag
 .text.EXTI_Init
                0x0000000000000a62      0x170 ./Libraries/wch_libraries/Peripheral/ch32v10x_exti.o
                0x0000000000000a62                EXTI_Init
 .text.EXTI_GetITStatus
                0x0000000000000bd2       0x56 ./Libraries/wch_libraries/Peripheral/ch32v10x_exti.o
                0x0000000000000bd2                EXTI_GetITStatus
 .text.EXTI_ClearITPendingBit
                0x0000000000000c28       0x20 ./Libraries/wch_libraries/Peripheral/ch32v10x_exti.o
                0x0000000000000c28                EXTI_ClearITPendingBit
 .text.GPIO_Init
                0x0000000000000c48      0x22a ./Libraries/wch_libraries/Peripheral/ch32v10x_gpio.o
                0x0000000000000c48                GPIO_Init
 .text.GPIO_WriteBit
                0x0000000000000e72       0x38 ./Libraries/wch_libraries/Peripheral/ch32v10x_gpio.o
                0x0000000000000e72                GPIO_WriteBit
 .text.GPIO_PinRemapConfig
                0x0000000000000eaa      0x13c ./Libraries/wch_libraries/Peripheral/ch32v10x_gpio.o
                0x0000000000000eaa                GPIO_PinRemapConfig
 .text.GPIO_EXTILineConfig
                0x0000000000000fe6       0xa2 ./Libraries/wch_libraries/Peripheral/ch32v10x_gpio.o
                0x0000000000000fe6                GPIO_EXTILineConfig
 .text.NVIC_EnableIRQ
                0x0000000000001088       0x32 ./Libraries/wch_libraries/Peripheral/ch32v10x_misc.o
 .text.NVIC_DisableIRQ
                0x00000000000010ba       0x32 ./Libraries/wch_libraries/Peripheral/ch32v10x_misc.o
 .text.NVIC_SetPriority
                0x00000000000010ec       0x2a ./Libraries/wch_libraries/Peripheral/ch32v10x_misc.o
 .text.NVIC_Init
                0x0000000000001116       0xc4 ./Libraries/wch_libraries/Peripheral/ch32v10x_misc.o
                0x0000000000001116                NVIC_Init
 .text.RCC_GetClocksFreq
                0x00000000000011da      0x21a ./Libraries/wch_libraries/Peripheral/ch32v10x_rcc.o
                0x00000000000011da                RCC_GetClocksFreq
 .text.RCC_AHBPeriphClockCmd
                0x00000000000013f4       0x46 ./Libraries/wch_libraries/Peripheral/ch32v10x_rcc.o
                0x00000000000013f4                RCC_AHBPeriphClockCmd
 .text.RCC_APB2PeriphClockCmd
                0x000000000000143a       0x46 ./Libraries/wch_libraries/Peripheral/ch32v10x_rcc.o
                0x000000000000143a                RCC_APB2PeriphClockCmd
 .text.RCC_APB1PeriphClockCmd
                0x0000000000001480       0x46 ./Libraries/wch_libraries/Peripheral/ch32v10x_rcc.o
                0x0000000000001480                RCC_APB1PeriphClockCmd
 .text.SPI_Init
                0x00000000000014c6       0xf8 ./Libraries/wch_libraries/Peripheral/ch32v10x_spi.o
                0x00000000000014c6                SPI_Init
 .text.SPI_Cmd  0x00000000000015be       0x5a ./Libraries/wch_libraries/Peripheral/ch32v10x_spi.o
                0x00000000000015be                SPI_Cmd
 .text.TIM_TimeBaseInit
                0x0000000000001618       0xfa ./Libraries/wch_libraries/Peripheral/ch32v10x_tim.o
                0x0000000000001618                TIM_TimeBaseInit
 .text.TIM_Cmd  0x0000000000001712       0x58 ./Libraries/wch_libraries/Peripheral/ch32v10x_tim.o
                0x0000000000001712                TIM_Cmd
 .text.TIM_DMACmd
                0x000000000000176a       0x70 ./Libraries/wch_libraries/Peripheral/ch32v10x_tim.o
                0x000000000000176a                TIM_DMACmd
 .text.TIM_ETRClockMode1Config
                0x00000000000017da       0x8a ./Libraries/wch_libraries/Peripheral/ch32v10x_tim.o
                0x00000000000017da                TIM_ETRClockMode1Config
 .text.TIM_ETRConfig
                0x0000000000001864       0x7c ./Libraries/wch_libraries/Peripheral/ch32v10x_tim.o
                0x0000000000001864                TIM_ETRConfig
 .text.TIM_SelectInputTrigger
                0x00000000000018e0       0x4e ./Libraries/wch_libraries/Peripheral/ch32v10x_tim.o
                0x00000000000018e0                TIM_SelectInputTrigger
 .text.TIM_SelectSlaveMode
                0x000000000000192e       0x56 ./Libraries/wch_libraries/Peripheral/ch32v10x_tim.o
                0x000000000000192e                TIM_SelectSlaveMode
 .text.TIM_SelectMasterSlaveMode
                0x0000000000001984       0x58 ./Libraries/wch_libraries/Peripheral/ch32v10x_tim.o
                0x0000000000001984                TIM_SelectMasterSlaveMode
 .text.TIM_GetITStatus
                0x00000000000019dc       0x70 ./Libraries/wch_libraries/Peripheral/ch32v10x_tim.o
                0x00000000000019dc                TIM_GetITStatus
 .text.TIM_ClearITPendingBit
                0x0000000000001a4c       0x2e ./Libraries/wch_libraries/Peripheral/ch32v10x_tim.o
                0x0000000000001a4c                TIM_ClearITPendingBit
 .text.USART_Init
                0x0000000000001a7a      0x234 ./Libraries/wch_libraries/Peripheral/ch32v10x_usart.o
                0x0000000000001a7a                USART_Init
 .text.USART_Cmd
                0x0000000000001cae       0x60 ./Libraries/wch_libraries/Peripheral/ch32v10x_usart.o
                0x0000000000001cae                USART_Cmd
 .text.USART_ITConfig
                0x0000000000001d0e       0xc4 ./Libraries/wch_libraries/Peripheral/ch32v10x_usart.o
                0x0000000000001d0e                USART_ITConfig
 .text.USART_SendData
                0x0000000000001dd2       0x2e ./Libraries/wch_libraries/Peripheral/ch32v10x_usart.o
                0x0000000000001dd2                USART_SendData
 .text.USART_GetFlagStatus
                0x0000000000001e00       0x46 ./Libraries/wch_libraries/Peripheral/ch32v10x_usart.o
                0x0000000000001e00                USART_GetFlagStatus
 .text.USART_GetITStatus
                0x0000000000001e46      0x102 ./Libraries/wch_libraries/Peripheral/ch32v10x_usart.o
                0x0000000000001e46                USART_GetITStatus
 .text.USART_ClearITPendingBit
                0x0000000000001f48       0x4e ./Libraries/wch_libraries/Peripheral/ch32v10x_usart.o
                0x0000000000001f48                USART_ClearITPendingBit
 .text.lcd_writeIndex
                0x0000000000001f96       0x52 ./Libraries/seekfree_peripheral/SEEKFREE_18TFT.o
                0x0000000000001f96                lcd_writeIndex
 .text.lcd_writeData
                0x0000000000001fe8       0x56 ./Libraries/seekfree_peripheral/SEEKFREE_18TFT.o
                0x0000000000001fe8                lcd_writeData
 .text.lcd_writedata_16bit
                0x000000000000203e       0x74 ./Libraries/seekfree_peripheral/SEEKFREE_18TFT.o
                0x000000000000203e                lcd_writedata_16bit
 .text.lcd_set_region
                0x00000000000020b2      0x124 ./Libraries/seekfree_peripheral/SEEKFREE_18TFT.o
                0x00000000000020b2                lcd_set_region
 .text.lcd_clear
                0x00000000000021d6       0x62 ./Libraries/seekfree_peripheral/SEEKFREE_18TFT.o
                0x00000000000021d6                lcd_clear
 .text.lcd_init
                0x0000000000002238      0x2c2 ./Libraries/seekfree_peripheral/SEEKFREE_18TFT.o
                0x0000000000002238                lcd_init
 .text.lcd_showchar
                0x00000000000024fa       0xcc ./Libraries/seekfree_peripheral/SEEKFREE_18TFT.o
                0x00000000000024fa                lcd_showchar
 .text.lcd_showstr
                0x00000000000025c6       0x7c ./Libraries/seekfree_peripheral/SEEKFREE_18TFT.o
                0x00000000000025c6                lcd_showstr
 .text.lcd_displayimage032_zoom
                0x0000000000002642      0x126 ./Libraries/seekfree_peripheral/SEEKFREE_18TFT.o
                0x0000000000002642                lcd_displayimage032_zoom
 .text.mt9v03x_uart_callback
                0x0000000000002768       0x70 ./Libraries/seekfree_peripheral/SEEKFREE_MT9V03X.o
                0x0000000000002768                mt9v03x_uart_callback
 .text.set_config
                0x00000000000027d8       0xf0 ./Libraries/seekfree_peripheral/SEEKFREE_MT9V03X.o
                0x00000000000027d8                set_config
 .text.get_config
                0x00000000000028c8       0xc8 ./Libraries/seekfree_peripheral/SEEKFREE_MT9V03X.o
                0x00000000000028c8                get_config
 .text.mt9v03x_vsync_init
                0x0000000000002990       0x28 ./Libraries/seekfree_peripheral/SEEKFREE_MT9V03X.o
                0x0000000000002990                mt9v03x_vsync_init
 .text.mt9v03x_tim1_etr_init
                0x00000000000029b8       0x18 ./Libraries/seekfree_peripheral/SEEKFREE_MT9V03X.o
                0x00000000000029b8                mt9v03x_tim1_etr_init
 .text.mt9v03x_dma_init
                0x00000000000029d0       0x70 ./Libraries/seekfree_peripheral/SEEKFREE_MT9V03X.o
                0x00000000000029d0                mt9v03x_dma_init
 .text.mt9v03x_init
                0x0000000000002a40       0x80 ./Libraries/seekfree_peripheral/SEEKFREE_MT9V03X.o
                0x0000000000002a40                mt9v03x_init
 .text.mt9v03x_vsync
                0x0000000000002ac0       0x36 ./Libraries/seekfree_peripheral/SEEKFREE_MT9V03X.o
                0x0000000000002ac0                mt9v03x_vsync
 .text.mt9v03x_dma
                0x0000000000002af6       0x2e ./Libraries/seekfree_peripheral/SEEKFREE_MT9V03X.o
                0x0000000000002af6                mt9v03x_dma
 .text.ov7725_cof_uart_interrupt
                0x0000000000002b24       0x70 ./Libraries/seekfree_peripheral/SEEKFREE_UART_7725.o
                0x0000000000002b24                ov7725_cof_uart_interrupt
 .text.ov7725_uart_vsync
                0x0000000000002b94       0x36 ./Libraries/seekfree_peripheral/SEEKFREE_UART_7725.o
                0x0000000000002b94                ov7725_uart_vsync
 .text.ov7725_uart_dma
                0x0000000000002bca       0x2e ./Libraries/seekfree_peripheral/SEEKFREE_UART_7725.o
                0x0000000000002bca                ov7725_uart_dma
 .text.camera_dma_init
                0x0000000000002bf8      0x15a ./Libraries/seekfree_libraries/zf_camera.o
                0x0000000000002bf8                camera_dma_init
 .text.camera_tim_etr_init
                0x0000000000002d52      0x14a ./Libraries/seekfree_libraries/zf_camera.o
                0x0000000000002d52                camera_tim_etr_init
 .text.gpio_init
                0x0000000000002e9c      0x1a4 ./Libraries/seekfree_libraries/zf_gpio.o
                0x0000000000002e9c                gpio_init
 .text.gpio_interrupt_init
                0x0000000000003040       0x80 ./Libraries/seekfree_libraries/zf_gpio.o
                0x0000000000003040                gpio_interrupt_init
 .text.nvic_init
                0x00000000000030c0       0xac ./Libraries/seekfree_libraries/zf_nvic.o
                0x00000000000030c0                nvic_init
 .text.close_all_irq
                0x000000000000316c       0x22 ./Libraries/seekfree_libraries/zf_nvic.o
                0x000000000000316c                close_all_irq
 .text.sys_recover_irq
                0x000000000000318e       0x30 ./Libraries/seekfree_libraries/zf_nvic.o
                0x000000000000318e                sys_recover_irq
 .text.DisableGlobalIRQ
                0x00000000000031be       0x48 ./Libraries/seekfree_libraries/zf_nvic.o
                0x00000000000031be                DisableGlobalIRQ
 .text.EnableGlobalIRQ
                0x0000000000003206       0x2c ./Libraries/seekfree_libraries/zf_nvic.o
                0x0000000000003206                EnableGlobalIRQ
 .text.spi_gpio_init
                0x0000000000003232      0x18e ./Libraries/seekfree_libraries/zf_spi.o
                0x0000000000003232                spi_gpio_init
 .text.spi_init
                0x00000000000033c0      0x134 ./Libraries/seekfree_libraries/zf_spi.o
                0x00000000000033c0                spi_init
 .text.spi_mosi
                0x00000000000034f4       0xc2 ./Libraries/seekfree_libraries/zf_spi.o
                0x00000000000034f4                spi_mosi
 .text.systick_delay
                0x00000000000035b6       0x94 ./Libraries/seekfree_libraries/zf_systick.o
                0x00000000000035b6                systick_delay
 .text.uart_gpio_init
                0x000000000000364a       0xec ./Libraries/seekfree_libraries/zf_uart.o
                0x000000000000364a                uart_gpio_init
 .text.uart_init
                0x0000000000003736      0x104 ./Libraries/seekfree_libraries/zf_uart.o
                0x0000000000003736                uart_init
 .text.uart_putchar
                0x000000000000383a       0x56 ./Libraries/seekfree_libraries/zf_uart.o
                0x000000000000383a                uart_putchar
 .text.uart_putbuff
                0x0000000000003890       0x46 ./Libraries/seekfree_libraries/zf_uart.o
                0x0000000000003890                uart_putbuff
 .text.uart_rx_irq
                0x00000000000038d6       0x50 ./Libraries/seekfree_libraries/zf_uart.o
                0x00000000000038d6                uart_rx_irq
 .text.board_init
                0x0000000000003926       0x48 ./Libraries/board/board.o
                0x0000000000003926                board_init
 .text._write   0x000000000000396e       0x78 ./Libraries/board/board.o
                0x000000000000396e                _write
 .text.SetSysClock
                0x00000000000039e6      0x140 ./Libraries/board/clock_config.o
 .text.SystemInit
                0x0000000000003b26       0x7e ./Libraries/board/clock_config.o
                0x0000000000003b26                SystemInit
 .text.__assert_func
                0x0000000000003ba4       0x3a d:/mounriver/mounriver_studio/toolchain/risc-v embedded gcc/bin/../lib/gcc/riscv-none-embed/8.2.0/../../../../riscv-none-embed/lib/rv32imac/ilp32\libg_nano.a(lib_a-assert.o)
                0x0000000000003ba4                __assert_func
 .text.fprintf  0x0000000000003bde       0x26 d:/mounriver/mounriver_studio/toolchain/risc-v embedded gcc/bin/../lib/gcc/riscv-none-embed/8.2.0/../../../../riscv-none-embed/lib/rv32imac/ilp32\libg_nano.a(lib_a-fprintf.o)
                0x0000000000003bde                fiprintf
                0x0000000000003bde                fprintf
 .text.__sfputc_r
                0x0000000000003c04       0x28 d:/mounriver/mounriver_studio/toolchain/risc-v embedded gcc/bin/../lib/gcc/riscv-none-embed/8.2.0/../../../../riscv-none-embed/lib/rv32imac/ilp32\libg_nano.a(lib_a-nano-vfprintf.o)
 .text.__sfputs_r
                0x0000000000003c2c       0x42 d:/mounriver/mounriver_studio/toolchain/risc-v embedded gcc/bin/../lib/gcc/riscv-none-embed/8.2.0/../../../../riscv-none-embed/lib/rv32imac/ilp32\libg_nano.a(lib_a-nano-vfprintf.o)
                0x0000000000003c2c                __sfputs_r
 .text._vfprintf_r
                0x0000000000003c6e      0x29e d:/mounriver/mounriver_studio/toolchain/risc-v embedded gcc/bin/../lib/gcc/riscv-none-embed/8.2.0/../../../../riscv-none-embed/lib/rv32imac/ilp32\libg_nano.a(lib_a-nano-vfprintf.o)
                0x0000000000003c6e                _vfprintf_r
                0x0000000000003c6e                _vfiprintf_r
 .text._printf_common
                0x0000000000003f0c      0x10c d:/mounriver/mounriver_studio/toolchain/risc-v embedded gcc/bin/../lib/gcc/riscv-none-embed/8.2.0/../../../../riscv-none-embed/lib/rv32imac/ilp32\libg_nano.a(lib_a-nano-vfprintf_i.o)
                0x0000000000003f0c                _printf_common
 .text._printf_i
                0x0000000000004018      0x2a4 d:/mounriver/mounriver_studio/toolchain/risc-v embedded gcc/bin/../lib/gcc/riscv-none-embed/8.2.0/../../../../riscv-none-embed/lib/rv32imac/ilp32\libg_nano.a(lib_a-nano-vfprintf_i.o)
                0x0000000000004018                _printf_i
 .text.__swbuf_r
                0x00000000000042bc       0xc0 d:/mounriver/mounriver_studio/toolchain/risc-v embedded gcc/bin/../lib/gcc/riscv-none-embed/8.2.0/../../../../riscv-none-embed/lib/rv32imac/ilp32\libg_nano.a(lib_a-wbuf.o)
                0x00000000000042bc                __swbuf_r
 .text.__swsetup_r
                0x000000000000437c      0x10c d:/mounriver/mounriver_studio/toolchain/risc-v embedded gcc/bin/../lib/gcc/riscv-none-embed/8.2.0/../../../../riscv-none-embed/lib/rv32imac/ilp32\libg_nano.a(lib_a-wsetup.o)
                0x000000000000437c                __swsetup_r
 .text.abort    0x0000000000004488        0xe d:/mounriver/mounriver_studio/toolchain/risc-v embedded gcc/bin/../lib/gcc/riscv-none-embed/8.2.0/../../../../riscv-none-embed/lib/rv32imac/ilp32\libg_nano.a(lib_a-abort.o)
                0x0000000000004488                abort
 .text.__sflush_r
                0x0000000000004496      0x13c d:/mounriver/mounriver_studio/toolchain/risc-v embedded gcc/bin/../lib/gcc/riscv-none-embed/8.2.0/../../../../riscv-none-embed/lib/rv32imac/ilp32\libg_nano.a(lib_a-fflush.o)
                0x0000000000004496                __sflush_r
 .text._fflush_r
                0x00000000000045d2       0x66 d:/mounriver/mounriver_studio/toolchain/risc-v embedded gcc/bin/../lib/gcc/riscv-none-embed/8.2.0/../../../../riscv-none-embed/lib/rv32imac/ilp32\libg_nano.a(lib_a-fflush.o)
                0x00000000000045d2                _fflush_r
 .text.std      0x0000000000004638       0x6a d:/mounriver/mounriver_studio/toolchain/risc-v embedded gcc/bin/../lib/gcc/riscv-none-embed/8.2.0/../../../../riscv-none-embed/lib/rv32imac/ilp32\libg_nano.a(lib_a-findfp.o)
 .text._cleanup_r
                0x00000000000046a2        0xa d:/mounriver/mounriver_studio/toolchain/risc-v embedded gcc/bin/../lib/gcc/riscv-none-embed/8.2.0/../../../../riscv-none-embed/lib/rv32imac/ilp32\libg_nano.a(lib_a-findfp.o)
                0x00000000000046a2                _cleanup_r
 .text.__sfmoreglue
                0x00000000000046ac       0x46 d:/mounriver/mounriver_studio/toolchain/risc-v embedded gcc/bin/../lib/gcc/riscv-none-embed/8.2.0/../../../../riscv-none-embed/lib/rv32imac/ilp32\libg_nano.a(lib_a-findfp.o)
                0x00000000000046ac                __sfmoreglue
 .text.__sinit  0x00000000000046f2       0x6c d:/mounriver/mounriver_studio/toolchain/risc-v embedded gcc/bin/../lib/gcc/riscv-none-embed/8.2.0/../../../../riscv-none-embed/lib/rv32imac/ilp32\libg_nano.a(lib_a-findfp.o)
                0x00000000000046f2                __sinit
 .text.__sfp    0x000000000000475e       0x9e d:/mounriver/mounriver_studio/toolchain/risc-v embedded gcc/bin/../lib/gcc/riscv-none-embed/8.2.0/../../../../riscv-none-embed/lib/rv32imac/ilp32\libg_nano.a(lib_a-findfp.o)
                0x000000000000475e                __sfp
 .text._fwalk_reent
                0x00000000000047fc       0x6c d:/mounriver/mounriver_studio/toolchain/risc-v embedded gcc/bin/../lib/gcc/riscv-none-embed/8.2.0/../../../../riscv-none-embed/lib/rv32imac/ilp32\libg_nano.a(lib_a-fwalk.o)
                0x00000000000047fc                _fwalk_reent
 .text.__swhatbuf_r
                0x0000000000004868       0x58 d:/mounriver/mounriver_studio/toolchain/risc-v embedded gcc/bin/../lib/gcc/riscv-none-embed/8.2.0/../../../../riscv-none-embed/lib/rv32imac/ilp32\libg_nano.a(lib_a-makebuf.o)
                0x0000000000004868                __swhatbuf_r
 .text.__smakebuf_r
                0x00000000000048c0       0x9c d:/mounriver/mounriver_studio/toolchain/risc-v embedded gcc/bin/../lib/gcc/riscv-none-embed/8.2.0/../../../../riscv-none-embed/lib/rv32imac/ilp32\libg_nano.a(lib_a-makebuf.o)
                0x00000000000048c0                __smakebuf_r
 .text.memchr   0x000000000000495c       0x1a d:/mounriver/mounriver_studio/toolchain/risc-v embedded gcc/bin/../lib/gcc/riscv-none-embed/8.2.0/../../../../riscv-none-embed/lib/rv32imac/ilp32\libg_nano.a(lib_a-memchr.o)
                0x000000000000495c                memchr
 .text._free_r  0x0000000000004976       0xa4 d:/mounriver/mounriver_studio/toolchain/risc-v embedded gcc/bin/../lib/gcc/riscv-none-embed/8.2.0/../../../../riscv-none-embed/lib/rv32imac/ilp32\libg_nano.a(lib_a-nano-freer.o)
                0x0000000000004976                _free_r
 .text._malloc_r
                0x0000000000004a1a       0xce d:/mounriver/mounriver_studio/toolchain/risc-v embedded gcc/bin/../lib/gcc/riscv-none-embed/8.2.0/../../../../riscv-none-embed/lib/rv32imac/ilp32\libg_nano.a(lib_a-nano-mallocr.o)
                0x0000000000004a1a                _malloc_r
 .text._sbrk_r  0x0000000000004ae8       0x30 d:/mounriver/mounriver_studio/toolchain/risc-v embedded gcc/bin/../lib/gcc/riscv-none-embed/8.2.0/../../../../riscv-none-embed/lib/rv32imac/ilp32\libg_nano.a(lib_a-sbrkr.o)
                0x0000000000004ae8                _sbrk_r
 .text._raise_r
                0x0000000000004b18       0x62 d:/mounriver/mounriver_studio/toolchain/risc-v embedded gcc/bin/../lib/gcc/riscv-none-embed/8.2.0/../../../../riscv-none-embed/lib/rv32imac/ilp32\libg_nano.a(lib_a-signal.o)
                0x0000000000004b18                _raise_r
 .text.raise    0x0000000000004b7a        0xc d:/mounriver/mounriver_studio/toolchain/risc-v embedded gcc/bin/../lib/gcc/riscv-none-embed/8.2.0/../../../../riscv-none-embed/lib/rv32imac/ilp32\libg_nano.a(lib_a-signal.o)
                0x0000000000004b7a                raise
 .text._kill_r  0x0000000000004b86       0x32 d:/mounriver/mounriver_studio/toolchain/risc-v embedded gcc/bin/../lib/gcc/riscv-none-embed/8.2.0/../../../../riscv-none-embed/lib/rv32imac/ilp32\libg_nano.a(lib_a-signalr.o)
                0x0000000000004b86                _kill_r
 .text._getpid_r
                0x0000000000004bb8        0x2 d:/mounriver/mounriver_studio/toolchain/risc-v embedded gcc/bin/../lib/gcc/riscv-none-embed/8.2.0/../../../../riscv-none-embed/lib/rv32imac/ilp32\libg_nano.a(lib_a-signalr.o)
                0x0000000000004bb8                _getpid_r
 .text.__sread  0x0000000000004bba       0x30 d:/mounriver/mounriver_studio/toolchain/risc-v embedded gcc/bin/../lib/gcc/riscv-none-embed/8.2.0/../../../../riscv-none-embed/lib/rv32imac/ilp32\libg_nano.a(lib_a-stdio.o)
                0x0000000000004bba                __sread
 .text.__swrite
                0x0000000000004bea       0x4e d:/mounriver/mounriver_studio/toolchain/risc-v embedded gcc/bin/../lib/gcc/riscv-none-embed/8.2.0/../../../../riscv-none-embed/lib/rv32imac/ilp32\libg_nano.a(lib_a-stdio.o)
                0x0000000000004bea                __swrite
 .text.__sseek  0x0000000000004c38       0x36 d:/mounriver/mounriver_studio/toolchain/risc-v embedded gcc/bin/../lib/gcc/riscv-none-embed/8.2.0/../../../../riscv-none-embed/lib/rv32imac/ilp32\libg_nano.a(lib_a-stdio.o)
                0x0000000000004c38                __sseek
 .text.__sclose
                0x0000000000004c6e        0x6 d:/mounriver/mounriver_studio/toolchain/risc-v embedded gcc/bin/../lib/gcc/riscv-none-embed/8.2.0/../../../../riscv-none-embed/lib/rv32imac/ilp32\libg_nano.a(lib_a-stdio.o)
                0x0000000000004c6e                __sclose
 .text._write_r
                0x0000000000004c74       0x36 d:/mounriver/mounriver_studio/toolchain/risc-v embedded gcc/bin/../lib/gcc/riscv-none-embed/8.2.0/../../../../riscv-none-embed/lib/rv32imac/ilp32\libg_nano.a(lib_a-writer.o)
                0x0000000000004c74                _write_r
 .text._close_r
                0x0000000000004caa       0x30 d:/mounriver/mounriver_studio/toolchain/risc-v embedded gcc/bin/../lib/gcc/riscv-none-embed/8.2.0/../../../../riscv-none-embed/lib/rv32imac/ilp32\libg_nano.a(lib_a-closer.o)
                0x0000000000004caa                _close_r
 .text._fstat_r
                0x0000000000004cda       0x32 d:/mounriver/mounriver_studio/toolchain/risc-v embedded gcc/bin/../lib/gcc/riscv-none-embed/8.2.0/../../../../riscv-none-embed/lib/rv32imac/ilp32\libg_nano.a(lib_a-fstatr.o)
                0x0000000000004cda                _fstat_r
 .text._isatty_r
                0x0000000000004d0c       0x30 d:/mounriver/mounriver_studio/toolchain/risc-v embedded gcc/bin/../lib/gcc/riscv-none-embed/8.2.0/../../../../riscv-none-embed/lib/rv32imac/ilp32\libg_nano.a(lib_a-isattyr.o)
                0x0000000000004d0c                _isatty_r
 .text._lseek_r
                0x0000000000004d3c       0x34 d:/mounriver/mounriver_studio/toolchain/risc-v embedded gcc/bin/../lib/gcc/riscv-none-embed/8.2.0/../../../../riscv-none-embed/lib/rv32imac/ilp32\libg_nano.a(lib_a-lseekr.o)
                0x0000000000004d3c                _lseek_r
 .text.__malloc_lock
                0x0000000000004d70        0x2 d:/mounriver/mounriver_studio/toolchain/risc-v embedded gcc/bin/../lib/gcc/riscv-none-embed/8.2.0/../../../../riscv-none-embed/lib/rv32imac/ilp32\libg_nano.a(lib_a-mlock.o)
                0x0000000000004d70                __malloc_lock
 .text.__malloc_unlock
                0x0000000000004d72        0x2 d:/mounriver/mounriver_studio/toolchain/risc-v embedded gcc/bin/../lib/gcc/riscv-none-embed/8.2.0/../../../../riscv-none-embed/lib/rv32imac/ilp32\libg_nano.a(lib_a-mlock.o)
                0x0000000000004d72                __malloc_unlock
 .text._read_r  0x0000000000004d74       0x34 d:/mounriver/mounriver_studio/toolchain/risc-v embedded gcc/bin/../lib/gcc/riscv-none-embed/8.2.0/../../../../riscv-none-embed/lib/rv32imac/ilp32\libg_nano.a(lib_a-readr.o)
                0x0000000000004d74                _read_r
 .text._close   0x0000000000004da8       0x10 d:/mounriver/mounriver_studio/toolchain/risc-v embedded gcc/bin/../lib/gcc/riscv-none-embed/8.2.0/../../../../riscv-none-embed/lib/rv32imac/ilp32\libnosys.a(close.o)
                0x0000000000004da8                _close
 .text._fstat   0x0000000000004db8       0x10 d:/mounriver/mounriver_studio/toolchain/risc-v embedded gcc/bin/../lib/gcc/riscv-none-embed/8.2.0/../../../../riscv-none-embed/lib/rv32imac/ilp32\libnosys.a(fstat.o)
                0x0000000000004db8                _fstat
 .text._getpid  0x0000000000004dc8       0x10 d:/mounriver/mounriver_studio/toolchain/risc-v embedded gcc/bin/../lib/gcc/riscv-none-embed/8.2.0/../../../../riscv-none-embed/lib/rv32imac/ilp32\libnosys.a(getpid.o)
                0x0000000000004dc8                _getpid
 .text._isatty  0x0000000000004dd8       0x10 d:/mounriver/mounriver_studio/toolchain/risc-v embedded gcc/bin/../lib/gcc/riscv-none-embed/8.2.0/../../../../riscv-none-embed/lib/rv32imac/ilp32\libnosys.a(isatty.o)
                0x0000000000004dd8                _isatty
 .text._kill    0x0000000000004de8       0x10 d:/mounriver/mounriver_studio/toolchain/risc-v embedded gcc/bin/../lib/gcc/riscv-none-embed/8.2.0/../../../../riscv-none-embed/lib/rv32imac/ilp32\libnosys.a(kill.o)
                0x0000000000004de8                _kill
 .text._lseek   0x0000000000004df8       0x10 d:/mounriver/mounriver_studio/toolchain/risc-v embedded gcc/bin/../lib/gcc/riscv-none-embed/8.2.0/../../../../riscv-none-embed/lib/rv32imac/ilp32\libnosys.a(lseek.o)
                0x0000000000004df8                _lseek
 .text._read    0x0000000000004e08       0x10 d:/mounriver/mounriver_studio/toolchain/risc-v embedded gcc/bin/../lib/gcc/riscv-none-embed/8.2.0/../../../../riscv-none-embed/lib/rv32imac/ilp32\libnosys.a(read.o)
                0x0000000000004e08                _read
 .text._sbrk    0x0000000000004e18       0x24 d:/mounriver/mounriver_studio/toolchain/risc-v embedded gcc/bin/../lib/gcc/riscv-none-embed/8.2.0/../../../../riscv-none-embed/lib/rv32imac/ilp32\libnosys.a(sbrk.o)
                0x0000000000004e18                _sbrk
 .text._exit    0x0000000000004e3c        0x2 d:/mounriver/mounriver_studio/toolchain/risc-v embedded gcc/bin/../lib/gcc/riscv-none-embed/8.2.0/../../../../riscv-none-embed/lib/rv32imac/ilp32\libnosys.a(_exit.o)
                0x0000000000004e3c                _exit
 *(.rodata)
 *fill*         0x0000000000004e3e        0x2 
 .rodata        0x0000000000004e40       0x34 ./USER/main.o
 .rodata        0x0000000000004e74       0x83 ./Libraries/seekfree_peripheral/SEEKFREE_18TFT.o
 *fill*         0x0000000000004ef7        0x1 
 .rodata        0x0000000000004ef8       0x2d ./Libraries/seekfree_libraries/zf_spi.o
 *(.rodata*)
 *fill*         0x0000000000004f25        0x3 
 .rodata.__func__.3212
                0x0000000000004f28        0xf ./Libraries/seekfree_peripheral/SEEKFREE_18TFT.o
 *fill*         0x0000000000004f37        0x1 
 .rodata.tft_ascii
                0x0000000000004f38      0x5f0 ./Libraries/seekfree_peripheral/SEEKFREE_FONT.o
                0x0000000000004f38                tft_ascii
 .rodata.GPION  0x0000000000005528       0x10 ./Libraries/seekfree_libraries/zf_gpio.o
                0x0000000000005528                GPION
 .rodata.TIMERN
                0x0000000000005538       0x10 ./Libraries/seekfree_libraries/zf_qtimer.o
                0x0000000000005538                TIMERN
 .rodata.__func__.3348
                0x0000000000005548        0xe ./Libraries/seekfree_libraries/zf_spi.o
 *fill*         0x0000000000005556        0x2 
 .rodata.UARTN  0x0000000000005558       0x10 ./Libraries/seekfree_libraries/zf_uart.o
                0x0000000000005558                UARTN
 .rodata.__assert_func.str1.4
                0x0000000000005568       0x3f d:/mounriver/mounriver_studio/toolchain/risc-v embedded gcc/bin/../lib/gcc/riscv-none-embed/8.2.0/../../../../riscv-none-embed/lib/rv32imac/ilp32\libg_nano.a(lib_a-assert.o)
                                         0x43 (size before relaxing)
 *fill*         0x00000000000055a7        0x1 
 .rodata._vfprintf_r.str1.4
                0x00000000000055a8       0x13 d:/mounriver/mounriver_studio/toolchain/risc-v embedded gcc/bin/../lib/gcc/riscv-none-embed/8.2.0/../../../../riscv-none-embed/lib/rv32imac/ilp32\libg_nano.a(lib_a-nano-vfprintf.o)
 *fill*         0x00000000000055bb        0x1 
 .rodata._printf_i.str1.4
                0x00000000000055bc       0x28 d:/mounriver/mounriver_studio/toolchain/risc-v embedded gcc/bin/../lib/gcc/riscv-none-embed/8.2.0/../../../../riscv-none-embed/lib/rv32imac/ilp32\libg_nano.a(lib_a-nano-vfprintf_i.o)
                                         0x25 (size before relaxing)
 .rodata.__sf_fake_stderr
                0x00000000000055e4       0x20 d:/mounriver/mounriver_studio/toolchain/risc-v embedded gcc/bin/../lib/gcc/riscv-none-embed/8.2.0/../../../../riscv-none-embed/lib/rv32imac/ilp32\libg_nano.a(lib_a-findfp.o)
                0x00000000000055e4                __sf_fake_stderr
 .rodata.__sf_fake_stdin
                0x0000000000005604       0x20 d:/mounriver/mounriver_studio/toolchain/risc-v embedded gcc/bin/../lib/gcc/riscv-none-embed/8.2.0/../../../../riscv-none-embed/lib/rv32imac/ilp32\libg_nano.a(lib_a-findfp.o)
                0x0000000000005604                __sf_fake_stdin
 .rodata.__sf_fake_stdout
                0x0000000000005624       0x20 d:/mounriver/mounriver_studio/toolchain/risc-v embedded gcc/bin/../lib/gcc/riscv-none-embed/8.2.0/../../../../riscv-none-embed/lib/rv32imac/ilp32\libg_nano.a(lib_a-findfp.o)
                0x0000000000005624                __sf_fake_stdout
 *(.glue_7)
 *(.glue_7t)
 *(.gnu.linkonce.t.*)
                0x0000000000005644                . = ALIGN (0x4)

.rela.dyn       0x0000000000005644        0x0
 .rela.init     0x0000000000005644        0x0 ./USER/isr.o
 .rela.vector   0x0000000000005644        0x0 ./USER/isr.o
 .rela.text.handle_reset
                0x0000000000005644        0x0 ./USER/isr.o
 .rela.text._vfprintf_r
                0x0000000000005644        0x0 ./USER/isr.o
 .rela.text._sbrk_r
                0x0000000000005644        0x0 ./USER/isr.o
 .rela.text._kill_r
                0x0000000000005644        0x0 ./USER/isr.o
 .rela.text._write_r
                0x0000000000005644        0x0 ./USER/isr.o
 .rela.text._close_r
                0x0000000000005644        0x0 ./USER/isr.o
 .rela.text._fstat_r
                0x0000000000005644        0x0 ./USER/isr.o
 .rela.text._isatty_r
                0x0000000000005644        0x0 ./USER/isr.o
 .rela.text._lseek_r
                0x0000000000005644        0x0 ./USER/isr.o
 .rela.text._read_r
                0x0000000000005644        0x0 ./USER/isr.o
 .rela.text._close
                0x0000000000005644        0x0 ./USER/isr.o
 .rela.text._fstat
                0x0000000000005644        0x0 ./USER/isr.o
 .rela.text._getpid
                0x0000000000005644        0x0 ./USER/isr.o
 .rela.text._isatty
                0x0000000000005644        0x0 ./USER/isr.o
 .rela.text._kill
                0x0000000000005644        0x0 ./USER/isr.o
 .rela.text._lseek
                0x0000000000005644        0x0 ./USER/isr.o
 .rela.text._read
                0x0000000000005644        0x0 ./USER/isr.o
 .rela.text._sbrk
                0x0000000000005644        0x0 ./USER/isr.o

.fini           0x0000000000005644        0x0
 *(SORT_NONE(.fini))
                0x0000000000005644                . = ALIGN (0x4)
                [!provide]                        PROVIDE (_etext = .)
                [!provide]                        PROVIDE (_eitcm = .)

.preinit_array  0x0000000000005644        0x0
                [!provide]                        PROVIDE (__preinit_array_start = .)
 *(.preinit_array)
                [!provide]                        PROVIDE (__preinit_array_end = .)

.init_array     0x0000000000005644        0x0
                [!provide]                        PROVIDE (__init_array_start = .)
 *(SORT_BY_INIT_PRIORITY(.init_array.*) SORT_BY_INIT_PRIORITY(.ctors.*))
 *(.init_array EXCLUDE_FILE(*crtend?.o *crtend.o *crtbegin?.o *crtbegin.o) .ctors)
                [!provide]                        PROVIDE (__init_array_end = .)

.fini_array     0x0000000000005644        0x0
                [!provide]                        PROVIDE (__fini_array_start = .)
 *(SORT_BY_INIT_PRIORITY(.fini_array.*) SORT_BY_INIT_PRIORITY(.dtors.*))
 *(.fini_array EXCLUDE_FILE(*crtend?.o *crtend.o *crtbegin?.o *crtbegin.o) .dtors)
                [!provide]                        PROVIDE (__fini_array_end = .)

.ctors
 *crtbegin.o(.ctors)
 *crtbegin?.o(.ctors)
 *(EXCLUDE_FILE(*crtend?.o *crtend.o) .ctors)
 *(SORT_BY_NAME(.ctors.*))
 *(.ctors)

.dtors
 *crtbegin.o(.dtors)
 *crtbegin?.o(.dtors)
 *(EXCLUDE_FILE(*crtend?.o *crtend.o) .dtors)
 *(SORT_BY_NAME(.dtors.*))
 *(.dtors)

.dalign         0x0000000020000000        0x0 load address 0x0000000000005644
                0x0000000020000000                . = ALIGN (0x4)
                0x0000000020000000                PROVIDE (_data_vma = .)

.dlalign        0x0000000000005644        0x0
                0x0000000000005644                . = ALIGN (0x4)
                0x0000000000005644                PROVIDE (_data_lma = .)

.data           0x0000000020000000       0xd0 load address 0x0000000000005644
 *(.gnu.linkonce.r.*)
 *(.data .data.*)
 .data.APBAHBPrescTable
                0x0000000020000000       0x10 ./Libraries/wch_libraries/Peripheral/ch32v10x_rcc.o
 .data.MT9V03X_CFG
                0x0000000020000010       0x24 ./Libraries/seekfree_peripheral/SEEKFREE_MT9V03X.o
                0x0000000020000010                MT9V03X_CFG
 .data.GET_CFG  0x0000000020000034       0x20 ./Libraries/seekfree_peripheral/SEEKFREE_MT9V03X.o
                0x0000000020000034                GET_CFG
 .data.impure_data
                0x0000000020000054       0x60 d:/mounriver/mounriver_studio/toolchain/risc-v embedded gcc/bin/../lib/gcc/riscv-none-embed/8.2.0/../../../../riscv-none-embed/lib/rv32imac/ilp32\libg_nano.a(lib_a-impure.o)
 *(.gnu.linkonce.d.*)
                0x00000000200000b8                . = ALIGN (0x8)
 *fill*         0x00000000200000b4        0x4 
                0x00000000200008b8                PROVIDE (__global_pointer$ = (. + 0x800))
 *(.sdata .sdata.*)
 .sdata.ADCPrescTable
                0x00000000200000b8        0x4 ./Libraries/wch_libraries/Peripheral/ch32v10x_rcc.o
 .sdata.camera_type
                0x00000000200000bc        0x4 ./Libraries/seekfree_libraries/common.o
                0x00000000200000bc                camera_type
 .sdata._impure_ptr
                0x00000000200000c0        0x4 d:/mounriver/mounriver_studio/toolchain/risc-v embedded gcc/bin/../lib/gcc/riscv-none-embed/8.2.0/../../../../riscv-none-embed/lib/rv32imac/ilp32\libg_nano.a(lib_a-impure.o)
                0x00000000200000c0                _impure_ptr
 *(.sdata2.*)
 .sdata2.SPIN   0x00000000200000c4        0x8 ./Libraries/seekfree_libraries/zf_spi.o
                0x00000000200000c4                SPIN
 .sdata2._global_impure_ptr
                0x00000000200000cc        0x4 d:/mounriver/mounriver_studio/toolchain/risc-v embedded gcc/bin/../lib/gcc/riscv-none-embed/8.2.0/../../../../riscv-none-embed/lib/rv32imac/ilp32\libg_nano.a(lib_a-impure.o)
                0x00000000200000cc                _global_impure_ptr
 *(.gnu.linkonce.s.*)
                0x00000000200000d0                . = ALIGN (0x8)
 *(.srodata.cst16)
 *(.srodata.cst8)
 *(.srodata.cst4)
 *(.srodata.cst2)
 *(.srodata .srodata.*)
                0x00000000200000d0                . = ALIGN (0x4)
                0x00000000200000d0                PROVIDE (_edata = .)

.bss            0x00000000200000d0     0x24ec load address 0x0000000000005714
                0x00000000200000d0                . = ALIGN (0x4)
                0x00000000200000d0                PROVIDE (_sbss = .)
 *(.sbss*)
 .sbss.receive  0x00000000200000d0        0x3 ./Libraries/seekfree_peripheral/SEEKFREE_MT9V03X.o
                0x00000000200000d0                receive
 .sbss.receive_num
                0x00000000200000d3        0x1 ./Libraries/seekfree_peripheral/SEEKFREE_MT9V03X.o
                0x00000000200000d3                receive_num
 .sbss.uart_receive_flag
                0x00000000200000d4        0x1 ./Libraries/seekfree_peripheral/SEEKFREE_MT9V03X.o
                0x00000000200000d4                uart_receive_flag
 .sbss.mt9v03x_finish_flag
                0x00000000200000d5        0x1 ./Libraries/seekfree_peripheral/SEEKFREE_MT9V03X.o
                0x00000000200000d5                mt9v03x_finish_flag
 *fill*         0x00000000200000d6        0x2 
 .sbss.ov7725_uart_receive
                0x00000000200000d8        0x3 ./Libraries/seekfree_peripheral/SEEKFREE_UART_7725.o
                0x00000000200000d8                ov7725_uart_receive
 .sbss.ov7725_uart_receive_num
                0x00000000200000db        0x1 ./Libraries/seekfree_peripheral/SEEKFREE_UART_7725.o
                0x00000000200000db                ov7725_uart_receive_num
 .sbss.ov7725_uart_receive_flag
                0x00000000200000dc        0x1 ./Libraries/seekfree_peripheral/SEEKFREE_UART_7725.o
                0x00000000200000dc                ov7725_uart_receive_flag
 .sbss.ov7725_uart_finish_flag
                0x00000000200000dd        0x1 ./Libraries/seekfree_peripheral/SEEKFREE_UART_7725.o
                0x00000000200000dd                ov7725_uart_finish_flag
 *fill*         0x00000000200000de        0x2 
 .sbss.sys_clk  0x00000000200000e0        0x4 ./Libraries/seekfree_libraries/common.o
                0x00000000200000e0                sys_clk
 .sbss.camera_buffer_addr
                0x00000000200000e4        0x4 ./Libraries/seekfree_libraries/common.o
                0x00000000200000e4                camera_buffer_addr
 .sbss.__malloc_free_list
                0x00000000200000e8        0x4 d:/mounriver/mounriver_studio/toolchain/risc-v embedded gcc/bin/../lib/gcc/riscv-none-embed/8.2.0/../../../../riscv-none-embed/lib/rv32imac/ilp32\libg_nano.a(lib_a-nano-mallocr.o)
                0x00000000200000e8                __malloc_free_list
 .sbss.__malloc_sbrk_start
                0x00000000200000ec        0x4 d:/mounriver/mounriver_studio/toolchain/risc-v embedded gcc/bin/../lib/gcc/riscv-none-embed/8.2.0/../../../../riscv-none-embed/lib/rv32imac/ilp32\libg_nano.a(lib_a-nano-mallocr.o)
                0x00000000200000ec                __malloc_sbrk_start
 .sbss.heap_end.1518
                0x00000000200000f0        0x4 d:/mounriver/mounriver_studio/toolchain/risc-v embedded gcc/bin/../lib/gcc/riscv-none-embed/8.2.0/../../../../riscv-none-embed/lib/rv32imac/ilp32\libnosys.a(sbrk.o)
 *(.gnu.linkonce.sb.*)
 *(.bss*)
 .bss.mt9v03x_image
                0x00000000200000f4     0x24b8 ./Libraries/seekfree_peripheral/SEEKFREE_MT9V03X.o
                0x00000000200000f4                mt9v03x_image
 .bss.irq_status
                0x00000000200025ac        0xc ./Libraries/seekfree_libraries/common.o
                0x00000000200025ac                irq_status
 *(.gnu.linkonce.b.*)
 *(COMMON*)
 COMMON         0x00000000200025b8        0x4 d:/mounriver/mounriver_studio/toolchain/risc-v embedded gcc/bin/../lib/gcc/riscv-none-embed/8.2.0/../../../../riscv-none-embed/lib/rv32imac/ilp32\libg_nano.a(lib_a-reent.o)
                0x00000000200025b8                errno
                0x00000000200025bc                . = ALIGN (0x4)
                0x00000000200025bc                PROVIDE (_ebss = .)
                [!provide]                        PROVIDE (_end = _ebss)
                0x00000000200025bc                PROVIDE (end = .)

.stack          0x0000000020004800      0x800
                0x0000000020004800                . = ALIGN (0x4)
                [!provide]                        PROVIDE (_susrstack = .)
                0x0000000020005000                . = (. + __stack_size)
 *fill*         0x0000000020004800      0x800 
                0x0000000020005000                PROVIDE (_eusrstack = .)
OUTPUT(15.1-MT9V03x 1.8TFT Mono Demo.elf elf32-littleriscv)

.debug_info     0x0000000000000000    0x14fec
 .debug_info    0x0000000000000000     0x139e ./USER/isr.o
 .debug_info    0x000000000000139e      0xec6 ./USER/main.o
 .debug_info    0x0000000000002264       0x22 ./Libraries/wch_libraries/Startup/startup_ch32v10x.o
 .debug_info    0x0000000000002286      0x476 ./Libraries/wch_libraries/Peripheral/ch32v10x_dma.o
 .debug_info    0x00000000000026fc      0x353 ./Libraries/wch_libraries/Peripheral/ch32v10x_exti.o
 .debug_info    0x0000000000002a4f      0x6e7 ./Libraries/wch_libraries/Peripheral/ch32v10x_gpio.o
 .debug_info    0x0000000000003136      0x517 ./Libraries/wch_libraries/Peripheral/ch32v10x_misc.o
 .debug_info    0x000000000000364d      0x8d8 ./Libraries/wch_libraries/Peripheral/ch32v10x_rcc.o
 .debug_info    0x0000000000003f25      0x94f ./Libraries/wch_libraries/Peripheral/ch32v10x_spi.o
 .debug_info    0x0000000000004874     0x1dcc ./Libraries/wch_libraries/Peripheral/ch32v10x_tim.o
 .debug_info    0x0000000000006640      0xa42 ./Libraries/wch_libraries/Peripheral/ch32v10x_usart.o
 .debug_info    0x0000000000007082     0x18ea ./Libraries/seekfree_peripheral/SEEKFREE_18TFT.o
 .debug_info    0x000000000000896c      0xb50 ./Libraries/seekfree_peripheral/SEEKFREE_FONT.o
 .debug_info    0x00000000000094bc     0x159f ./Libraries/seekfree_peripheral/SEEKFREE_MT9V03X.o
 .debug_info    0x000000000000aa5b     0x1573 ./Libraries/seekfree_peripheral/SEEKFREE_UART_7725.o
 .debug_info    0x000000000000bfce      0xa5b ./Libraries/seekfree_libraries/common.o
 .debug_info    0x000000000000ca29     0x129e ./Libraries/seekfree_libraries/zf_camera.o
 .debug_info    0x000000000000dcc7     0x118f ./Libraries/seekfree_libraries/zf_gpio.o
 .debug_info    0x000000000000ee56      0xeeb ./Libraries/seekfree_libraries/zf_nvic.o
 .debug_info    0x000000000000fd41     0x125a ./Libraries/seekfree_libraries/zf_qtimer.o
 .debug_info    0x0000000000010f9b     0x1218 ./Libraries/seekfree_libraries/zf_spi.o
 .debug_info    0x00000000000121b3      0xbae ./Libraries/seekfree_libraries/zf_systick.o
 .debug_info    0x0000000000012d61     0x1339 ./Libraries/seekfree_libraries/zf_uart.o
 .debug_info    0x000000000001409a      0xcf3 ./Libraries/board/board.o
 .debug_info    0x0000000000014d8d      0x25f ./Libraries/board/clock_config.o

.debug_abbrev   0x0000000000000000     0x3586
 .debug_abbrev  0x0000000000000000      0x252 ./USER/isr.o
 .debug_abbrev  0x0000000000000252      0x220 ./USER/main.o
 .debug_abbrev  0x0000000000000472       0x12 ./Libraries/wch_libraries/Startup/startup_ch32v10x.o
 .debug_abbrev  0x0000000000000484      0x18f ./Libraries/wch_libraries/Peripheral/ch32v10x_dma.o
 .debug_abbrev  0x0000000000000613      0x144 ./Libraries/wch_libraries/Peripheral/ch32v10x_exti.o
 .debug_abbrev  0x0000000000000757      0x1c7 ./Libraries/wch_libraries/Peripheral/ch32v10x_gpio.o
 .debug_abbrev  0x000000000000091e      0x179 ./Libraries/wch_libraries/Peripheral/ch32v10x_misc.o
 .debug_abbrev  0x0000000000000a97      0x1ef ./Libraries/wch_libraries/Peripheral/ch32v10x_rcc.o
 .debug_abbrev  0x0000000000000c86      0x19e ./Libraries/wch_libraries/Peripheral/ch32v10x_spi.o
 .debug_abbrev  0x0000000000000e24      0x1c9 ./Libraries/wch_libraries/Peripheral/ch32v10x_tim.o
 .debug_abbrev  0x0000000000000fed      0x19e ./Libraries/wch_libraries/Peripheral/ch32v10x_usart.o
 .debug_abbrev  0x000000000000118b      0x328 ./Libraries/seekfree_peripheral/SEEKFREE_18TFT.o
 .debug_abbrev  0x00000000000014b3      0x217 ./Libraries/seekfree_peripheral/SEEKFREE_FONT.o
 .debug_abbrev  0x00000000000016ca      0x365 ./Libraries/seekfree_peripheral/SEEKFREE_MT9V03X.o
 .debug_abbrev  0x0000000000001a2f      0x392 ./Libraries/seekfree_peripheral/SEEKFREE_UART_7725.o
 .debug_abbrev  0x0000000000001dc1      0x1fa ./Libraries/seekfree_libraries/common.o
 .debug_abbrev  0x0000000000001fbb      0x264 ./Libraries/seekfree_libraries/zf_camera.o
 .debug_abbrev  0x000000000000221f      0x2c2 ./Libraries/seekfree_libraries/zf_gpio.o
 .debug_abbrev  0x00000000000024e1      0x2b8 ./Libraries/seekfree_libraries/zf_nvic.o
 .debug_abbrev  0x0000000000002799      0x2b6 ./Libraries/seekfree_libraries/zf_qtimer.o
 .debug_abbrev  0x0000000000002a4f      0x293 ./Libraries/seekfree_libraries/zf_spi.o
 .debug_abbrev  0x0000000000002ce2      0x257 ./Libraries/seekfree_libraries/zf_systick.o
 .debug_abbrev  0x0000000000002f39      0x2e5 ./Libraries/seekfree_libraries/zf_uart.o
 .debug_abbrev  0x000000000000321e      0x280 ./Libraries/board/board.o
 .debug_abbrev  0x000000000000349e       0xe8 ./Libraries/board/clock_config.o

.debug_aranges  0x0000000000000000      0xc70
 .debug_aranges
                0x0000000000000000       0xc0 ./USER/isr.o
 .debug_aranges
                0x00000000000000c0       0x20 ./USER/main.o
 .debug_aranges
                0x00000000000000e0       0x30 ./Libraries/wch_libraries/Startup/startup_ch32v10x.o
 .debug_aranges
                0x0000000000000110       0x70 ./Libraries/wch_libraries/Peripheral/ch32v10x_dma.o
 .debug_aranges
                0x0000000000000180       0x58 ./Libraries/wch_libraries/Peripheral/ch32v10x_exti.o
 .debug_aranges
                0x00000000000001d8       0xa0 ./Libraries/wch_libraries/Peripheral/ch32v10x_gpio.o
 .debug_aranges
                0x0000000000000278       0x40 ./Libraries/wch_libraries/Peripheral/ch32v10x_misc.o
 .debug_aranges
                0x00000000000002b8      0x118 ./Libraries/wch_libraries/Peripheral/ch32v10x_rcc.o
 .debug_aranges
                0x00000000000003d0       0xd0 ./Libraries/wch_libraries/Peripheral/ch32v10x_spi.o
 .debug_aranges
                0x00000000000004a0      0x2f0 ./Libraries/wch_libraries/Peripheral/ch32v10x_tim.o
 .debug_aranges
                0x0000000000000790      0x100 ./Libraries/wch_libraries/Peripheral/ch32v10x_usart.o
 .debug_aranges
                0x0000000000000890       0xc0 ./Libraries/seekfree_peripheral/SEEKFREE_18TFT.o
 .debug_aranges
                0x0000000000000950       0x18 ./Libraries/seekfree_peripheral/SEEKFREE_FONT.o
 .debug_aranges
                0x0000000000000968       0x80 ./Libraries/seekfree_peripheral/SEEKFREE_MT9V03X.o
 .debug_aranges
                0x00000000000009e8       0x80 ./Libraries/seekfree_peripheral/SEEKFREE_UART_7725.o
 .debug_aranges
                0x0000000000000a68       0x18 ./Libraries/seekfree_libraries/common.o
 .debug_aranges
                0x0000000000000a80       0x28 ./Libraries/seekfree_libraries/zf_camera.o
 .debug_aranges
                0x0000000000000aa8       0x40 ./Libraries/seekfree_libraries/zf_gpio.o
 .debug_aranges
                0x0000000000000ae8       0x40 ./Libraries/seekfree_libraries/zf_nvic.o
 .debug_aranges
                0x0000000000000b28       0x38 ./Libraries/seekfree_libraries/zf_qtimer.o
 .debug_aranges
                0x0000000000000b60       0x30 ./Libraries/seekfree_libraries/zf_spi.o
 .debug_aranges
                0x0000000000000b90       0x30 ./Libraries/seekfree_libraries/zf_systick.o
 .debug_aranges
                0x0000000000000bc0       0x60 ./Libraries/seekfree_libraries/zf_uart.o
 .debug_aranges
                0x0000000000000c20       0x28 ./Libraries/board/board.o
 .debug_aranges
                0x0000000000000c48       0x28 ./Libraries/board/clock_config.o

.debug_ranges   0x0000000000000000      0xad8
 .debug_ranges  0x0000000000000000       0xb0 ./USER/isr.o
 .debug_ranges  0x00000000000000b0       0x10 ./USER/main.o
 .debug_ranges  0x00000000000000c0       0x28 ./Libraries/wch_libraries/Startup/startup_ch32v10x.o
 .debug_ranges  0x00000000000000e8       0x60 ./Libraries/wch_libraries/Peripheral/ch32v10x_dma.o
 .debug_ranges  0x0000000000000148       0x48 ./Libraries/wch_libraries/Peripheral/ch32v10x_exti.o
 .debug_ranges  0x0000000000000190       0x90 ./Libraries/wch_libraries/Peripheral/ch32v10x_gpio.o
 .debug_ranges  0x0000000000000220       0x30 ./Libraries/wch_libraries/Peripheral/ch32v10x_misc.o
 .debug_ranges  0x0000000000000250      0x108 ./Libraries/wch_libraries/Peripheral/ch32v10x_rcc.o
 .debug_ranges  0x0000000000000358       0xc0 ./Libraries/wch_libraries/Peripheral/ch32v10x_spi.o
 .debug_ranges  0x0000000000000418      0x2e0 ./Libraries/wch_libraries/Peripheral/ch32v10x_tim.o
 .debug_ranges  0x00000000000006f8       0xf0 ./Libraries/wch_libraries/Peripheral/ch32v10x_usart.o
 .debug_ranges  0x00000000000007e8       0xb0 ./Libraries/seekfree_peripheral/SEEKFREE_18TFT.o
 .debug_ranges  0x0000000000000898       0x70 ./Libraries/seekfree_peripheral/SEEKFREE_MT9V03X.o
 .debug_ranges  0x0000000000000908       0x70 ./Libraries/seekfree_peripheral/SEEKFREE_UART_7725.o
 .debug_ranges  0x0000000000000978       0x18 ./Libraries/seekfree_libraries/zf_camera.o
 .debug_ranges  0x0000000000000990       0x30 ./Libraries/seekfree_libraries/zf_gpio.o
 .debug_ranges  0x00000000000009c0       0x30 ./Libraries/seekfree_libraries/zf_nvic.o
 .debug_ranges  0x00000000000009f0       0x28 ./Libraries/seekfree_libraries/zf_qtimer.o
 .debug_ranges  0x0000000000000a18       0x20 ./Libraries/seekfree_libraries/zf_spi.o
 .debug_ranges  0x0000000000000a38       0x20 ./Libraries/seekfree_libraries/zf_systick.o
 .debug_ranges  0x0000000000000a58       0x50 ./Libraries/seekfree_libraries/zf_uart.o
 .debug_ranges  0x0000000000000aa8       0x18 ./Libraries/board/board.o
 .debug_ranges  0x0000000000000ac0       0x18 ./Libraries/board/clock_config.o

.debug_line     0x0000000000000000     0xbf92
 .debug_line    0x0000000000000000      0x7b0 ./USER/isr.o
 .debug_line    0x00000000000007b0      0x34d ./USER/main.o
 .debug_line    0x0000000000000afd      0x225 ./Libraries/wch_libraries/Startup/startup_ch32v10x.o
 .debug_line    0x0000000000000d22      0x6ac ./Libraries/wch_libraries/Peripheral/ch32v10x_dma.o
 .debug_line    0x00000000000013ce      0x4ea ./Libraries/wch_libraries/Peripheral/ch32v10x_exti.o
 .debug_line    0x00000000000018b8      0x97c ./Libraries/wch_libraries/Peripheral/ch32v10x_gpio.o
 .debug_line    0x0000000000002234      0x39d ./Libraries/wch_libraries/Peripheral/ch32v10x_misc.o
 .debug_line    0x00000000000025d1      0xcb2 ./Libraries/wch_libraries/Peripheral/ch32v10x_rcc.o
 .debug_line    0x0000000000003283      0xa00 ./Libraries/wch_libraries/Peripheral/ch32v10x_spi.o
 .debug_line    0x0000000000003c83     0x1f5c ./Libraries/wch_libraries/Peripheral/ch32v10x_tim.o
 .debug_line    0x0000000000005bdf      0xbe0 ./Libraries/wch_libraries/Peripheral/ch32v10x_usart.o
 .debug_line    0x00000000000067bf     0x1484 ./Libraries/seekfree_peripheral/SEEKFREE_18TFT.o
 .debug_line    0x0000000000007c43      0x1d8 ./Libraries/seekfree_peripheral/SEEKFREE_FONT.o
 .debug_line    0x0000000000007e1b      0x9e2 ./Libraries/seekfree_peripheral/SEEKFREE_MT9V03X.o
 .debug_line    0x00000000000087fd      0x9d2 ./Libraries/seekfree_peripheral/SEEKFREE_UART_7725.o
 .debug_line    0x00000000000091cf      0x19d ./Libraries/seekfree_libraries/common.o
 .debug_line    0x000000000000936c      0x4e7 ./Libraries/seekfree_libraries/zf_camera.o
 .debug_line    0x0000000000009853      0x643 ./Libraries/seekfree_libraries/zf_gpio.o
 .debug_line    0x0000000000009e96      0x461 ./Libraries/seekfree_libraries/zf_nvic.o
 .debug_line    0x000000000000a2f7      0x5bd ./Libraries/seekfree_libraries/zf_qtimer.o
 .debug_line    0x000000000000a8b4      0x5be ./Libraries/seekfree_libraries/zf_spi.o
 .debug_line    0x000000000000ae72      0x3c6 ./Libraries/seekfree_libraries/zf_systick.o
 .debug_line    0x000000000000b238      0x684 ./Libraries/seekfree_libraries/zf_uart.o
 .debug_line    0x000000000000b8bc      0x398 ./Libraries/board/board.o
 .debug_line    0x000000000000bc54      0x33e ./Libraries/board/clock_config.o

.debug_str      0x0000000000000000     0x3d41
 .debug_str     0x0000000000000000      0xc79 ./USER/isr.o
                                        0xd45 (size before relaxing)
 .debug_str     0x0000000000000c79       0x14 ./USER/main.o
                                        0xa26 (size before relaxing)
 .debug_str     0x0000000000000c8d       0x42 ./Libraries/wch_libraries/Startup/startup_ch32v10x.o
                                         0xc4 (size before relaxing)
 .debug_str     0x0000000000000ccf      0x24c ./Libraries/wch_libraries/Peripheral/ch32v10x_dma.o
                                        0x454 (size before relaxing)
 .debug_str     0x0000000000000f1b      0x1cf ./Libraries/wch_libraries/Peripheral/ch32v10x_exti.o
                                        0x3ee (size before relaxing)
 .debug_str     0x00000000000010ea      0x357 ./Libraries/wch_libraries/Peripheral/ch32v10x_gpio.o
                                        0x585 (size before relaxing)
 .debug_str     0x0000000000001441      0x3bf ./Libraries/wch_libraries/Peripheral/ch32v10x_misc.o
                                        0x622 (size before relaxing)
 .debug_str     0x0000000000001800      0x45e ./Libraries/wch_libraries/Peripheral/ch32v10x_rcc.o
                                        0x6c6 (size before relaxing)
 .debug_str     0x0000000000001c5e      0x35c ./Libraries/wch_libraries/Peripheral/ch32v10x_spi.o
                                        0x6a1 (size before relaxing)
 .debug_str     0x0000000000001fba      0xabc ./Libraries/wch_libraries/Peripheral/ch32v10x_tim.o
                                        0xeae (size before relaxing)
 .debug_str     0x0000000000002a76      0x409 ./Libraries/wch_libraries/Peripheral/ch32v10x_usart.o
                                        0x738 (size before relaxing)
 .debug_str     0x0000000000002e7f      0x363 ./Libraries/seekfree_peripheral/SEEKFREE_18TFT.o
                                        0xb04 (size before relaxing)
 .debug_str     0x00000000000031e2       0x31 ./Libraries/seekfree_peripheral/SEEKFREE_FONT.o
                                        0x743 (size before relaxing)
 .debug_str     0x0000000000003213      0x248 ./Libraries/seekfree_peripheral/SEEKFREE_MT9V03X.o
                                        0xd75 (size before relaxing)
 .debug_str     0x000000000000345b      0x280 ./Libraries/seekfree_peripheral/SEEKFREE_UART_7725.o
                                        0xe12 (size before relaxing)
 .debug_str     0x00000000000036db       0x29 ./Libraries/seekfree_libraries/common.o
                                        0x6f4 (size before relaxing)
 .debug_str     0x0000000000003704       0xa4 ./Libraries/seekfree_libraries/zf_camera.o
                                        0xae9 (size before relaxing)
 .debug_str     0x00000000000037a8       0xbc ./Libraries/seekfree_libraries/zf_gpio.o
                                        0xa0c (size before relaxing)
 .debug_str     0x0000000000003864       0xac ./Libraries/seekfree_libraries/zf_nvic.o
                                        0xb37 (size before relaxing)
 .debug_str     0x0000000000003910      0x153 ./Libraries/seekfree_libraries/zf_qtimer.o
                                        0xadc (size before relaxing)
 .debug_str     0x0000000000003a63       0xbb ./Libraries/seekfree_libraries/zf_spi.o
                                        0xa79 (size before relaxing)
 .debug_str     0x0000000000003b1e       0xd4 ./Libraries/seekfree_libraries/zf_systick.o
                                        0x7cf (size before relaxing)
 .debug_str     0x0000000000003bf2       0xc3 ./Libraries/seekfree_libraries/zf_uart.o
                                        0xc29 (size before relaxing)
 .debug_str     0x0000000000003cb5       0x26 ./Libraries/board/board.o
                                        0x88a (size before relaxing)
 .debug_str     0x0000000000003cdb       0x66 ./Libraries/board/clock_config.o
                                        0x2e6 (size before relaxing)

.comment        0x0000000000000000       0x33
 .comment       0x0000000000000000       0x33 ./USER/isr.o
                                         0x34 (size before relaxing)
 .comment       0x0000000000000033       0x34 ./USER/main.o
 .comment       0x0000000000000033       0x34 ./Libraries/wch_libraries/Peripheral/ch32v10x_dma.o
 .comment       0x0000000000000033       0x34 ./Libraries/wch_libraries/Peripheral/ch32v10x_exti.o
 .comment       0x0000000000000033       0x34 ./Libraries/wch_libraries/Peripheral/ch32v10x_gpio.o
 .comment       0x0000000000000033       0x34 ./Libraries/wch_libraries/Peripheral/ch32v10x_misc.o
 .comment       0x0000000000000033       0x34 ./Libraries/wch_libraries/Peripheral/ch32v10x_rcc.o
 .comment       0x0000000000000033       0x34 ./Libraries/wch_libraries/Peripheral/ch32v10x_spi.o
 .comment       0x0000000000000033       0x34 ./Libraries/wch_libraries/Peripheral/ch32v10x_tim.o
 .comment       0x0000000000000033       0x34 ./Libraries/wch_libraries/Peripheral/ch32v10x_usart.o
 .comment       0x0000000000000033       0x34 ./Libraries/seekfree_peripheral/SEEKFREE_18TFT.o
 .comment       0x0000000000000033       0x34 ./Libraries/seekfree_peripheral/SEEKFREE_FONT.o
 .comment       0x0000000000000033       0x34 ./Libraries/seekfree_peripheral/SEEKFREE_MT9V03X.o
 .comment       0x0000000000000033       0x34 ./Libraries/seekfree_peripheral/SEEKFREE_UART_7725.o
 .comment       0x0000000000000033       0x34 ./Libraries/seekfree_libraries/common.o
 .comment       0x0000000000000033       0x34 ./Libraries/seekfree_libraries/zf_camera.o
 .comment       0x0000000000000033       0x34 ./Libraries/seekfree_libraries/zf_gpio.o
 .comment       0x0000000000000033       0x34 ./Libraries/seekfree_libraries/zf_nvic.o
 .comment       0x0000000000000033       0x34 ./Libraries/seekfree_libraries/zf_qtimer.o
 .comment       0x0000000000000033       0x34 ./Libraries/seekfree_libraries/zf_spi.o
 .comment       0x0000000000000033       0x34 ./Libraries/seekfree_libraries/zf_systick.o
 .comment       0x0000000000000033       0x34 ./Libraries/seekfree_libraries/zf_uart.o
 .comment       0x0000000000000033       0x34 ./Libraries/board/board.o
 .comment       0x0000000000000033       0x34 ./Libraries/board/clock_config.o

.debug_frame    0x0000000000000000     0x3658
 .debug_frame   0x0000000000000000      0x2ac ./USER/isr.o
 .debug_frame   0x00000000000002ac       0x34 ./USER/main.o
 .debug_frame   0x00000000000002e0      0x174 ./Libraries/wch_libraries/Peripheral/ch32v10x_dma.o
 .debug_frame   0x0000000000000454      0x114 ./Libraries/wch_libraries/Peripheral/ch32v10x_exti.o
 .debug_frame   0x0000000000000568      0x244 ./Libraries/wch_libraries/Peripheral/ch32v10x_gpio.o
 .debug_frame   0x00000000000007ac       0xb4 ./Libraries/wch_libraries/Peripheral/ch32v10x_misc.o
 .debug_frame   0x0000000000000860      0x418 ./Libraries/wch_libraries/Peripheral/ch32v10x_rcc.o
 .debug_frame   0x0000000000000c78      0x2fc ./Libraries/wch_libraries/Peripheral/ch32v10x_spi.o
 .debug_frame   0x0000000000000f74      0xbb4 ./Libraries/wch_libraries/Peripheral/ch32v10x_tim.o
 .debug_frame   0x0000000000001b28      0x3bc ./Libraries/wch_libraries/Peripheral/ch32v10x_usart.o
 .debug_frame   0x0000000000001ee4      0x344 ./Libraries/seekfree_peripheral/SEEKFREE_18TFT.o
 .debug_frame   0x0000000000002228      0x1ec ./Libraries/seekfree_peripheral/SEEKFREE_MT9V03X.o
 .debug_frame   0x0000000000002414      0x214 ./Libraries/seekfree_peripheral/SEEKFREE_UART_7725.o
 .debug_frame   0x0000000000002628       0x60 ./Libraries/seekfree_libraries/zf_camera.o
 .debug_frame   0x0000000000002688       0xbc ./Libraries/seekfree_libraries/zf_gpio.o
 .debug_frame   0x0000000000002744       0xbc ./Libraries/seekfree_libraries/zf_nvic.o
 .debug_frame   0x0000000000002800       0xa0 ./Libraries/seekfree_libraries/zf_qtimer.o
 .debug_frame   0x00000000000028a0       0x80 ./Libraries/seekfree_libraries/zf_spi.o
 .debug_frame   0x0000000000002920       0x70 ./Libraries/seekfree_libraries/zf_systick.o
 .debug_frame   0x0000000000002990      0x150 ./Libraries/seekfree_libraries/zf_uart.o
 .debug_frame   0x0000000000002ae0       0x58 ./Libraries/board/board.o
 .debug_frame   0x0000000000002b38       0x58 ./Libraries/board/clock_config.o
 .debug_frame   0x0000000000002b90       0x40 d:/mounriver/mounriver_studio/toolchain/risc-v embedded gcc/bin/../lib/gcc/riscv-none-embed/8.2.0/../../../../riscv-none-embed/lib/rv32imac/ilp32\libg_nano.a(lib_a-assert.o)
 .debug_frame   0x0000000000002bd0       0x48 d:/mounriver/mounriver_studio/toolchain/risc-v embedded gcc/bin/../lib/gcc/riscv-none-embed/8.2.0/../../../../riscv-none-embed/lib/rv32imac/ilp32\libg_nano.a(lib_a-fprintf.o)
 .debug_frame   0x0000000000002c18       0xd0 d:/mounriver/mounriver_studio/toolchain/risc-v embedded gcc/bin/../lib/gcc/riscv-none-embed/8.2.0/../../../../riscv-none-embed/lib/rv32imac/ilp32\libg_nano.a(lib_a-nano-vfprintf.o)
 .debug_frame   0x0000000000002ce8       0x8c d:/mounriver/mounriver_studio/toolchain/risc-v embedded gcc/bin/../lib/gcc/riscv-none-embed/8.2.0/../../../../riscv-none-embed/lib/rv32imac/ilp32\libg_nano.a(lib_a-nano-vfprintf_i.o)
 .debug_frame   0x0000000000002d74       0x50 d:/mounriver/mounriver_studio/toolchain/risc-v embedded gcc/bin/../lib/gcc/riscv-none-embed/8.2.0/../../../../riscv-none-embed/lib/rv32imac/ilp32\libg_nano.a(lib_a-wbuf.o)
 .debug_frame   0x0000000000002dc4       0x3c d:/mounriver/mounriver_studio/toolchain/risc-v embedded gcc/bin/../lib/gcc/riscv-none-embed/8.2.0/../../../../riscv-none-embed/lib/rv32imac/ilp32\libg_nano.a(lib_a-wsetup.o)
 .debug_frame   0x0000000000002e00       0x28 d:/mounriver/mounriver_studio/toolchain/risc-v embedded gcc/bin/../lib/gcc/riscv-none-embed/8.2.0/../../../../riscv-none-embed/lib/rv32imac/ilp32\libg_nano.a(lib_a-abort.o)
 .debug_frame   0x0000000000002e28       0x7c d:/mounriver/mounriver_studio/toolchain/risc-v embedded gcc/bin/../lib/gcc/riscv-none-embed/8.2.0/../../../../riscv-none-embed/lib/rv32imac/ilp32\libg_nano.a(lib_a-fflush.o)
 .debug_frame   0x0000000000002ea4      0x148 d:/mounriver/mounriver_studio/toolchain/risc-v embedded gcc/bin/../lib/gcc/riscv-none-embed/8.2.0/../../../../riscv-none-embed/lib/rv32imac/ilp32\libg_nano.a(lib_a-findfp.o)
 .debug_frame   0x0000000000002fec       0x88 d:/mounriver/mounriver_studio/toolchain/risc-v embedded gcc/bin/../lib/gcc/riscv-none-embed/8.2.0/../../../../riscv-none-embed/lib/rv32imac/ilp32\libg_nano.a(lib_a-fwalk.o)
 .debug_frame   0x0000000000003074       0x64 d:/mounriver/mounriver_studio/toolchain/risc-v embedded gcc/bin/../lib/gcc/riscv-none-embed/8.2.0/../../../../riscv-none-embed/lib/rv32imac/ilp32\libg_nano.a(lib_a-makebuf.o)
 .debug_frame   0x00000000000030d8       0x20 d:/mounriver/mounriver_studio/toolchain/risc-v embedded gcc/bin/../lib/gcc/riscv-none-embed/8.2.0/../../../../riscv-none-embed/lib/rv32imac/ilp32\libg_nano.a(lib_a-memchr.o)
 .debug_frame   0x00000000000030f8       0x40 d:/mounriver/mounriver_studio/toolchain/risc-v embedded gcc/bin/../lib/gcc/riscv-none-embed/8.2.0/../../../../riscv-none-embed/lib/rv32imac/ilp32\libg_nano.a(lib_a-nano-freer.o)
 .debug_frame   0x0000000000003138       0x40 d:/mounriver/mounriver_studio/toolchain/risc-v embedded gcc/bin/../lib/gcc/riscv-none-embed/8.2.0/../../../../riscv-none-embed/lib/rv32imac/ilp32\libg_nano.a(lib_a-nano-mallocr.o)
 .debug_frame   0x0000000000003178       0x30 d:/mounriver/mounriver_studio/toolchain/risc-v embedded gcc/bin/../lib/gcc/riscv-none-embed/8.2.0/../../../../riscv-none-embed/lib/rv32imac/ilp32\libg_nano.a(lib_a-sbrkr.o)
 .debug_frame   0x00000000000031a8       0xec d:/mounriver/mounriver_studio/toolchain/risc-v embedded gcc/bin/../lib/gcc/riscv-none-embed/8.2.0/../../../../riscv-none-embed/lib/rv32imac/ilp32\libg_nano.a(lib_a-signal.o)
 .debug_frame   0x0000000000003294       0x40 d:/mounriver/mounriver_studio/toolchain/risc-v embedded gcc/bin/../lib/gcc/riscv-none-embed/8.2.0/../../../../riscv-none-embed/lib/rv32imac/ilp32\libg_nano.a(lib_a-signalr.o)
 .debug_frame   0x00000000000032d4       0xa4 d:/mounriver/mounriver_studio/toolchain/risc-v embedded gcc/bin/../lib/gcc/riscv-none-embed/8.2.0/../../../../riscv-none-embed/lib/rv32imac/ilp32\libg_nano.a(lib_a-stdio.o)
 .debug_frame   0x0000000000003378       0x30 d:/mounriver/mounriver_studio/toolchain/risc-v embedded gcc/bin/../lib/gcc/riscv-none-embed/8.2.0/../../../../riscv-none-embed/lib/rv32imac/ilp32\libg_nano.a(lib_a-writer.o)
 .debug_frame   0x00000000000033a8       0x30 d:/mounriver/mounriver_studio/toolchain/risc-v embedded gcc/bin/../lib/gcc/riscv-none-embed/8.2.0/../../../../riscv-none-embed/lib/rv32imac/ilp32\libg_nano.a(lib_a-closer.o)
 .debug_frame   0x00000000000033d8       0x30 d:/mounriver/mounriver_studio/toolchain/risc-v embedded gcc/bin/../lib/gcc/riscv-none-embed/8.2.0/../../../../riscv-none-embed/lib/rv32imac/ilp32\libg_nano.a(lib_a-fstatr.o)
 .debug_frame   0x0000000000003408       0x30 d:/mounriver/mounriver_studio/toolchain/risc-v embedded gcc/bin/../lib/gcc/riscv-none-embed/8.2.0/../../../../riscv-none-embed/lib/rv32imac/ilp32\libg_nano.a(lib_a-isattyr.o)
 .debug_frame   0x0000000000003438       0x30 d:/mounriver/mounriver_studio/toolchain/risc-v embedded gcc/bin/../lib/gcc/riscv-none-embed/8.2.0/../../../../riscv-none-embed/lib/rv32imac/ilp32\libg_nano.a(lib_a-lseekr.o)
 .debug_frame   0x0000000000003468       0x30 d:/mounriver/mounriver_studio/toolchain/risc-v embedded gcc/bin/../lib/gcc/riscv-none-embed/8.2.0/../../../../riscv-none-embed/lib/rv32imac/ilp32\libg_nano.a(lib_a-mlock.o)
 .debug_frame   0x0000000000003498       0x30 d:/mounriver/mounriver_studio/toolchain/risc-v embedded gcc/bin/../lib/gcc/riscv-none-embed/8.2.0/../../../../riscv-none-embed/lib/rv32imac/ilp32\libg_nano.a(lib_a-readr.o)
 .debug_frame   0x00000000000034c8       0x70 d:/mounriver/mounriver_studio/toolchain/risc-v embedded gcc/bin/../lib/gcc/riscv-none-embed/8.2.0/../../../../riscv-none-embed/lib/rv32imac/ilp32\libg_nano.a(lib_a-reent.o)
 .debug_frame   0x0000000000003538       0x20 d:/mounriver/mounriver_studio/toolchain/risc-v embedded gcc/bin/../lib/gcc/riscv-none-embed/8.2.0/../../../../riscv-none-embed/lib/rv32imac/ilp32\libnosys.a(close.o)
 .debug_frame   0x0000000000003558       0x20 d:/mounriver/mounriver_studio/toolchain/risc-v embedded gcc/bin/../lib/gcc/riscv-none-embed/8.2.0/../../../../riscv-none-embed/lib/rv32imac/ilp32\libnosys.a(fstat.o)
 .debug_frame   0x0000000000003578       0x20 d:/mounriver/mounriver_studio/toolchain/risc-v embedded gcc/bin/../lib/gcc/riscv-none-embed/8.2.0/../../../../riscv-none-embed/lib/rv32imac/ilp32\libnosys.a(getpid.o)
 .debug_frame   0x0000000000003598       0x20 d:/mounriver/mounriver_studio/toolchain/risc-v embedded gcc/bin/../lib/gcc/riscv-none-embed/8.2.0/../../../../riscv-none-embed/lib/rv32imac/ilp32\libnosys.a(isatty.o)
 .debug_frame   0x00000000000035b8       0x20 d:/mounriver/mounriver_studio/toolchain/risc-v embedded gcc/bin/../lib/gcc/riscv-none-embed/8.2.0/../../../../riscv-none-embed/lib/rv32imac/ilp32\libnosys.a(kill.o)
 .debug_frame   0x00000000000035d8       0x20 d:/mounriver/mounriver_studio/toolchain/risc-v embedded gcc/bin/../lib/gcc/riscv-none-embed/8.2.0/../../../../riscv-none-embed/lib/rv32imac/ilp32\libnosys.a(lseek.o)
 .debug_frame   0x00000000000035f8       0x20 d:/mounriver/mounriver_studio/toolchain/risc-v embedded gcc/bin/../lib/gcc/riscv-none-embed/8.2.0/../../../../riscv-none-embed/lib/rv32imac/ilp32\libnosys.a(read.o)
 .debug_frame   0x0000000000003618       0x20 d:/mounriver/mounriver_studio/toolchain/risc-v embedded gcc/bin/../lib/gcc/riscv-none-embed/8.2.0/../../../../riscv-none-embed/lib/rv32imac/ilp32\libnosys.a(sbrk.o)
 .debug_frame   0x0000000000003638       0x20 d:/mounriver/mounriver_studio/toolchain/risc-v embedded gcc/bin/../lib/gcc/riscv-none-embed/8.2.0/../../../../riscv-none-embed/lib/rv32imac/ilp32\libnosys.a(_exit.o)

.stab           0x0000000000000000       0xb4
 .stab          0x0000000000000000       0x24 d:/mounriver/mounriver_studio/toolchain/risc-v embedded gcc/bin/../lib/gcc/riscv-none-embed/8.2.0/../../../../riscv-none-embed/lib/rv32imac/ilp32\libnosys.a(close.o)
 .stab          0x0000000000000024       0x18 d:/mounriver/mounriver_studio/toolchain/risc-v embedded gcc/bin/../lib/gcc/riscv-none-embed/8.2.0/../../../../riscv-none-embed/lib/rv32imac/ilp32\libnosys.a(fstat.o)
                                         0x24 (size before relaxing)
 .stab          0x000000000000003c       0x18 d:/mounriver/mounriver_studio/toolchain/risc-v embedded gcc/bin/../lib/gcc/riscv-none-embed/8.2.0/../../../../riscv-none-embed/lib/rv32imac/ilp32\libnosys.a(getpid.o)
                                         0x24 (size before relaxing)
 .stab          0x0000000000000054       0x18 d:/mounriver/mounriver_studio/toolchain/risc-v embedded gcc/bin/../lib/gcc/riscv-none-embed/8.2.0/../../../../riscv-none-embed/lib/rv32imac/ilp32\libnosys.a(isatty.o)
                                         0x24 (size before relaxing)
 .stab          0x000000000000006c       0x18 d:/mounriver/mounriver_studio/toolchain/risc-v embedded gcc/bin/../lib/gcc/riscv-none-embed/8.2.0/../../../../riscv-none-embed/lib/rv32imac/ilp32\libnosys.a(kill.o)
                                         0x24 (size before relaxing)
 .stab          0x0000000000000084       0x18 d:/mounriver/mounriver_studio/toolchain/risc-v embedded gcc/bin/../lib/gcc/riscv-none-embed/8.2.0/../../../../riscv-none-embed/lib/rv32imac/ilp32\libnosys.a(lseek.o)
                                         0x24 (size before relaxing)
 .stab          0x000000000000009c       0x18 d:/mounriver/mounriver_studio/toolchain/risc-v embedded gcc/bin/../lib/gcc/riscv-none-embed/8.2.0/../../../../riscv-none-embed/lib/rv32imac/ilp32\libnosys.a(read.o)
                                         0x24 (size before relaxing)

.stabstr        0x0000000000000000      0x183
 .stabstr       0x0000000000000000      0x183 d:/mounriver/mounriver_studio/toolchain/risc-v embedded gcc/bin/../lib/gcc/riscv-none-embed/8.2.0/../../../../riscv-none-embed/lib/rv32imac/ilp32\libnosys.a(close.o)
