Archive member included to satisfy reference by file (symbol)

d:/mounriver/mounriver_studio/toolchain/risc-v embedded gcc/bin/../lib/gcc/riscv-none-embed/8.2.0/../../../../riscv-none-embed/lib/rv32imac/ilp32\libm.a(lib_a-s_round.o)
                              ./CODE/middline.o (round)
d:/mounriver/mounriver_studio/toolchain/risc-v embedded gcc/bin/../lib/gcc/riscv-none-embed/8.2.0/rv32imac/ilp32\libgcc.a(adddf3.o)
                              ./CODE/middline.o (__adddf3)
d:/mounriver/mounriver_studio/toolchain/risc-v embedded gcc/bin/../lib/gcc/riscv-none-embed/8.2.0/rv32imac/ilp32\libgcc.a(divdf3.o)
                              ./CODE/middline.o (__divdf3)
d:/mounriver/mounriver_studio/toolchain/risc-v embedded gcc/bin/../lib/gcc/riscv-none-embed/8.2.0/rv32imac/ilp32\libgcc.a(eqdf2.o)
                              ./Libraries/seekfree_peripheral/SEEKFREE_PRINTF.o (__nedf2)
d:/mounriver/mounriver_studio/toolchain/risc-v embedded gcc/bin/../lib/gcc/riscv-none-embed/8.2.0/rv32imac/ilp32\libgcc.a(ledf2.o)
                              ./Libraries/seekfree_peripheral/SEEKFREE_18TFT.o (__ltdf2)
d:/mounriver/mounriver_studio/toolchain/risc-v embedded gcc/bin/../lib/gcc/riscv-none-embed/8.2.0/rv32imac/ilp32\libgcc.a(muldf3.o)
                              ./Libraries/seekfree_peripheral/SEEKFREE_PRINTF.o (__muldf3)
d:/mounriver/mounriver_studio/toolchain/risc-v embedded gcc/bin/../lib/gcc/riscv-none-embed/8.2.0/rv32imac/ilp32\libgcc.a(subdf3.o)
                              ./Libraries/seekfree_peripheral/SEEKFREE_PRINTF.o (__subdf3)
d:/mounriver/mounriver_studio/toolchain/risc-v embedded gcc/bin/../lib/gcc/riscv-none-embed/8.2.0/rv32imac/ilp32\libgcc.a(fixdfsi.o)
                              ./Libraries/seekfree_peripheral/SEEKFREE_PRINTF.o (__fixdfsi)
d:/mounriver/mounriver_studio/toolchain/risc-v embedded gcc/bin/../lib/gcc/riscv-none-embed/8.2.0/rv32imac/ilp32\libgcc.a(floatsidf.o)
                              ./Libraries/seekfree_peripheral/SEEKFREE_PRINTF.o (__floatsidf)
d:/mounriver/mounriver_studio/toolchain/risc-v embedded gcc/bin/../lib/gcc/riscv-none-embed/8.2.0/rv32imac/ilp32\libgcc.a(addsf3.o)
                              ./CODE/cut.o (__addsf3)
d:/mounriver/mounriver_studio/toolchain/risc-v embedded gcc/bin/../lib/gcc/riscv-none-embed/8.2.0/rv32imac/ilp32\libgcc.a(divsf3.o)
                              ./CODE/cut.o (__divsf3)
d:/mounriver/mounriver_studio/toolchain/risc-v embedded gcc/bin/../lib/gcc/riscv-none-embed/8.2.0/rv32imac/ilp32\libgcc.a(gesf2.o)
                              ./CODE/ostu.o (__gesf2)
d:/mounriver/mounriver_studio/toolchain/risc-v embedded gcc/bin/../lib/gcc/riscv-none-embed/8.2.0/rv32imac/ilp32\libgcc.a(lesf2.o)
                              ./CODE/ostu.o (__lesf2)
d:/mounriver/mounriver_studio/toolchain/risc-v embedded gcc/bin/../lib/gcc/riscv-none-embed/8.2.0/rv32imac/ilp32\libgcc.a(mulsf3.o)
                              ./CODE/cut.o (__mulsf3)
d:/mounriver/mounriver_studio/toolchain/risc-v embedded gcc/bin/../lib/gcc/riscv-none-embed/8.2.0/rv32imac/ilp32\libgcc.a(subsf3.o)
                              ./CODE/hcar_motor.o (__subsf3)
d:/mounriver/mounriver_studio/toolchain/risc-v embedded gcc/bin/../lib/gcc/riscv-none-embed/8.2.0/rv32imac/ilp32\libgcc.a(fixsfsi.o)
                              ./CODE/hcar_motor.o (__fixsfsi)
d:/mounriver/mounriver_studio/toolchain/risc-v embedded gcc/bin/../lib/gcc/riscv-none-embed/8.2.0/rv32imac/ilp32\libgcc.a(fixunssfsi.o)
                              ./CODE/cut.o (__fixunssfsi)
d:/mounriver/mounriver_studio/toolchain/risc-v embedded gcc/bin/../lib/gcc/riscv-none-embed/8.2.0/rv32imac/ilp32\libgcc.a(floatsisf.o)
                              ./CODE/cut.o (__floatsisf)
d:/mounriver/mounriver_studio/toolchain/risc-v embedded gcc/bin/../lib/gcc/riscv-none-embed/8.2.0/rv32imac/ilp32\libgcc.a(floatunsisf.o)
                              ./CODE/ostu.o (__floatunsisf)
d:/mounriver/mounriver_studio/toolchain/risc-v embedded gcc/bin/../lib/gcc/riscv-none-embed/8.2.0/rv32imac/ilp32\libgcc.a(extendsfdf2.o)
                              ./CODE/middline.o (__extendsfdf2)
d:/mounriver/mounriver_studio/toolchain/risc-v embedded gcc/bin/../lib/gcc/riscv-none-embed/8.2.0/rv32imac/ilp32\libgcc.a(truncdfsf2.o)
                              ./CODE/middline.o (__truncdfsf2)
d:/mounriver/mounriver_studio/toolchain/risc-v embedded gcc/bin/../lib/gcc/riscv-none-embed/8.2.0/rv32imac/ilp32\libgcc.a(_clzsi2.o)
                              d:/mounriver/mounriver_studio/toolchain/risc-v embedded gcc/bin/../lib/gcc/riscv-none-embed/8.2.0/rv32imac/ilp32\libgcc.a(adddf3.o) (__clzsi2)
d:/mounriver/mounriver_studio/toolchain/risc-v embedded gcc/bin/../lib/gcc/riscv-none-embed/8.2.0/rv32imac/ilp32\libgcc.a(_clz.o)
                              d:/mounriver/mounriver_studio/toolchain/risc-v embedded gcc/bin/../lib/gcc/riscv-none-embed/8.2.0/rv32imac/ilp32\libgcc.a(_clzsi2.o) (__clz_tab)
[...]
Memory Configuration

Name             Origin             Length             Attributes
FLASH            0x0000000000000000 0x0000000000010000 xr
RAM              0x0000000020000000 0x0000000000005000 xrw
*default*        0x0000000000000000 0xffffffffffffffff

Linker script and memory map

LOAD ./USER/isr.o
LOAD ./USER/main.o
LOAD ./Libraries/wch_libraries/Startup/startup_ch32v10x.o
LOAD ./Libraries/wch_libraries/Peripheral/ch32v10x_adc.o
LOAD ./Libraries/wch_libraries/Peripheral/ch32v10x_bkp.o
LOAD ./Libraries/wch_libraries/Peripheral/ch32v10x_crc.o
LOAD ./Libraries/wch_libraries/Peripheral/ch32v10x_dbgmcu.o
LOAD ./Libraries/wch_libraries/Peripheral/ch32v10x_dma.o
LOAD ./Libraries/wch_libraries/Peripheral/ch32v10x_exti.o
LOAD ./Libraries/wch_libraries/Peripheral/ch32v10x_flash.o
LOAD ./Libraries/wch_libraries/Peripheral/ch32v10x_gpio.o
LOAD ./Libraries/wch_libraries/Peripheral/ch32v10x_i2c.o
LOAD ./Libraries/wch_libraries/Peripheral/ch32v10x_iwdg.o
LOAD ./Libraries/wch_libraries/Peripheral/ch32v10x_misc.o
LOAD ./Libraries/wch_libraries/Peripheral/ch32v10x_pwr.o
LOAD ./Libraries/wch_libraries/Peripheral/ch32v10x_rcc.o
LOAD ./Libraries/wch_libraries/Peripheral/ch32v10x_rtc.o
LOAD ./Libraries/wch_libraries/Peripheral/ch32v10x_spi.o
LOAD ./Libraries/wch_libraries/Peripheral/ch32v10x_tim.o
LOAD ./Libraries/wch_libraries/Peripheral/ch32v10x_usart.o
LOAD ./Libraries/wch_libraries/Peripheral/ch32v10x_usb.o
LOAD ./Libraries/wch_libraries/Peripheral/ch32v10x_usb_host.o
LOAD ./Libraries/wch_libraries/Peripheral/ch32v10x_wwdg.o
LOAD ./Libraries/wch_libraries/Core/core_riscv.o
LOAD ./Libraries/seekfree_peripheral/SEEKFREE_18TFT.o
LOAD ./Libraries/seekfree_peripheral/SEEKFREE_ABSOLUTE_ENCODER.o
LOAD ./Libraries/seekfree_peripheral/SEEKFREE_FONT.o
LOAD ./Libraries/seekfree_peripheral/SEEKFREE_ICM20602.o
LOAD ./Libraries/seekfree_peripheral/SEEKFREE_IIC.o
LOAD ./Libraries/seekfree_peripheral/SEEKFREE_IPS114_SPI.o
LOAD ./Libraries/seekfree_peripheral/SEEKFREE_MPU6050.o
LOAD ./Libraries/seekfree_peripheral/SEEKFREE_MT9V03X.o
LOAD ./Libraries/seekfree_peripheral/SEEKFREE_OLED.o
LOAD ./Libraries/seekfree_peripheral/SEEKFREE_PRINTF.o
LOAD ./Libraries/seekfree_peripheral/SEEKFREE_TSL1401.o
LOAD ./Libraries/seekfree_peripheral/SEEKFREE_UART_7725.o
LOAD ./Libraries/seekfree_peripheral/SEEKFREE_VIRSCO.o
LOAD ./Libraries/seekfree_peripheral/SEEKFREE_WIRELESS.o
LOAD ./Libraries/seekfree_libraries/common.o
LOAD ./Libraries/seekfree_libraries/misc.o
LOAD ./Libraries/seekfree_libraries/zf_adc.o
LOAD ./Libraries/seekfree_libraries/zf_camera.o
LOAD ./Libraries/seekfree_libraries/zf_flash.o
LOAD ./Libraries/seekfree_libraries/zf_gpio.o
LOAD ./Libraries/seekfree_libraries/zf_nvic.o
LOAD ./Libraries/seekfree_libraries/zf_pit.o
LOAD ./Libraries/seekfree_libraries/zf_pwm.o
LOAD ./Libraries/seekfree_libraries/zf_qtimer.o
LOAD ./Libraries/seekfree_libraries/zf_spi.o
LOAD ./Libraries/seekfree_libraries/zf_systick.o
LOAD ./Libraries/seekfree_libraries/zf_uart.o
LOAD ./Libraries/board/board.o
LOAD ./Libraries/board/clock_config.o
LOAD ./CODE/Serial_oscilloscope.o
LOAD ./CODE/cut.o
LOAD ./CODE/hcar_adc.o
LOAD ./CODE/hcar_element.o
LOAD ./CODE/hcar_gogogo.o
LOAD ./CODE/hcar_init.o
LOAD ./CODE/hcar_key.o
LOAD ./CODE/hcar_motor.o
LOAD ./CODE/hcar_uart.o
LOAD ./CODE/hcar_wireless.o
LOAD ./CODE/middline.o
LOAD ./CODE/ostu.o
LOAD d:/mounriver/mounriver_studio/toolchain/risc-v embedded gcc/bin/../lib/gcc/riscv-none-embed/8.2.0/../../../../riscv-none-embed/lib/rv32imac/ilp32\libm.a
LOAD d:/mounriver/mounriver_studio/toolchain/risc-v embedded gcc/bin/../lib/gcc/riscv-none-embed/8.2.0/rv32imac/ilp32\libgcc.a
LOAD d:/mounriver/mounriver_studio/toolchain/risc-v embedded gcc/bin/../lib/gcc/riscv-none-embed/8.2.0/../../../../riscv-none-embed/lib/rv32imac/ilp32\libg_nano.a
LOAD d:/mounriver/mounriver_studio/toolchain/risc-v embedded gcc/bin/../lib/gcc/riscv-none-embed/8.2.0/../../../../riscv-none-embed/lib/rv32imac/ilp32\libc_nano.a
LOAD d:/mounriver/mounriver_studio/toolchain/risc-v embedded gcc/bin/../lib/gcc/riscv-none-embed/8.2.0/rv32imac/ilp32\libgcc.a
START GROUP
LOAD d:/mounriver/mounriver_studio/toolchain/risc-v embedded gcc/bin/../lib/gcc/riscv-none-embed/8.2.0/rv32imac/ilp32\libgcc.a
LOAD d:/mounriver/mounriver_studio/toolchain/risc-v embedded gcc/bin/../lib/gcc/riscv-none-embed/8.2.0/../../../../riscv-none-embed/lib/rv32imac/ilp32\libc_nano.a
LOAD d:/mounriver/mounriver_studio/toolchain/risc-v embedded gcc/bin/../lib/gcc/riscv-none-embed/8.2.0/../../../../riscv-none-embed/lib/rv32imac/ilp32\libnosys.a
END GROUP
START GROUP
LOAD d:/mounriver/mounriver_studio/toolchain/risc-v embedded gcc/bin/../lib/gcc/riscv-none-embed/8.2.0/rv32imac/ilp32\libgcc.a
LOAD d:/mounriver/mounriver_studio/toolchain/risc-v embedded gcc/bin/../lib/gcc/riscv-none-embed/8.2.0/../../../../riscv-none-embed/lib/rv32imac/ilp32\libc_nano.a
LOAD d:/mounriver/mounriver_studio/toolchain/risc-v embedded gcc/bin/../lib/gcc/riscv-none-embed/8.2.0/../../../../riscv-none-embed/lib/rv32imac/ilp32\libnosys.a
END GROUP
                0x0000000000000800                __stack_size = 0x800
                [!provide]                        PROVIDE (_stack_size = __stack_size)

.init           0x0000000000000000       0x38
                0x0000000000000000                _sinit = .
                0x0000000000000000                . = ALIGN (0x4)
 *(SORT_NONE(.init))
 .init          0x0000000000000000       0x38 ./Libraries/wch_libraries/Startup/startup_ch32v10x.o
                0x0000000000000000                _start
                0x0000000000000038                . = ALIGN (0x4)
                0x0000000000000038                _einit = .

.vector         0x0000000000000038      0x108
 *(.vector)
 .vector        0x0000000000000038       0xf0 ./Libraries/wch_libraries/Startup/startup_ch32v10x.o
                0x0000000000000140                . = ALIGN (0x40)
 *fill*         0x0000000000000128       0x18 

.text           0x0000000000000140     0x5db0
                0x0000000000000140                . = ALIGN (0x4)
 *(.text)
 .text          0x0000000000000140       0xa8 d:/mounriver/mounriver_studio/toolchain/risc-v embedded gcc/bin/../lib/gcc/riscv-none-embed/8.2.0/../../../../riscv-none-embed/lib/rv32imac/ilp32\libg_nano.a(lib_a-memset.o)
                0x0000000000000140                memset
 *(.text.*)
 .text.EXTI0_IRQHandler
                0x00000000000001e8       0xc2 ./USER/isr.o
                0x00000000000001e8                EXTI0_IRQHandler
 .text.EXTI1_IRQHandler
                0x00000000000002aa       0x34 ./USER/isr.o
                0x00000000000002aa                EXTI1_IRQHandler
 .text.EXTI2_IRQHandler
                0x00000000000002de        0x8 ./USER/isr.o
                0x00000000000002de                EXTI2_IRQHandler
 .text.EXTI3_IRQHandler
                0x00000000000002e6        0x4 ./USER/isr.o
                0x00000000000002e6                EXTI3_IRQHandler
 .text.EXTI4_IRQHandler
                0x00000000000002ea        0x4 ./USER/isr.o
                0x00000000000002ea                EXTI4_IRQHandler
 .text.EXTI9_5_IRQHandler
                0x00000000000002ee        0x4 ./USER/isr.o
                0x00000000000002ee                EXTI9_5_IRQHandler
 .text.EXTI15_10_IRQHandler
                0x00000000000002f2        0x4 ./USER/isr.o
                0x00000000000002f2                EXTI15_10_IRQHandler
 .text.ADC1_2_IRQHandler
                0x00000000000002f6        0x4 ./USER/isr.o
                0x00000000000002f6                ADC1_2_IRQHandler
 .text.TIM1_BRK_IRQHandler
                0x00000000000002fa       0x28 ./USER/isr.o
                0x00000000000002fa                TIM1_BRK_IRQHandler
 .text.TIM1_UP_IRQHandler
                0x0000000000000322       0x24 ./USER/isr.o
                0x0000000000000322                TIM1_UP_IRQHandler
 .text.TIM1_TRG_COM_IRQHandler
                0x0000000000000346       0x4c ./USER/isr.o
                0x0000000000000346                TIM1_TRG_COM_IRQHandler
 .text.TIM1_CC_IRQHandler
                0x0000000000000392       0x84 ./USER/isr.o
                0x0000000000000392                TIM1_CC_IRQHandler
 .text.TIM2_IRQHandler
                0x0000000000000416       0x1c ./USER/isr.o
                0x0000000000000416                TIM2_IRQHandler
 .text.TIM3_IRQHandler
                0x0000000000000432       0x24 ./USER/isr.o
                0x0000000000000432                TIM3_IRQHandler
 .text.TIM4_IRQHandler
                0x0000000000000456        0x4 ./USER/isr.o
                0x0000000000000456                TIM4_IRQHandler
 .text.USART1_IRQHandler
                0x000000000000045a        0x4 ./USER/isr.o
                0x000000000000045a                USART1_IRQHandler
 .text.USART2_IRQHandler
                0x000000000000045e       0x46 ./USER/isr.o
                0x000000000000045e                USART2_IRQHandler
 .text.USART3_IRQHandler
                0x00000000000004a4       0x40 ./USER/isr.o
                0x00000000000004a4                USART3_IRQHandler
 .text.DMA1_Channel4_IRQHandler
                0x00000000000004e4       0x32 ./USER/isr.o
                0x00000000000004e4                DMA1_Channel4_IRQHandler
 .text.NMI_Handler
                0x0000000000000516        0x4 ./USER/isr.o
                0x0000000000000516                NMI_Handler
 .text.HardFault_Handler
                0x000000000000051a        0xc ./USER/isr.o
                0x000000000000051a                HardFault_Handler
 .text.main     0x0000000000000526       0x10 ./USER/main.o
                0x0000000000000526                main
 .text.handle_reset
                0x0000000000000536       0x7a ./Libraries/wch_libraries/Startup/startup_ch32v10x.o
                0x0000000000000536                handle_reset
 .text.ADC_DeInit
                0x00000000000005b0       0x28 ./Libraries/wch_libraries/Peripheral/ch32v10x_adc.o
                0x00000000000005b0                ADC_DeInit
 .text.ADC_Init
                0x00000000000005d8       0x50 ./Libraries/wch_libraries/Peripheral/ch32v10x_adc.o
                0x00000000000005d8                ADC_Init
 .text.ADC_Cmd  0x0000000000000628       0x14 ./Libraries/wch_libraries/Peripheral/ch32v10x_adc.o
                0x0000000000000628                ADC_Cmd
 .text.ADC_ResetCalibration
                0x000000000000063c        0xa ./Libraries/wch_libraries/Peripheral/ch32v10x_adc.o
                0x000000000000063c                ADC_ResetCalibration
 .text.ADC_GetResetCalibrationStatus
                0x0000000000000646        0x8 ./Libraries/wch_libraries/Peripheral/ch32v10x_adc.o
                0x0000000000000646                ADC_GetResetCalibrationStatus
 .text.ADC_StartCalibration
                0x000000000000064e        0xa ./Libraries/wch_libraries/Peripheral/ch32v10x_adc.o
                0x000000000000064e                ADC_StartCalibration
 .text.ADC_GetCalibrationStatus
                0x0000000000000658        0x8 ./Libraries/wch_libraries/Peripheral/ch32v10x_adc.o
                0x0000000000000658                ADC_GetCalibrationStatus
 .text.DMA_GetFlagStatus
                0x0000000000000660       0x20 ./Libraries/wch_libraries/Peripheral/ch32v10x_dma.o
                0x0000000000000660                DMA_GetFlagStatus
 .text.DMA_ClearFlag
                0x0000000000000680       0x1a ./Libraries/wch_libraries/Peripheral/ch32v10x_dma.o
                0x0000000000000680                DMA_ClearFlag
 .text.EXTI_Init
                0x000000000000069a       0xa2 ./Libraries/wch_libraries/Peripheral/ch32v10x_exti.o
                0x000000000000069a                EXTI_Init
 .text.EXTI_GetITStatus
                0x000000000000073c       0x1c ./Libraries/wch_libraries/Peripheral/ch32v10x_exti.o
                0x000000000000073c                EXTI_GetITStatus
 .text.EXTI_ClearITPendingBit
                0x0000000000000758        0xa ./Libraries/wch_libraries/Peripheral/ch32v10x_exti.o
                0x0000000000000758                EXTI_ClearITPendingBit
 .text.GPIO_Init
                0x0000000000000762       0xca ./Libraries/wch_libraries/Peripheral/ch32v10x_gpio.o
                0x0000000000000762                GPIO_Init
 .text.GPIO_WriteBit
                0x000000000000082c        0xa ./Libraries/wch_libraries/Peripheral/ch32v10x_gpio.o
                0x000000000000082c                GPIO_WriteBit
 .text.GPIO_PinRemapConfig
                0x0000000000000836       0x9a ./Libraries/wch_libraries/Peripheral/ch32v10x_gpio.o
                0x0000000000000836                GPIO_PinRemapConfig
 .text.GPIO_EXTILineConfig
                0x00000000000008d0       0x2c ./Libraries/wch_libraries/Peripheral/ch32v10x_gpio.o
                0x00000000000008d0                GPIO_EXTILineConfig
 .text.NVIC_Init
                0x00000000000008fc       0xae ./Libraries/wch_libraries/Peripheral/ch32v10x_misc.o
                0x00000000000008fc                NVIC_Init
 .text.RCC_ADCCLKConfig
                0x00000000000009aa       0x12 ./Libraries/wch_libraries/Peripheral/ch32v10x_rcc.o
                0x00000000000009aa                RCC_ADCCLKConfig
 .text.RCC_GetClocksFreq
                0x00000000000009bc       0xf2 ./Libraries/wch_libraries/Peripheral/ch32v10x_rcc.o
                0x00000000000009bc                RCC_GetClocksFreq
 .text.RCC_APB2PeriphClockCmd
                0x0000000000000aae       0x1e ./Libraries/wch_libraries/Peripheral/ch32v10x_rcc.o
                0x0000000000000aae                RCC_APB2PeriphClockCmd
 .text.RCC_APB1PeriphClockCmd
                0x0000000000000acc       0x1e ./Libraries/wch_libraries/Peripheral/ch32v10x_rcc.o
                0x0000000000000acc                RCC_APB1PeriphClockCmd
 .text.RCC_APB2PeriphResetCmd
                0x0000000000000aea       0x1e ./Libraries/wch_libraries/Peripheral/ch32v10x_rcc.o
                0x0000000000000aea                RCC_APB2PeriphResetCmd
 .text.SPI_Init
                0x0000000000000b08       0x5a ./Libraries/wch_libraries/Peripheral/ch32v10x_spi.o
                0x0000000000000b08                SPI_Init
 .text.SPI_Cmd  0x0000000000000b62       0x26 ./Libraries/wch_libraries/Peripheral/ch32v10x_spi.o
                0x0000000000000b62                SPI_Cmd
 .text.TIM_TimeBaseInit
                0x0000000000000b88       0xb6 ./Libraries/wch_libraries/Peripheral/ch32v10x_tim.o
                0x0000000000000b88                TIM_TimeBaseInit
 .text.TIM_OC1Init
                0x0000000000000c3e       0x8a ./Libraries/wch_libraries/Peripheral/ch32v10x_tim.o
                0x0000000000000c3e                TIM_OC1Init
 .text.TIM_OC2Init
                0x0000000000000cc8       0xb2 ./Libraries/wch_libraries/Peripheral/ch32v10x_tim.o
                0x0000000000000cc8                TIM_OC2Init
 .text.TIM_OC3Init
                0x0000000000000d7a       0xb0 ./Libraries/wch_libraries/Peripheral/ch32v10x_tim.o
                0x0000000000000d7a                TIM_OC3Init
 .text.TIM_OC4Init
                0x0000000000000e2a       0x84 ./Libraries/wch_libraries/Peripheral/ch32v10x_tim.o
                0x0000000000000e2a                TIM_OC4Init
 .text.TIM_TimeBaseStructInit
                0x0000000000000eae       0x18 ./Libraries/wch_libraries/Peripheral/ch32v10x_tim.o
                0x0000000000000eae                TIM_TimeBaseStructInit
 .text.TIM_Cmd  0x0000000000000ec6       0x24 ./Libraries/wch_libraries/Peripheral/ch32v10x_tim.o
                0x0000000000000ec6                TIM_Cmd
 .text.TIM_CtrlPWMOutputs
                0x0000000000000eea       0x1e ./Libraries/wch_libraries/Peripheral/ch32v10x_tim.o
                0x0000000000000eea                TIM_CtrlPWMOutputs
 .text.TIM_EncoderInterfaceConfig
                0x0000000000000f08       0x46 ./Libraries/wch_libraries/Peripheral/ch32v10x_tim.o
                0x0000000000000f08                TIM_EncoderInterfaceConfig
 .text.TIM_OC1PreloadConfig
                0x0000000000000f4e       0x12 ./Libraries/wch_libraries/Peripheral/ch32v10x_tim.o
                0x0000000000000f4e                TIM_OC1PreloadConfig
 .text.TIM_OC2PreloadConfig
                0x0000000000000f60       0x1a ./Libraries/wch_libraries/Peripheral/ch32v10x_tim.o
                0x0000000000000f60                TIM_OC2PreloadConfig
 .text.TIM_OC3PreloadConfig
                0x0000000000000f7a       0x12 ./Libraries/wch_libraries/Peripheral/ch32v10x_tim.o
                0x0000000000000f7a                TIM_OC3PreloadConfig
 .text.TIM_OC4PreloadConfig
                0x0000000000000f8c       0x1a ./Libraries/wch_libraries/Peripheral/ch32v10x_tim.o
                0x0000000000000f8c                TIM_OC4PreloadConfig
 .text.TIM_OC1FastConfig
                0x0000000000000fa6       0x12 ./Libraries/wch_libraries/Peripheral/ch32v10x_tim.o
                0x0000000000000fa6                TIM_OC1FastConfig
 .text.TIM_OC2FastConfig
                0x0000000000000fb8       0x1a ./Libraries/wch_libraries/Peripheral/ch32v10x_tim.o
                0x0000000000000fb8                TIM_OC2FastConfig
 .text.TIM_OC3FastConfig
                0x0000000000000fd2       0x12 ./Libraries/wch_libraries/Peripheral/ch32v10x_tim.o
                0x0000000000000fd2                TIM_OC3FastConfig
 .text.TIM_OC4FastConfig
                0x0000000000000fe4       0x1a ./Libraries/wch_libraries/Peripheral/ch32v10x_tim.o
                0x0000000000000fe4                TIM_OC4FastConfig
 .text.TIM_GetITStatus
                0x0000000000000ffe       0x1c ./Libraries/wch_libraries/Peripheral/ch32v10x_tim.o
                0x0000000000000ffe                TIM_GetITStatus
 .text.TIM_ClearITPendingBit
                0x000000000000101a        0xe ./Libraries/wch_libraries/Peripheral/ch32v10x_tim.o
                0x000000000000101a                TIM_ClearITPendingBit
 .text.USART_Init
                0x0000000000001028       0xf6 ./Libraries/wch_libraries/Peripheral/ch32v10x_usart.o
                0x0000000000001028                USART_Init
 .text.USART_Cmd
                0x000000000000111e       0x20 ./Libraries/wch_libraries/Peripheral/ch32v10x_usart.o
                0x000000000000111e                USART_Cmd
 .text.USART_ITConfig
                0x000000000000113e       0x3c ./Libraries/wch_libraries/Peripheral/ch32v10x_usart.o
                0x000000000000113e                USART_ITConfig
 .text.USART_SendData
                0x000000000000117a        0xa ./Libraries/wch_libraries/Peripheral/ch32v10x_usart.o
                0x000000000000117a                USART_SendData
 .text.USART_ReceiveData
                0x0000000000001184        0xa ./Libraries/wch_libraries/Peripheral/ch32v10x_usart.o
                0x0000000000001184                USART_ReceiveData
 .text.USART_GetFlagStatus
                0x000000000000118e        0xc ./Libraries/wch_libraries/Peripheral/ch32v10x_usart.o
                0x000000000000118e                USART_GetFlagStatus
 .text.USART_GetITStatus
                0x000000000000119a       0x4c ./Libraries/wch_libraries/Peripheral/ch32v10x_usart.o
                0x000000000000119a                USART_GetITStatus
 .text.USART_ClearITPendingBit
                0x00000000000011e6       0x16 ./Libraries/wch_libraries/Peripheral/ch32v10x_usart.o
                0x00000000000011e6                USART_ClearITPendingBit
 .text.lcd_writeIndex
                0x00000000000011fc       0x34 ./Libraries/seekfree_peripheral/SEEKFREE_18TFT.o
                0x00000000000011fc                lcd_writeIndex
 .text.lcd_writeData
                0x0000000000001230       0x34 ./Libraries/seekfree_peripheral/SEEKFREE_18TFT.o
                0x0000000000001230                lcd_writeData
 .text.lcd_writedata_16bit
                0x0000000000001264       0x3a ./Libraries/seekfree_peripheral/SEEKFREE_18TFT.o
                0x0000000000001264                lcd_writedata_16bit
 .text.lcd_set_region
                0x000000000000129e      0x104 ./Libraries/seekfree_peripheral/SEEKFREE_18TFT.o
                0x000000000000129e                lcd_set_region
 .text.lcd_clear
                0x00000000000013a2       0x4a ./Libraries/seekfree_peripheral/SEEKFREE_18TFT.o
                0x00000000000013a2                lcd_clear
 .text.lcd_init
                0x00000000000013ec      0x286 ./Libraries/seekfree_peripheral/SEEKFREE_18TFT.o
                0x00000000000013ec                lcd_init
 .text.lcd_showchar
                0x0000000000001672       0x9a ./Libraries/seekfree_peripheral/SEEKFREE_18TFT.o
                0x0000000000001672                lcd_showchar
 .text.lcd_showstr
                0x000000000000170c       0x4c ./Libraries/seekfree_peripheral/SEEKFREE_18TFT.o
                0x000000000000170c                lcd_showstr
 .text.lcd_showint16
                0x0000000000001758       0xbc ./Libraries/seekfree_peripheral/SEEKFREE_18TFT.o
                0x0000000000001758                lcd_showint16
 .text.icm_spi_r_reg_bytes
                0x0000000000001814       0x2e ./Libraries/seekfree_peripheral/SEEKFREE_ICM20602.o
                0x0000000000001814                icm_spi_r_reg_bytes
 .text.get_icm20602_gyro_spi
                0x0000000000001842       0x7a ./Libraries/seekfree_peripheral/SEEKFREE_ICM20602.o
                0x0000000000001842                get_icm20602_gyro_spi
 .text.mt9v03x_uart_callback
                0x00000000000018bc       0x50 ./Libraries/seekfree_peripheral/SEEKFREE_MT9V03X.o
                0x00000000000018bc                mt9v03x_uart_callback
 .text.mt9v03x_vsync
                0x000000000000190c       0x16 ./Libraries/seekfree_peripheral/SEEKFREE_MT9V03X.o
                0x000000000000190c                mt9v03x_vsync
 .text.mt9v03x_dma
                0x0000000000001922       0x16 ./Libraries/seekfree_peripheral/SEEKFREE_MT9V03X.o
                0x0000000000001922                mt9v03x_dma
 .text.ov7725_cof_uart_interrupt
                0x0000000000001938       0x50 ./Libraries/seekfree_peripheral/SEEKFREE_UART_7725.o
                0x0000000000001938                ov7725_cof_uart_interrupt
 .text.ov7725_uart_vsync
                0x0000000000001988       0x16 ./Libraries/seekfree_peripheral/SEEKFREE_UART_7725.o
                0x0000000000001988                ov7725_uart_vsync
 .text.ov7725_uart_dma
                0x000000000000199e       0x16 ./Libraries/seekfree_peripheral/SEEKFREE_UART_7725.o
                0x000000000000199e                ov7725_uart_dma
 .text.seekfree_wireless_init
                0x00000000000019b4       0x32 ./Libraries/seekfree_peripheral/SEEKFREE_WIRELESS.o
                0x00000000000019b4                seekfree_wireless_init
 .text.adc_gpio_init
                0x00000000000019e6      0x132 ./Libraries/seekfree_libraries/zf_adc.o
                0x00000000000019e6                adc_gpio_init
 .text.adc_init
                0x0000000000001b18       0xa0 ./Libraries/seekfree_libraries/zf_adc.o
                0x0000000000001b18                adc_init
 .text.gpio_init
                0x0000000000001bb8      0x112 ./Libraries/seekfree_libraries/zf_gpio.o
                0x0000000000001bb8                gpio_init
 .text.gpio_set
                0x0000000000001cca       0x3a ./Libraries/seekfree_libraries/zf_gpio.o
                0x0000000000001cca                gpio_set
 .text.gpio_get
                0x0000000000001d04       0x22 ./Libraries/seekfree_libraries/zf_gpio.o
                0x0000000000001d04                gpio_get
 .text.gpio_interrupt_init
                0x0000000000001d26       0x52 ./Libraries/seekfree_libraries/zf_gpio.o
                0x0000000000001d26                gpio_interrupt_init
 .text.close_all_irq
                0x0000000000001d78       0x10 ./Libraries/seekfree_libraries/zf_nvic.o
                0x0000000000001d78                close_all_irq
 .text.nvic_init
                0x0000000000001d88       0x50 ./Libraries/seekfree_libraries/zf_nvic.o
                0x0000000000001d88                nvic_init
 .text.sys_recover_irq
                0x0000000000001dd8       0x18 ./Libraries/seekfree_libraries/zf_nvic.o
                0x0000000000001dd8                sys_recover_irq
 .text.DisableGlobalIRQ
                0x0000000000001df0       0x28 ./Libraries/seekfree_libraries/zf_nvic.o
                0x0000000000001df0                DisableGlobalIRQ
 .text.EnableGlobalIRQ
                0x0000000000001e18       0x14 ./Libraries/seekfree_libraries/zf_nvic.o
                0x0000000000001e18                EnableGlobalIRQ
 .text.pwm_gpio_init
                0x0000000000001e2c      0x29a ./Libraries/seekfree_libraries/zf_pwm.o
                0x0000000000001e2c                pwm_gpio_init
 .text.pwm_init
                0x00000000000020c6      0x206 ./Libraries/seekfree_libraries/zf_pwm.o
                0x00000000000020c6                pwm_init
 .text.pwm_duty
                0x00000000000022cc       0x90 ./Libraries/seekfree_libraries/zf_pwm.o
                0x00000000000022cc                pwm_duty
 .text.timer_gpio_quad_init
                0x000000000000235c      0x130 ./Libraries/seekfree_libraries/zf_qtimer.o
                0x000000000000235c                timer_gpio_quad_init
 .text.timer_quad_init
                0x000000000000248c      0x104 ./Libraries/seekfree_libraries/zf_qtimer.o
                0x000000000000248c                timer_quad_init
 .text.timer_quad_get
                0x0000000000002590       0x16 ./Libraries/seekfree_libraries/zf_qtimer.o
                0x0000000000002590                timer_quad_get
 .text.timer_quad_clear
                0x00000000000025a6       0x12 ./Libraries/seekfree_libraries/zf_qtimer.o
                0x00000000000025a6                timer_quad_clear
 .text.spi_gpio_init
                0x00000000000025b8      0x15c ./Libraries/seekfree_libraries/zf_spi.o
                0x00000000000025b8                spi_gpio_init
 .text.spi_init
                0x0000000000002714       0xfc ./Libraries/seekfree_libraries/zf_spi.o
                0x0000000000002714                spi_init
 .text.spi_mosi
                0x0000000000002810       0x3a ./Libraries/seekfree_libraries/zf_spi.o
                0x0000000000002810                spi_mosi
 .text.systick_delay
                0x000000000000284a       0x3e ./Libraries/seekfree_libraries/zf_systick.o
                0x000000000000284a                systick_delay
 .text.uart_gpio_init
                0x0000000000002888       0xc6 ./Libraries/seekfree_libraries/zf_uart.o
                0x0000000000002888                uart_gpio_init
 .text.uart_init
                0x000000000000294e       0xca ./Libraries/seekfree_libraries/zf_uart.o
                0x000000000000294e                uart_init
 .text.uart_putchar
                0x0000000000002a18       0x20 ./Libraries/seekfree_libraries/zf_uart.o
                0x0000000000002a18                uart_putchar
 .text.uart_putbuff
                0x0000000000002a38       0x30 ./Libraries/seekfree_libraries/zf_uart.o
                0x0000000000002a38                uart_putbuff
 .text.uart_rx_irq
                0x0000000000002a68       0x3c ./Libraries/seekfree_libraries/zf_uart.o
                0x0000000000002a68                uart_rx_irq
 .text.board_init
                0x0000000000002aa4       0x3e ./Libraries/board/board.o
                0x0000000000002aa4                board_init
 .text._write   0x0000000000002ae2       0x4e ./Libraries/board/board.o
                0x0000000000002ae2                _write
 .text.SystemInit
                0x0000000000002b30      0x10c ./Libraries/board/clock_config.o
                0x0000000000002b30                SystemInit
 .text.Data_Send
                0x0000000000002c3c       0xd6 ./CODE/Serial_oscilloscope.o
                0x0000000000002c3c                Data_Send
 .text.hcar_adc_init
                0x0000000000002d12       0x22 ./CODE/hcar_adc.o
                0x0000000000002d12                hcar_adc_init
 .text.hcar_threefork30
                0x0000000000002d34       0x24 ./CODE/hcar_element.o
                0x0000000000002d34                hcar_threefork30
 .text.hcar_gogogo
                0x0000000000002d58       0xaa ./CODE/hcar_gogogo.o
                0x0000000000002d58                hcar_gogogo
 .text.hcar_init
                0x0000000000002e02       0x36 ./CODE/hcar_init.o
                0x0000000000002e02                hcar_init
 .text.hcar_key_init
                0x0000000000002e38       0x3a ./CODE/hcar_key.o
                0x0000000000002e38                hcar_key_init
 .text.hcar_key_get
                0x0000000000002e72      0x102 ./CODE/hcar_key.o
                0x0000000000002e72                hcar_key_get
 .text.hcar_motor_init
                0x0000000000002f74       0x86 ./CODE/hcar_motor.o
                0x0000000000002f74                hcar_motor_init
 .text.hcar_motor_control
                0x0000000000002ffa       0xfe ./CODE/hcar_motor.o
                0x0000000000002ffa                hcar_motor_control
 .text.hcar_speed_control
                0x00000000000030f8      0x542 ./CODE/hcar_motor.o
                0x00000000000030f8                hcar_speed_control
 .text.get_slave_data
                0x000000000000363a       0x68 ./CODE/hcar_uart.o
                0x000000000000363a                get_slave_data
 .text.data_analysis
                0x00000000000036a2       0x68 ./CODE/hcar_uart.o
                0x00000000000036a2                data_analysis
 .text.hcar_pid_wireless
                0x000000000000370a       0x58 ./CODE/hcar_wireless.o
                0x000000000000370a                hcar_pid_wireless
 .text.__addsf3
                0x0000000000003762      0x36a d:/mounriver/mounriver_studio/toolchain/risc-v embedded gcc/bin/../lib/gcc/riscv-none-embed/8.2.0/rv32imac/ilp32\libgcc.a(addsf3.o)
                0x0000000000003762                __addsf3
 .text.__gesf2  0x0000000000003acc       0x86 d:/mounriver/mounriver_studio/toolchain/risc-v embedded gcc/bin/../lib/gcc/riscv-none-embed/8.2.0/rv32imac/ilp32\libgcc.a(gesf2.o)
                0x0000000000003acc                __gesf2
                0x0000000000003acc                __gtsf2
 .text.__lesf2  0x0000000000003b52       0x8c d:/mounriver/mounriver_studio/toolchain/risc-v embedded gcc/bin/../lib/gcc/riscv-none-embed/8.2.0/rv32imac/ilp32\libgcc.a(lesf2.o)
                0x0000000000003b52                __ltsf2
                0x0000000000003b52                __lesf2
 .text.__mulsf3
                0x0000000000003bde      0x290 d:/mounriver/mounriver_studio/toolchain/risc-v embedded gcc/bin/../lib/gcc/riscv-none-embed/8.2.0/rv32imac/ilp32\libgcc.a(mulsf3.o)
                0x0000000000003bde                __mulsf3
 .text.__subsf3
                0x0000000000003e6e      0x388 d:/mounriver/mounriver_studio/toolchain/risc-v embedded gcc/bin/../lib/gcc/riscv-none-embed/8.2.0/rv32imac/ilp32\libgcc.a(subsf3.o)
                0x0000000000003e6e                __subsf3
 .text.__fixsfsi
                0x00000000000041f6       0x62 d:/mounriver/mounriver_studio/toolchain/risc-v embedded gcc/bin/../lib/gcc/riscv-none-embed/8.2.0/rv32imac/ilp32\libgcc.a(fixsfsi.o)
                0x00000000000041f6                __fixsfsi
 .text.__floatsisf
                0x0000000000004258       0xc6 d:/mounriver/mounriver_studio/toolchain/risc-v embedded gcc/bin/../lib/gcc/riscv-none-embed/8.2.0/rv32imac/ilp32\libgcc.a(floatsisf.o)
                0x0000000000004258                __floatsisf
 .text.__clzsi2
                0x000000000000431e       0x76 d:/mounriver/mounriver_studio/toolchain/risc-v embedded gcc/bin/../lib/gcc/riscv-none-embed/8.2.0/rv32imac/ilp32\libgcc.a(_clzsi2.o)
                0x000000000000431e                __clzsi2
 .text.__assert_func
                0x0000000000004394       0x3a d:/mounriver/mounriver_studio/toolchain/risc-v embedded gcc/bin/../lib/gcc/riscv-none-embed/8.2.0/../../../../riscv-none-embed/lib/rv32imac/ilp32\libg_nano.a(lib_a-assert.o)
                0x0000000000004394                __assert_func
 .text.fprintf  0x00000000000043ce       0x26 d:/mounriver/mounriver_studio/toolchain/risc-v embedded gcc/bin/../lib/gcc/riscv-none-embed/8.2.0/../../../../riscv-none-embed/lib/rv32imac/ilp32\libg_nano.a(lib_a-fprintf.o)
                0x00000000000043ce                fiprintf
                0x00000000000043ce                fprintf
 .text.__sfputc_r
                0x00000000000043f4       0x28 d:/mounriver/mounriver_studio/toolchain/risc-v embedded gcc/bin/../lib/gcc/riscv-none-embed/8.2.0/../../../../riscv-none-embed/lib/rv32imac/ilp32\libg_nano.a(lib_a-nano-vfprintf.o)
 .text.__sfputs_r
                0x000000000000441c       0x44 d:/mounriver/mounriver_studio/toolchain/risc-v embedded gcc/bin/../lib/gcc/riscv-none-embed/8.2.0/../../../../riscv-none-embed/lib/rv32imac/ilp32\libg_nano.a(lib_a-nano-vfprintf.o)
                0x000000000000441c                __sfputs_r
 .text._vfprintf_r
                0x0000000000004460      0x2a0 d:/mounriver/mounriver_studio/toolchain/risc-v embedded gcc/bin/../lib/gcc/riscv-none-embed/8.2.0/../../../../riscv-none-embed/lib/rv32imac/ilp32\libg_nano.a(lib_a-nano-vfprintf.o)
                0x0000000000004460                _vfprintf_r
                0x0000000000004460                _vfiprintf_r
 .text._printf_common
                0x0000000000004700      0x10c d:/mounriver/mounriver_studio/toolchain/risc-v embedded gcc/bin/../lib/gcc/riscv-none-embed/8.2.0/../../../../riscv-none-embed/lib/rv32imac/ilp32\libg_nano.a(lib_a-nano-vfprintf_i.o)
                0x0000000000004700                _printf_common
 .text._printf_i
                0x000000000000480c      0x2a4 d:/mounriver/mounriver_studio/toolchain/risc-v embedded gcc/bin/../lib/gcc/riscv-none-embed/8.2.0/../../../../riscv-none-embed/lib/rv32imac/ilp32\libg_nano.a(lib_a-nano-vfprintf_i.o)
                0x000000000000480c                _printf_i
 .text.__swbuf_r
                0x0000000000004ab0       0xc0 d:/mounriver/mounriver_studio/toolchain/risc-v embedded gcc/bin/../lib/gcc/riscv-none-embed/8.2.0/../../../../riscv-none-embed/lib/rv32imac/ilp32\libg_nano.a(lib_a-wbuf.o)
                0x0000000000004ab0                __swbuf_r
 .text.__swsetup_r
                0x0000000000004b70      0x10c d:/mounriver/mounriver_studio/toolchain/risc-v embedded gcc/bin/../lib/gcc/riscv-none-embed/8.2.0/../../../../riscv-none-embed/lib/rv32imac/ilp32\libg_nano.a(lib_a-wsetup.o)
                0x0000000000004b70                __swsetup_r
 .text.abort    0x0000000000004c7c        0xe d:/mounriver/mounriver_studio/toolchain/risc-v embedded gcc/bin/../lib/gcc/riscv-none-embed/8.2.0/../../../../riscv-none-embed/lib/rv32imac/ilp32\libg_nano.a(lib_a-abort.o)
                0x0000000000004c7c                abort
 .text.__sflush_r
                0x0000000000004c8a      0x13c d:/mounriver/mounriver_studio/toolchain/risc-v embedded gcc/bin/../lib/gcc/riscv-none-embed/8.2.0/../../../../riscv-none-embed/lib/rv32imac/ilp32\libg_nano.a(lib_a-fflush.o)
                0x0000000000004c8a                __sflush_r
 .text._fflush_r
                0x0000000000004dc6       0x66 d:/mounriver/mounriver_studio/toolchain/risc-v embedded gcc/bin/../lib/gcc/riscv-none-embed/8.2.0/../../../../riscv-none-embed/lib/rv32imac/ilp32\libg_nano.a(lib_a-fflush.o)
                0x0000000000004dc6                _fflush_r
 .text.std      0x0000000000004e2c       0x6a d:/mounriver/mounriver_studio/toolchain/risc-v embedded gcc/bin/../lib/gcc/riscv-none-embed/8.2.0/../../../../riscv-none-embed/lib/rv32imac/ilp32\libg_nano.a(lib_a-findfp.o)
 .text._cleanup_r
                0x0000000000004e96        0xa d:/mounriver/mounriver_studio/toolchain/risc-v embedded gcc/bin/../lib/gcc/riscv-none-embed/8.2.0/../../../../riscv-none-embed/lib/rv32imac/ilp32\libg_nano.a(lib_a-findfp.o)
                0x0000000000004e96                _cleanup_r
 .text.__sfmoreglue
                0x0000000000004ea0       0x46 d:/mounriver/mounriver_studio/toolchain/risc-v embedded gcc/bin/../lib/gcc/riscv-none-embed/8.2.0/../../../../riscv-none-embed/lib/rv32imac/ilp32\libg_nano.a(lib_a-findfp.o)
                0x0000000000004ea0                __sfmoreglue
 .text.__sinit  0x0000000000004ee6       0x6c d:/mounriver/mounriver_studio/toolchain/risc-v embedded gcc/bin/../lib/gcc/riscv-none-embed/8.2.0/../../../../riscv-none-embed/lib/rv32imac/ilp32\libg_nano.a(lib_a-findfp.o)
                0x0000000000004ee6                __sinit
 .text.__sfp    0x0000000000004f52       0xa0 d:/mounriver/mounriver_studio/toolchain/risc-v embedded gcc/bin/../lib/gcc/riscv-none-embed/8.2.0/../../../../riscv-none-embed/lib/rv32imac/ilp32\libg_nano.a(lib_a-findfp.o)
                0x0000000000004f52                __sfp
 .text._fwalk_reent
                0x0000000000004ff2       0x6c d:/mounriver/mounriver_studio/toolchain/risc-v embedded gcc/bin/../lib/gcc/riscv-none-embed/8.2.0/../../../../riscv-none-embed/lib/rv32imac/ilp32\libg_nano.a(lib_a-fwalk.o)
                0x0000000000004ff2                _fwalk_reent
 .text.__swhatbuf_r
                0x000000000000505e       0x58 d:/mounriver/mounriver_studio/toolchain/risc-v embedded gcc/bin/../lib/gcc/riscv-none-embed/8.2.0/../../../../riscv-none-embed/lib/rv32imac/ilp32\libg_nano.a(lib_a-makebuf.o)
                0x000000000000505e                __swhatbuf_r
 .text.__smakebuf_r
                0x00000000000050b6       0x9e d:/mounriver/mounriver_studio/toolchain/risc-v embedded gcc/bin/../lib/gcc/riscv-none-embed/8.2.0/../../../../riscv-none-embed/lib/rv32imac/ilp32\libg_nano.a(lib_a-makebuf.o)
                0x00000000000050b6                __smakebuf_r
 .text.memchr   0x0000000000005154       0x1a d:/mounriver/mounriver_studio/toolchain/risc-v embedded gcc/bin/../lib/gcc/riscv-none-embed/8.2.0/../../../../riscv-none-embed/lib/rv32imac/ilp32\libg_nano.a(lib_a-memchr.o)
                0x0000000000005154                memchr
 .text._free_r  0x000000000000516e       0xa4 d:/mounriver/mounriver_studio/toolchain/risc-v embedded gcc/bin/../lib/gcc/riscv-none-embed/8.2.0/../../../../riscv-none-embed/lib/rv32imac/ilp32\libg_nano.a(lib_a-nano-freer.o)
                0x000000000000516e                _free_r
 .text._malloc_r
                0x0000000000005212       0xce d:/mounriver/mounriver_studio/toolchain/risc-v embedded gcc/bin/../lib/gcc/riscv-none-embed/8.2.0/../../../../riscv-none-embed/lib/rv32imac/ilp32\libg_nano.a(lib_a-nano-mallocr.o)
                0x0000000000005212                _malloc_r
 .text._sbrk_r  0x00000000000052e0       0x28 d:/mounriver/mounriver_studio/toolchain/risc-v embedded gcc/bin/../lib/gcc/riscv-none-embed/8.2.0/../../../../riscv-none-embed/lib/rv32imac/ilp32\libg_nano.a(lib_a-sbrkr.o)
                0x00000000000052e0                _sbrk_r
 .text._raise_r
                0x0000000000005308       0x62 d:/mounriver/mounriver_studio/toolchain/risc-v embedded gcc/bin/../lib/gcc/riscv-none-embed/8.2.0/../../../../riscv-none-embed/lib/rv32imac/ilp32\libg_nano.a(lib_a-signal.o)
                0x0000000000005308                _raise_r
 .text.raise    0x000000000000536a        0xc d:/mounriver/mounriver_studio/toolchain/risc-v embedded gcc/bin/../lib/gcc/riscv-none-embed/8.2.0/../../../../riscv-none-embed/lib/rv32imac/ilp32\libg_nano.a(lib_a-signal.o)
                0x000000000000536a                raise
 .text._kill_r  0x0000000000005376       0x2a d:/mounriver/mounriver_studio/toolchain/risc-v embedded gcc/bin/../lib/gcc/riscv-none-embed/8.2.0/../../../../riscv-none-embed/lib/rv32imac/ilp32\libg_nano.a(lib_a-signalr.o)
                0x0000000000005376                _kill_r
 .text._getpid_r
                0x00000000000053a0        0x2 d:/mounriver/mounriver_studio/toolchain/risc-v embedded gcc/bin/../lib/gcc/riscv-none-embed/8.2.0/../../../../riscv-none-embed/lib/rv32imac/ilp32\libg_nano.a(lib_a-signalr.o)
                0x00000000000053a0                _getpid_r
 .text.__sread  0x00000000000053a2       0x30 d:/mounriver/mounriver_studio/toolchain/risc-v embedded gcc/bin/../lib/gcc/riscv-none-embed/8.2.0/../../../../riscv-none-embed/lib/rv32imac/ilp32\libg_nano.a(lib_a-stdio.o)
                0x00000000000053a2                __sread
 .text.__swrite
                0x00000000000053d2       0x4e d:/mounriver/mounriver_studio/toolchain/risc-v embedded gcc/bin/../lib/gcc/riscv-none-embed/8.2.0/../../../../riscv-none-embed/lib/rv32imac/ilp32\libg_nano.a(lib_a-stdio.o)
                0x00000000000053d2                __swrite
 .text.__sseek  0x0000000000005420       0x36 d:/mounriver/mounriver_studio/toolchain/risc-v embedded gcc/bin/../lib/gcc/riscv-none-embed/8.2.0/../../../../riscv-none-embed/lib/rv32imac/ilp32\libg_nano.a(lib_a-stdio.o)
                0x0000000000005420                __sseek
 .text.__sclose
                0x0000000000005456        0x6 d:/mounriver/mounriver_studio/toolchain/risc-v embedded gcc/bin/../lib/gcc/riscv-none-embed/8.2.0/../../../../riscv-none-embed/lib/rv32imac/ilp32\libg_nano.a(lib_a-stdio.o)
                0x0000000000005456                __sclose
 .text._write_r
                0x000000000000545c       0x2e d:/mounriver/mounriver_studio/toolchain/risc-v embedded gcc/bin/../lib/gcc/riscv-none-embed/8.2.0/../../../../riscv-none-embed/lib/rv32imac/ilp32\libg_nano.a(lib_a-writer.o)
                0x000000000000545c                _write_r
 .text._close_r
                0x000000000000548a       0x28 d:/mounriver/mounriver_studio/toolchain/risc-v embedded gcc/bin/../lib/gcc/riscv-none-embed/8.2.0/../../../../riscv-none-embed/lib/rv32imac/ilp32\libg_nano.a(lib_a-closer.o)
                0x000000000000548a                _close_r
 .text._fstat_r
                0x00000000000054b2       0x2a d:/mounriver/mounriver_studio/toolchain/risc-v embedded gcc/bin/../lib/gcc/riscv-none-embed/8.2.0/../../../../riscv-none-embed/lib/rv32imac/ilp32\libg_nano.a(lib_a-fstatr.o)
                0x00000000000054b2                _fstat_r
 .text._isatty_r
                0x00000000000054dc       0x28 d:/mounriver/mounriver_studio/toolchain/risc-v embedded gcc/bin/../lib/gcc/riscv-none-embed/8.2.0/../../../../riscv-none-embed/lib/rv32imac/ilp32\libg_nano.a(lib_a-isattyr.o)
                0x00000000000054dc                _isatty_r
 .text._lseek_r
                0x0000000000005504       0x2c d:/mounriver/mounriver_studio/toolchain/risc-v embedded gcc/bin/../lib/gcc/riscv-none-embed/8.2.0/../../../../riscv-none-embed/lib/rv32imac/ilp32\libg_nano.a(lib_a-lseekr.o)
                0x0000000000005504                _lseek_r
 .text.__malloc_lock
                0x0000000000005530        0x2 d:/mounriver/mounriver_studio/toolchain/risc-v embedded gcc/bin/../lib/gcc/riscv-none-embed/8.2.0/../../../../riscv-none-embed/lib/rv32imac/ilp32\libg_nano.a(lib_a-mlock.o)
                0x0000000000005530                __malloc_lock
 .text.__malloc_unlock
                0x0000000000005532        0x2 d:/mounriver/mounriver_studio/toolchain/risc-v embedded gcc/bin/../lib/gcc/riscv-none-embed/8.2.0/../../../../riscv-none-embed/lib/rv32imac/ilp32\libg_nano.a(lib_a-mlock.o)
                0x0000000000005532                __malloc_unlock
 .text._read_r  0x0000000000005534       0x2c d:/mounriver/mounriver_studio/toolchain/risc-v embedded gcc/bin/../lib/gcc/riscv-none-embed/8.2.0/../../../../riscv-none-embed/lib/rv32imac/ilp32\libg_nano.a(lib_a-readr.o)
                0x0000000000005534                _read_r
 .text._close   0x0000000000005560        0xc d:/mounriver/mounriver_studio/toolchain/risc-v embedded gcc/bin/../lib/gcc/riscv-none-embed/8.2.0/../../../../riscv-none-embed/lib/rv32imac/ilp32\libnosys.a(close.o)
                0x0000000000005560                _close
 .text._fstat   0x000000000000556c        0xc d:/mounriver/mounriver_studio/toolchain/risc-v embedded gcc/bin/../lib/gcc/riscv-none-embed/8.2.0/../../../../riscv-none-embed/lib/rv32imac/ilp32\libnosys.a(fstat.o)
                0x000000000000556c                _fstat
 .text._getpid  0x0000000000005578        0xc d:/mounriver/mounriver_studio/toolchain/risc-v embedded gcc/bin/../lib/gcc/riscv-none-embed/8.2.0/../../../../riscv-none-embed/lib/rv32imac/ilp32\libnosys.a(getpid.o)
                0x0000000000005578                _getpid
 .text._isatty  0x0000000000005584        0xc d:/mounriver/mounriver_studio/toolchain/risc-v embedded gcc/bin/../lib/gcc/riscv-none-embed/8.2.0/../../../../riscv-none-embed/lib/rv32imac/ilp32\libnosys.a(isatty.o)
                0x0000000000005584                _isatty
 .text._kill    0x0000000000005590        0xc d:/mounriver/mounriver_studio/toolchain/risc-v embedded gcc/bin/../lib/gcc/riscv-none-embed/8.2.0/../../../../riscv-none-embed/lib/rv32imac/ilp32\libnosys.a(kill.o)
                0x0000000000005590                _kill
 .text._lseek   0x000000000000559c        0xc d:/mounriver/mounriver_studio/toolchain/risc-v embedded gcc/bin/../lib/gcc/riscv-none-embed/8.2.0/../../../../riscv-none-embed/lib/rv32imac/ilp32\libnosys.a(lseek.o)
                0x000000000000559c                _lseek
 .text._read    0x00000000000055a8        0xc d:/mounriver/mounriver_studio/toolchain/risc-v embedded gcc/bin/../lib/gcc/riscv-none-embed/8.2.0/../../../../riscv-none-embed/lib/rv32imac/ilp32\libnosys.a(read.o)
                0x00000000000055a8                _read
 .text._sbrk    0x00000000000055b4       0x20 d:/mounriver/mounriver_studio/toolchain/risc-v embedded gcc/bin/../lib/gcc/riscv-none-embed/8.2.0/../../../../riscv-none-embed/lib/rv32imac/ilp32\libnosys.a(sbrk.o)
                0x00000000000055b4                _sbrk
 .text._exit    0x00000000000055d4        0x2 d:/mounriver/mounriver_studio/toolchain/risc-v embedded gcc/bin/../lib/gcc/riscv-none-embed/8.2.0/../../../../riscv-none-embed/lib/rv32imac/ilp32\libnosys.a(_exit.o)
                0x00000000000055d4                _exit
 *(.rodata)
 *(.rodata*)
 *fill*         0x00000000000055d6        0x2 
 .rodata.__func__.3213
                0x00000000000055d8        0xf ./Libraries/seekfree_peripheral/SEEKFREE_18TFT.o
 *fill*         0x00000000000055e7        0x1 
 .rodata.lcd_set_region.str1.4
                0x00000000000055e8       0x7c ./Libraries/seekfree_peripheral/SEEKFREE_18TFT.o
 .rodata.tft_ascii
                0x0000000000005664      0x5f0 ./Libraries/seekfree_peripheral/SEEKFREE_FONT.o
                0x0000000000005664                tft_ascii
 .rodata.GPION  0x0000000000005c54       0x10 ./Libraries/seekfree_libraries/zf_gpio.o
                0x0000000000005c54                GPION
 .rodata.TIMERN
                0x0000000000005c64       0x10 ./Libraries/seekfree_libraries/zf_qtimer.o
                0x0000000000005c64                TIMERN
 .rodata.__func__.3349
                0x0000000000005c74        0xe ./Libraries/seekfree_libraries/zf_spi.o
 *fill*         0x0000000000005c82        0x2 
 .rodata.spi_gpio_init.str1.4
                0x0000000000005c84       0x2d ./Libraries/seekfree_libraries/zf_spi.o
 *fill*         0x0000000000005cb1        0x3 
 .rodata.UARTN  0x0000000000005cb4       0x10 ./Libraries/seekfree_libraries/zf_uart.o
                0x0000000000005cb4                UARTN
 .rodata.hcar_gogogo.str1.4
                0x0000000000005cc4        0x7 ./CODE/hcar_gogogo.o
 *fill*         0x0000000000005ccb        0x1 
 .rodata.hcar_speed_control.cst4
                0x0000000000005ccc        0x8 ./CODE/hcar_motor.o
 .rodata.__mulsf3
                0x0000000000005cd4       0x40 d:/mounriver/mounriver_studio/toolchain/risc-v embedded gcc/bin/../lib/gcc/riscv-none-embed/8.2.0/rv32imac/ilp32\libgcc.a(mulsf3.o)
 .rodata.__clz_tab
                0x0000000000005d14      0x100 d:/mounriver/mounriver_studio/toolchain/risc-v embedded gcc/bin/../lib/gcc/riscv-none-embed/8.2.0/rv32imac/ilp32\libgcc.a(_clz.o)
                0x0000000000005d14                __clz_tab
 .rodata.__assert_func.str1.4
                0x0000000000005e14       0x3f d:/mounriver/mounriver_studio/toolchain/risc-v embedded gcc/bin/../lib/gcc/riscv-none-embed/8.2.0/../../../../riscv-none-embed/lib/rv32imac/ilp32\libg_nano.a(lib_a-assert.o)
                                         0x43 (size before relaxing)
 *fill*         0x0000000000005e53        0x1 
 .rodata._vfprintf_r.str1.4
                0x0000000000005e54       0x13 d:/mounriver/mounriver_studio/toolchain/risc-v embedded gcc/bin/../lib/gcc/riscv-none-embed/8.2.0/../../../../riscv-none-embed/lib/rv32imac/ilp32\libg_nano.a(lib_a-nano-vfprintf.o)
 *fill*         0x0000000000005e67        0x1 
 .rodata._printf_i.str1.4
                0x0000000000005e68       0x28 d:/mounriver/mounriver_studio/toolchain/risc-v embedded gcc/bin/../lib/gcc/riscv-none-embed/8.2.0/../../../../riscv-none-embed/lib/rv32imac/ilp32\libg_nano.a(lib_a-nano-vfprintf_i.o)
                                         0x25 (size before relaxing)
 .rodata.__sf_fake_stderr
                0x0000000000005e90       0x20 d:/mounriver/mounriver_studio/toolchain/risc-v embedded gcc/bin/../lib/gcc/riscv-none-embed/8.2.0/../../../../riscv-none-embed/lib/rv32imac/ilp32\libg_nano.a(lib_a-findfp.o)
                0x0000000000005e90                __sf_fake_stderr
 .rodata.__sf_fake_stdin
                0x0000000000005eb0       0x20 d:/mounriver/mounriver_studio/toolchain/risc-v embedded gcc/bin/../lib/gcc/riscv-none-embed/8.2.0/../../../../riscv-none-embed/lib/rv32imac/ilp32\libg_nano.a(lib_a-findfp.o)
                0x0000000000005eb0                __sf_fake_stdin
 .rodata.__sf_fake_stdout
                0x0000000000005ed0       0x20 d:/mounriver/mounriver_studio/toolchain/risc-v embedded gcc/bin/../lib/gcc/riscv-none-embed/8.2.0/../../../../riscv-none-embed/lib/rv32imac/ilp32\libg_nano.a(lib_a-findfp.o)
                0x0000000000005ed0                __sf_fake_stdout
 *(.glue_7)
 *(.glue_7t)
 *(.gnu.linkonce.t.*)
                0x0000000000005ef0                . = ALIGN (0x4)

.rela.dyn       0x0000000000005ef0        0x0
 .rela.init     0x0000000000005ef0        0x0 ./USER/isr.o
 .rela.vector   0x0000000000005ef0        0x0 ./USER/isr.o
 .rela.text.handle_reset
                0x0000000000005ef0        0x0 ./USER/isr.o
 .rela.text._vfprintf_r
                0x0000000000005ef0        0x0 ./USER/isr.o
 .rela.text._sbrk_r
                0x0000000000005ef0        0x0 ./USER/isr.o
 .rela.text._kill_r
                0x0000000000005ef0        0x0 ./USER/isr.o
 .rela.text._write_r
                0x0000000000005ef0        0x0 ./USER/isr.o
 .rela.text._close_r
                0x0000000000005ef0        0x0 ./USER/isr.o
 .rela.text._fstat_r
                0x0000000000005ef0        0x0 ./USER/isr.o
 .rela.text._isatty_r
                0x0000000000005ef0        0x0 ./USER/isr.o
 .rela.text._lseek_r
                0x0000000000005ef0        0x0 ./USER/isr.o
 .rela.text._read_r
                0x0000000000005ef0        0x0 ./USER/isr.o
 .rela.text._close
                0x0000000000005ef0        0x0 ./USER/isr.o
 .rela.text._fstat
                0x0000000000005ef0        0x0 ./USER/isr.o
 .rela.text._getpid
                0x0000000000005ef0        0x0 ./USER/isr.o
 .rela.text._isatty
                0x0000000000005ef0        0x0 ./USER/isr.o
 .rela.text._kill
                0x0000000000005ef0        0x0 ./USER/isr.o
 .rela.text._lseek
                0x0000000000005ef0        0x0 ./USER/isr.o
 .rela.text._read
                0x0000000000005ef0        0x0 ./USER/isr.o
 .rela.text._sbrk
                0x0000000000005ef0        0x0 ./USER/isr.o

.fini           0x0000000000005ef0        0x0
 *(SORT_NONE(.fini))
                0x0000000000005ef0                . = ALIGN (0x4)
                [!provide]                        PROVIDE (_etext = .)
                [!provide]                        PROVIDE (_eitcm = .)

.preinit_array  0x0000000000005ef0        0x0
                [!provide]                        PROVIDE (__preinit_array_start = .)
 *(.preinit_array)
                [!provide]                        PROVIDE (__preinit_array_end = .)

.init_array     0x0000000000005ef0        0x0
                [!provide]                        PROVIDE (__init_array_start = .)
 *(SORT_BY_INIT_PRIORITY(.init_array.*) SORT_BY_INIT_PRIORITY(.ctors.*))
 *(.init_array EXCLUDE_FILE(*crtend?.o *crtend.o *crtbegin?.o *crtbegin.o) .ctors)
                [!provide]                        PROVIDE (__init_array_end = .)

.fini_array     0x0000000000005ef0        0x0
                [!provide]                        PROVIDE (__fini_array_start = .)
 *(SORT_BY_INIT_PRIORITY(.fini_array.*) SORT_BY_INIT_PRIORITY(.dtors.*))
 *(.fini_array EXCLUDE_FILE(*crtend?.o *crtend.o *crtbegin?.o *crtbegin.o) .dtors)
                [!provide]                        PROVIDE (__fini_array_end = .)

.ctors
 *crtbegin.o(.ctors)
 *crtbegin?.o(.ctors)
 *(EXCLUDE_FILE(*crtend?.o *crtend.o) .ctors)
 *(SORT_BY_NAME(.ctors.*))
 *(.ctors)

.dtors
 *crtbegin.o(.dtors)
 *crtbegin?.o(.dtors)
 *(EXCLUDE_FILE(*crtend?.o *crtend.o) .dtors)
 *(SORT_BY_NAME(.dtors.*))
 *(.dtors)

.dalign         0x0000000020000000        0x0 load address 0x0000000000005ef0
                0x0000000020000000                . = ALIGN (0x4)
                0x0000000020000000                PROVIDE (_data_vma = .)

.dlalign        0x0000000000005ef0        0x0
                0x0000000000005ef0                . = ALIGN (0x4)
                0x0000000000005ef0                PROVIDE (_data_lma = .)

.data           0x0000000020000000       0xa8 load address 0x0000000000005ef0
 *(.gnu.linkonce.r.*)
 *(.data .data.*)
 .data.APBAHBPrescTable
                0x0000000020000000       0x10 ./Libraries/wch_libraries/Peripheral/ch32v10x_rcc.o
 .data.impure_data
                0x0000000020000010       0x60 d:/mounriver/mounriver_studio/toolchain/risc-v embedded gcc/bin/../lib/gcc/riscv-none-embed/8.2.0/../../../../riscv-none-embed/lib/rv32imac/ilp32\libg_nano.a(lib_a-impure.o)
 *(.gnu.linkonce.d.*)
                0x0000000020000070                . = ALIGN (0x8)
                0x0000000020000870                PROVIDE (__global_pointer$ = (. + 0x800))
 *(.sdata .sdata.*)
 .sdata.ADCPrescTable
                0x0000000020000070        0x4 ./Libraries/wch_libraries/Peripheral/ch32v10x_rcc.o
 .sdata.camera_type
                0x0000000020000074        0x4 ./Libraries/seekfree_libraries/common.o
                0x0000000020000074                camera_type
 .sdata.key1_status
                0x0000000020000078        0x1 ./CODE/hcar_key.o
                0x0000000020000078                key1_status
 .sdata.key2_status
                0x0000000020000079        0x1 ./CODE/hcar_key.o
                0x0000000020000079                key2_status
 .sdata.key3_status
                0x000000002000007a        0x1 ./CODE/hcar_key.o
                0x000000002000007a                key3_status
 *fill*         0x000000002000007b        0x1 
 .sdata.ki2     0x000000002000007c        0x4 ./CODE/hcar_motor.o
                0x000000002000007c                ki2
 .sdata.ki3     0x0000000020000080        0x4 ./CODE/hcar_motor.o
                0x0000000020000080                ki3
 .sdata.ki4     0x0000000020000084        0x4 ./CODE/hcar_motor.o
                0x0000000020000084                ki4
 .sdata.kp1     0x0000000020000088        0x4 ./CODE/hcar_motor.o
                0x0000000020000088                kp1
 .sdata.kp2     0x000000002000008c        0x4 ./CODE/hcar_motor.o
                0x000000002000008c                kp2
 .sdata.kp3     0x0000000020000090        0x4 ./CODE/hcar_motor.o
                0x0000000020000090                kp3
 .sdata.kp4     0x0000000020000094        0x4 ./CODE/hcar_motor.o
                0x0000000020000094                kp4
 .sdata._impure_ptr
                0x0000000020000098        0x4 d:/mounriver/mounriver_studio/toolchain/risc-v embedded gcc/bin/../lib/gcc/riscv-none-embed/8.2.0/../../../../riscv-none-embed/lib/rv32imac/ilp32\libg_nano.a(lib_a-impure.o)
                0x0000000020000098                _impure_ptr
 *(.sdata2.*)
 .sdata2.SPIN   0x000000002000009c        0x8 ./Libraries/seekfree_libraries/zf_spi.o
                0x000000002000009c                SPIN
 .sdata2._global_impure_ptr
                0x00000000200000a4        0x4 d:/mounriver/mounriver_studio/toolchain/risc-v embedded gcc/bin/../lib/gcc/riscv-none-embed/8.2.0/../../../../riscv-none-embed/lib/rv32imac/ilp32\libg_nano.a(lib_a-impure.o)
                0x00000000200000a4                _global_impure_ptr
 *(.gnu.linkonce.s.*)
                0x00000000200000a8                . = ALIGN (0x8)
 *(.srodata.cst16)
 *(.srodata.cst8)
 *(.srodata.cst4)
 *(.srodata.cst2)
 *(.srodata .srodata.*)
                0x00000000200000a8                . = ALIGN (0x4)
                0x00000000200000a8                PROVIDE (_edata = .)

.bss            0x00000000200000a8      0x120 load address 0x0000000000005f98
                0x00000000200000a8                . = ALIGN (0x4)
                0x00000000200000a8                PROVIDE (_sbss = .)
 *(.sbss*)
 .sbss.icm_gyro_x
                0x00000000200000a8        0x2 ./Libraries/seekfree_peripheral/SEEKFREE_ICM20602.o
                0x00000000200000a8                icm_gyro_x
 .sbss.icm_gyro_y
                0x00000000200000aa        0x2 ./Libraries/seekfree_peripheral/SEEKFREE_ICM20602.o
                0x00000000200000aa                icm_gyro_y
 .sbss.icm_gyro_z
                0x00000000200000ac        0x2 ./Libraries/seekfree_peripheral/SEEKFREE_ICM20602.o
                0x00000000200000ac                icm_gyro_z
 .sbss.mt9v03x_finish_flag
                0x00000000200000ae        0x1 ./Libraries/seekfree_peripheral/SEEKFREE_MT9V03X.o
                0x00000000200000ae                mt9v03x_finish_flag
 *fill*         0x00000000200000af        0x1 
 .sbss.receive  0x00000000200000b0        0x3 ./Libraries/seekfree_peripheral/SEEKFREE_MT9V03X.o
                0x00000000200000b0                receive
 .sbss.receive_num
                0x00000000200000b3        0x1 ./Libraries/seekfree_peripheral/SEEKFREE_MT9V03X.o
                0x00000000200000b3                receive_num
 .sbss.uart_receive_flag
                0x00000000200000b4        0x1 ./Libraries/seekfree_peripheral/SEEKFREE_MT9V03X.o
                0x00000000200000b4                uart_receive_flag
 .sbss.ov7725_uart_finish_flag
                0x00000000200000b5        0x1 ./Libraries/seekfree_peripheral/SEEKFREE_UART_7725.o
                0x00000000200000b5                ov7725_uart_finish_flag
 *fill*         0x00000000200000b6        0x2 
 .sbss.ov7725_uart_receive
                0x00000000200000b8        0x3 ./Libraries/seekfree_peripheral/SEEKFREE_UART_7725.o
                0x00000000200000b8                ov7725_uart_receive
 .sbss.ov7725_uart_receive_flag
                0x00000000200000bb        0x1 ./Libraries/seekfree_peripheral/SEEKFREE_UART_7725.o
                0x00000000200000bb                ov7725_uart_receive_flag
 .sbss.ov7725_uart_receive_num
                0x00000000200000bc        0x1 ./Libraries/seekfree_peripheral/SEEKFREE_UART_7725.o
                0x00000000200000bc                ov7725_uart_receive_num
 *fill*         0x00000000200000bd        0x3 
 .sbss.sys_clk  0x00000000200000c0        0x4 ./Libraries/seekfree_libraries/common.o
                0x00000000200000c0                sys_clk
 .sbss.aim_y    0x00000000200000c4        0x2 ./CODE/hcar_init.o
                0x00000000200000c4                aim_y
 .sbss.aim_z    0x00000000200000c6        0x2 ./CODE/hcar_init.o
                0x00000000200000c6                aim_z
 .sbss.host_encoder_left
                0x00000000200000c8        0x2 ./CODE/hcar_init.o
                0x00000000200000c8                host_encoder_left
 .sbss.host_encoder_right
                0x00000000200000ca        0x2 ./CODE/hcar_init.o
                0x00000000200000ca                host_encoder_right
 .sbss.targetSpeed1
                0x00000000200000cc        0x2 ./CODE/hcar_init.o
                0x00000000200000cc                targetSpeed1
 .sbss.targetSpeed2
                0x00000000200000ce        0x2 ./CODE/hcar_init.o
                0x00000000200000ce                targetSpeed2
 .sbss.targetSpeed3
                0x00000000200000d0        0x2 ./CODE/hcar_init.o
                0x00000000200000d0                targetSpeed3
 .sbss.targetSpeed4
                0x00000000200000d2        0x2 ./CODE/hcar_init.o
                0x00000000200000d2                targetSpeed4
 .sbss.turn_over
                0x00000000200000d4        0x1 ./CODE/hcar_init.o
                0x00000000200000d4                turn_over
 *fill*         0x00000000200000d5        0x3 
 .sbss.turn_sum
                0x00000000200000d8        0x4 ./CODE/hcar_init.o
                0x00000000200000d8                turn_sum
 .sbss.key1_flag
                0x00000000200000dc        0x1 ./CODE/hcar_key.o
                0x00000000200000dc                key1_flag
 .sbss.key1_last_status
                0x00000000200000dd        0x1 ./CODE/hcar_key.o
                0x00000000200000dd                key1_last_status
 .sbss.key2_flag
                0x00000000200000de        0x1 ./CODE/hcar_key.o
                0x00000000200000de                key2_flag
 .sbss.key2_last_status
                0x00000000200000df        0x1 ./CODE/hcar_key.o
                0x00000000200000df                key2_last_status
 .sbss.key3_flag
                0x00000000200000e0        0x1 ./CODE/hcar_key.o
                0x00000000200000e0                key3_flag
 .sbss.key3_last_status
                0x00000000200000e1        0x1 ./CODE/hcar_key.o
                0x00000000200000e1                key3_last_status
 .sbss.S_i      0x00000000200000e2        0x1 ./CODE/hcar_motor.o
                0x00000000200000e2                S_i
 .sbss.S_j      0x00000000200000e3        0x1 ./CODE/hcar_motor.o
                0x00000000200000e3                S_j
 .sbss.kd1      0x00000000200000e4        0x4 ./CODE/hcar_motor.o
                0x00000000200000e4                kd1
 .sbss.kd2      0x00000000200000e8        0x4 ./CODE/hcar_motor.o
                0x00000000200000e8                kd2
 .sbss.kd3      0x00000000200000ec        0x4 ./CODE/hcar_motor.o
                0x00000000200000ec                kd3
 .sbss.kd4      0x00000000200000f0        0x4 ./CODE/hcar_motor.o
                0x00000000200000f0                kd4
 .sbss.ki1      0x00000000200000f4        0x4 ./CODE/hcar_motor.o
                0x00000000200000f4                ki1
 .sbss.speed_error1
                0x00000000200000f8        0x4 ./CODE/hcar_motor.o
                0x00000000200000f8                speed_error1
 .sbss.speed_error2
                0x00000000200000fc        0x4 ./CODE/hcar_motor.o
                0x00000000200000fc                speed_error2
 .sbss.speed_error3
                0x0000000020000100        0x4 ./CODE/hcar_motor.o
                0x0000000020000100                speed_error3
 .sbss.speed_error4
                0x0000000020000104        0x4 ./CODE/hcar_motor.o
                0x0000000020000104                speed_error4
 .sbss.speed_error_last1
                0x0000000020000108        0x4 ./CODE/hcar_motor.o
                0x0000000020000108                speed_error_last1
 .sbss.speed_error_last2
                0x000000002000010c        0x4 ./CODE/hcar_motor.o
                0x000000002000010c                speed_error_last2
 .sbss.speed_error_last3
                0x0000000020000110        0x4 ./CODE/hcar_motor.o
                0x0000000020000110                speed_error_last3
 .sbss.speed_error_last4
                0x0000000020000114        0x4 ./CODE/hcar_motor.o
                0x0000000020000114                speed_error_last4
 .sbss.speed_error_last_last1
                0x0000000020000118        0x4 ./CODE/hcar_motor.o
                0x0000000020000118                speed_error_last_last1
 .sbss.speed_error_last_last2
                0x000000002000011c        0x4 ./CODE/hcar_motor.o
                0x000000002000011c                speed_error_last_last2
 .sbss.speed_error_last_last3
                0x0000000020000120        0x4 ./CODE/hcar_motor.o
                0x0000000020000120                speed_error_last_last3
 .sbss.speed_error_last_last4
                0x0000000020000124        0x4 ./CODE/hcar_motor.o
                0x0000000020000124                speed_error_last_last4
 .sbss.speed_now_filter1
                0x0000000020000128        0x4 ./CODE/hcar_motor.o
                0x0000000020000128                speed_now_filter1
 .sbss.speed_now_filter2
                0x000000002000012c        0x4 ./CODE/hcar_motor.o
                0x000000002000012c                speed_now_filter2
 .sbss.speed_now_filter3
                0x0000000020000130        0x4 ./CODE/hcar_motor.o
                0x0000000020000130                speed_now_filter3
 .sbss.speed_now_filter4
                0x0000000020000134        0x4 ./CODE/hcar_motor.o
                0x0000000020000134                speed_now_filter4
 .sbss.speed_out1
                0x0000000020000138        0x4 ./CODE/hcar_motor.o
                0x0000000020000138                speed_out1
 .sbss.speed_out2
                0x000000002000013c        0x4 ./CODE/hcar_motor.o
                0x000000002000013c                speed_out2
 .sbss.speed_out3
                0x0000000020000140        0x4 ./CODE/hcar_motor.o
                0x0000000020000140                speed_out3
 .sbss.speed_out4
                0x0000000020000144        0x4 ./CODE/hcar_motor.o
                0x0000000020000144                speed_out4
 .sbss.speed_sum1
                0x0000000020000148        0x2 ./CODE/hcar_motor.o
                0x0000000020000148                speed_sum1
 .sbss.speed_sum2
                0x000000002000014a        0x2 ./CODE/hcar_motor.o
                0x000000002000014a                speed_sum2
 .sbss.speed_sum3
                0x000000002000014c        0x2 ./CODE/hcar_motor.o
                0x000000002000014c                speed_sum3
 .sbss.speed_sum4
                0x000000002000014e        0x2 ./CODE/hcar_motor.o
                0x000000002000014e                speed_sum4
 .sbss.slave_encoder_left
                0x0000000020000150        0x2 ./CODE/hcar_uart.o
                0x0000000020000150                slave_encoder_left
 .sbss.slave_encoder_right
                0x0000000020000152        0x2 ./CODE/hcar_uart.o
                0x0000000020000152                slave_encoder_right
 .sbss.slave_position
                0x0000000020000154        0x2 ./CODE/hcar_uart.o
                0x0000000020000154                slave_position
 .sbss.uart_flag
                0x0000000020000156        0x1 ./CODE/hcar_uart.o
                0x0000000020000156                uart_flag
 .sbss.uart_num.6060
                0x0000000020000157        0x1 ./CODE/hcar_uart.o
 .sbss.break_flag
                0x0000000020000158        0x1 ./CODE/middline.o
                0x0000000020000158                break_flag
 .sbss.three_fork_flag
                0x0000000020000159        0x1 ./CODE/middline.o
                0x0000000020000159                three_fork_flag
 *fill*         0x000000002000015a        0x2 
 .sbss.__malloc_free_list
                0x000000002000015c        0x4 d:/mounriver/mounriver_studio/toolchain/risc-v embedded gcc/bin/../lib/gcc/riscv-none-embed/8.2.0/../../../../riscv-none-embed/lib/rv32imac/ilp32\libg_nano.a(lib_a-nano-mallocr.o)
                0x000000002000015c                __malloc_free_list
 .sbss.__malloc_sbrk_start
                0x0000000020000160        0x4 d:/mounriver/mounriver_studio/toolchain/risc-v embedded gcc/bin/../lib/gcc/riscv-none-embed/8.2.0/../../../../riscv-none-embed/lib/rv32imac/ilp32\libg_nano.a(lib_a-nano-mallocr.o)
                0x0000000020000160                __malloc_sbrk_start
 .sbss.heap_end.1518
                0x0000000020000164        0x4 d:/mounriver/mounriver_studio/toolchain/risc-v embedded gcc/bin/../lib/gcc/riscv-none-embed/8.2.0/../../../../riscv-none-embed/lib/rv32imac/ilp32\libnosys.a(sbrk.o)
 *(.gnu.linkonce.sb.*)
 *(.bss*)
 .bss.irq_status
                0x0000000020000168        0xc ./Libraries/seekfree_libraries/common.o
                0x0000000020000168                irq_status
 .bss.encoder_str
                0x0000000020000174       0x14 ./CODE/hcar_init.o
                0x0000000020000174                encoder_str
 .bss.speed_1   0x0000000020000188        0xa ./CODE/hcar_motor.o
                0x0000000020000188                speed_1
 *fill*         0x0000000020000192        0x2 
 .bss.speed_2   0x0000000020000194        0xa ./CODE/hcar_motor.o
                0x0000000020000194                speed_2
 *fill*         0x000000002000019e        0x2 
 .bss.speed_3   0x00000000200001a0        0xa ./CODE/hcar_motor.o
                0x00000000200001a0                speed_3
 *fill*         0x00000000200001aa        0x2 
 .bss.speed_4   0x00000000200001ac        0xa ./CODE/hcar_motor.o
                0x00000000200001ac                speed_4
 *fill*         0x00000000200001b6        0x2 
 .bss.temp_buff
                0x00000000200001b8        0xb ./CODE/hcar_uart.o
                0x00000000200001b8                temp_buff
 *(.gnu.linkonce.b.*)
 *(COMMON*)
 *fill*         0x00000000200001c3        0x1 
 COMMON         0x00000000200001c4        0x4 d:/mounriver/mounriver_studio/toolchain/risc-v embedded gcc/bin/../lib/gcc/riscv-none-embed/8.2.0/../../../../riscv-none-embed/lib/rv32imac/ilp32\libg_nano.a(lib_a-reent.o)
                0x00000000200001c4                errno
                0x00000000200001c8                . = ALIGN (0x4)
                0x00000000200001c8                PROVIDE (_ebss = .)
                [!provide]                        PROVIDE (_end = _ebss)
                0x00000000200001c8                PROVIDE (end = .)

.stack          0x0000000020004800      0x800
                0x0000000020004800                . = ALIGN (0x4)
                [!provide]                        PROVIDE (_susrstack = .)
                0x0000000020005000                . = (. + __stack_size)
 *fill*         0x0000000020004800      0x800 
                0x0000000020005000                PROVIDE (_eusrstack = .)
OUTPUT(Seekfree_CH32V103R8T6_Opensource_Library.elf elf32-littleriscv)

.debug_info     0x0000000000000000    0x281b8
 .debug_info    0x0000000000000000     0x1cc7 ./USER/isr.o
 .debug_info    0x0000000000001cc7     0x1282 ./USER/main.o
 .debug_info    0x0000000000002f49       0x22 ./Libraries/wch_libraries/Startup/startup_ch32v10x.o
 .debug_info    0x0000000000002f6b      0xcbc ./Libraries/wch_libraries/Peripheral/ch32v10x_adc.o
 .debug_info    0x0000000000003c27      0x473 ./Libraries/wch_libraries/Peripheral/ch32v10x_dma.o
 .debug_info    0x000000000000409a      0x353 ./Libraries/wch_libraries/Peripheral/ch32v10x_exti.o
 .debug_info    0x00000000000043ed      0x885 ./Libraries/wch_libraries/Peripheral/ch32v10x_gpio.o
 .debug_info    0x0000000000004c72      0x59c ./Libraries/wch_libraries/Peripheral/ch32v10x_misc.o
 .debug_info    0x000000000000520e      0x90a ./Libraries/wch_libraries/Peripheral/ch32v10x_rcc.o
 .debug_info    0x0000000000005b18      0xa1c ./Libraries/wch_libraries/Peripheral/ch32v10x_spi.o
 .debug_info    0x0000000000006534     0x2119 ./Libraries/wch_libraries/Peripheral/ch32v10x_tim.o
 .debug_info    0x000000000000864d      0xb73 ./Libraries/wch_libraries/Peripheral/ch32v10x_usart.o
 .debug_info    0x00000000000091c0     0x269a ./Libraries/seekfree_peripheral/SEEKFREE_18TFT.o
 .debug_info    0x000000000000b85a      0xb50 ./Libraries/seekfree_peripheral/SEEKFREE_FONT.o
 .debug_info    0x000000000000c3aa     0x1657 ./Libraries/seekfree_peripheral/SEEKFREE_ICM20602.o
 .debug_info    0x000000000000da01     0x1910 ./Libraries/seekfree_peripheral/SEEKFREE_MT9V03X.o
 .debug_info    0x000000000000f311     0x18c5 ./Libraries/seekfree_peripheral/SEEKFREE_UART_7725.o
 .debug_info    0x0000000000010bd6     0x10bf ./Libraries/seekfree_peripheral/SEEKFREE_WIRELESS.o
 .debug_info    0x0000000000011c95      0xa5b ./Libraries/seekfree_libraries/common.o
 .debug_info    0x00000000000126f0     0x1567 ./Libraries/seekfree_libraries/zf_adc.o
 .debug_info    0x0000000000013c57     0x1354 ./Libraries/seekfree_libraries/zf_gpio.o
 .debug_info    0x0000000000014fab      0xf30 ./Libraries/seekfree_libraries/zf_nvic.o
 .debug_info    0x0000000000015edb     0x1bfd ./Libraries/seekfree_libraries/zf_pwm.o
 .debug_info    0x0000000000017ad8     0x15f7 ./Libraries/seekfree_libraries/zf_qtimer.o
 .debug_info    0x00000000000190cf     0x1517 ./Libraries/seekfree_libraries/zf_spi.o
 .debug_info    0x000000000001a5e6      0xbb2 ./Libraries/seekfree_libraries/zf_systick.o
 .debug_info    0x000000000001b198     0x16a3 ./Libraries/seekfree_libraries/zf_uart.o
 .debug_info    0x000000000001c83b      0xd6b ./Libraries/board/board.o
 .debug_info    0x000000000001d5a6      0x27c ./Libraries/board/clock_config.o
 .debug_info    0x000000000001d822      0xb2e ./CODE/Serial_oscilloscope.o
 .debug_info    0x000000000001e350      0xe1d ./CODE/hcar_adc.o
 .debug_info    0x000000000001f16d      0xbf8 ./CODE/hcar_element.o
 .debug_info    0x000000000001fd65     0x18fd ./CODE/hcar_gogogo.o
 .debug_info    0x0000000000021662      0xeda ./CODE/hcar_init.o
 .debug_info    0x000000000002253c     0x105c ./CODE/hcar_key.o
 .debug_info    0x0000000000023598     0x1756 ./CODE/hcar_motor.o
 .debug_info    0x0000000000024cee     0x1421 ./CODE/hcar_uart.o
 .debug_info    0x000000000002610f      0xef8 ./CODE/hcar_wireless.o
 .debug_info    0x0000000000027007     0x11b1 ./CODE/middline.o

.debug_abbrev   0x0000000000000000     0x6005
 .debug_abbrev  0x0000000000000000      0x303 ./USER/isr.o
 .debug_abbrev  0x0000000000000303      0x253 ./USER/main.o
 .debug_abbrev  0x0000000000000556       0x12 ./Libraries/wch_libraries/Startup/startup_ch32v10x.o
 .debug_abbrev  0x0000000000000568      0x1f0 ./Libraries/wch_libraries/Peripheral/ch32v10x_adc.o
 .debug_abbrev  0x0000000000000758      0x1b1 ./Libraries/wch_libraries/Peripheral/ch32v10x_dma.o
 .debug_abbrev  0x0000000000000909      0x166 ./Libraries/wch_libraries/Peripheral/ch32v10x_exti.o
 .debug_abbrev  0x0000000000000a6f      0x1ec ./Libraries/wch_libraries/Peripheral/ch32v10x_gpio.o
 .debug_abbrev  0x0000000000000c5b      0x18b ./Libraries/wch_libraries/Peripheral/ch32v10x_misc.o
 .debug_abbrev  0x0000000000000de6      0x246 ./Libraries/wch_libraries/Peripheral/ch32v10x_rcc.o
 .debug_abbrev  0x000000000000102c      0x1e3 ./Libraries/wch_libraries/Peripheral/ch32v10x_spi.o
 .debug_abbrev  0x000000000000120f      0x2d1 ./Libraries/wch_libraries/Peripheral/ch32v10x_tim.o
 .debug_abbrev  0x00000000000014e0      0x1e3 ./Libraries/wch_libraries/Peripheral/ch32v10x_usart.o
 .debug_abbrev  0x00000000000016c3      0x374 ./Libraries/seekfree_peripheral/SEEKFREE_18TFT.o
 .debug_abbrev  0x0000000000001a37      0x217 ./Libraries/seekfree_peripheral/SEEKFREE_FONT.o
 .debug_abbrev  0x0000000000001c4e      0x308 ./Libraries/seekfree_peripheral/SEEKFREE_ICM20602.o
 .debug_abbrev  0x0000000000001f56      0x3af ./Libraries/seekfree_peripheral/SEEKFREE_MT9V03X.o
 .debug_abbrev  0x0000000000002305      0x3c6 ./Libraries/seekfree_peripheral/SEEKFREE_UART_7725.o
 .debug_abbrev  0x00000000000026cb      0x2dc ./Libraries/seekfree_peripheral/SEEKFREE_WIRELESS.o
 .debug_abbrev  0x00000000000029a7      0x1fa ./Libraries/seekfree_libraries/common.o
 .debug_abbrev  0x0000000000002ba1      0x2c1 ./Libraries/seekfree_libraries/zf_adc.o
 .debug_abbrev  0x0000000000002e62      0x2e5 ./Libraries/seekfree_libraries/zf_gpio.o
 .debug_abbrev  0x0000000000003147      0x2e6 ./Libraries/seekfree_libraries/zf_nvic.o
 .debug_abbrev  0x000000000000342d      0x2f5 ./Libraries/seekfree_libraries/zf_pwm.o
 .debug_abbrev  0x0000000000003722      0x2db ./Libraries/seekfree_libraries/zf_qtimer.o
 .debug_abbrev  0x00000000000039fd      0x2ae ./Libraries/seekfree_libraries/zf_spi.o
 .debug_abbrev  0x0000000000003cab      0x257 ./Libraries/seekfree_libraries/zf_systick.o
 .debug_abbrev  0x0000000000003f02      0x2f7 ./Libraries/seekfree_libraries/zf_uart.o
 .debug_abbrev  0x00000000000041f9      0x2b9 ./Libraries/board/board.o
 .debug_abbrev  0x00000000000044b2      0x102 ./Libraries/board/clock_config.o
 .debug_abbrev  0x00000000000045b4      0x298 ./CODE/Serial_oscilloscope.o
 .debug_abbrev  0x000000000000484c      0x285 ./CODE/hcar_adc.o
 .debug_abbrev  0x0000000000004ad1      0x235 ./CODE/hcar_element.o
 .debug_abbrev  0x0000000000004d06      0x288 ./CODE/hcar_gogogo.o
 .debug_abbrev  0x0000000000004f8e      0x271 ./CODE/hcar_init.o
 .debug_abbrev  0x00000000000051ff      0x266 ./CODE/hcar_key.o
 .debug_abbrev  0x0000000000005465      0x2f1 ./CODE/hcar_motor.o
 .debug_abbrev  0x0000000000005756      0x2be ./CODE/hcar_uart.o
 .debug_abbrev  0x0000000000005a14      0x272 ./CODE/hcar_wireless.o
 .debug_abbrev  0x0000000000005c86      0x37f ./CODE/middline.o

.debug_loc      0x0000000000000000     0x83b4
 .debug_loc     0x0000000000000000       0x13 ./USER/isr.o
 .debug_loc     0x0000000000000013      0xb02 ./Libraries/wch_libraries/Peripheral/ch32v10x_adc.o
 .debug_loc     0x0000000000000b15      0x204 ./Libraries/wch_libraries/Peripheral/ch32v10x_dma.o
 .debug_loc     0x0000000000000d19      0x1a2 ./Libraries/wch_libraries/Peripheral/ch32v10x_exti.o
 .debug_loc     0x0000000000000ebb      0x68f ./Libraries/wch_libraries/Peripheral/ch32v10x_gpio.o
 .debug_loc     0x000000000000154a       0xe4 ./Libraries/wch_libraries/Peripheral/ch32v10x_misc.o
 .debug_loc     0x000000000000162e      0x775 ./Libraries/wch_libraries/Peripheral/ch32v10x_rcc.o
 .debug_loc     0x0000000000001da3      0x63c ./Libraries/wch_libraries/Peripheral/ch32v10x_spi.o
 .debug_loc     0x00000000000023df     0x1ba1 ./Libraries/wch_libraries/Peripheral/ch32v10x_tim.o
 .debug_loc     0x0000000000003f80      0x7cc ./Libraries/wch_libraries/Peripheral/ch32v10x_usart.o
 .debug_loc     0x000000000000474c     0x1180 ./Libraries/seekfree_peripheral/SEEKFREE_18TFT.o
 .debug_loc     0x00000000000058cc      0x113 ./Libraries/seekfree_peripheral/SEEKFREE_ICM20602.o
 .debug_loc     0x00000000000059df      0x345 ./Libraries/seekfree_peripheral/SEEKFREE_MT9V03X.o
 .debug_loc     0x0000000000005d24      0x309 ./Libraries/seekfree_peripheral/SEEKFREE_UART_7725.o
 .debug_loc     0x000000000000602d       0x3c ./Libraries/seekfree_peripheral/SEEKFREE_WIRELESS.o
 .debug_loc     0x0000000000006069      0x324 ./Libraries/seekfree_libraries/zf_adc.o
 .debug_loc     0x000000000000638d      0x61d ./Libraries/seekfree_libraries/zf_gpio.o
 .debug_loc     0x00000000000069aa       0xc3 ./Libraries/seekfree_libraries/zf_nvic.o
 .debug_loc     0x0000000000006a6d      0x649 ./Libraries/seekfree_libraries/zf_pwm.o
 .debug_loc     0x00000000000070b6      0x240 ./Libraries/seekfree_libraries/zf_qtimer.o
 .debug_loc     0x00000000000072f6      0x428 ./Libraries/seekfree_libraries/zf_spi.o
 .debug_loc     0x000000000000771e      0x41d ./Libraries/seekfree_libraries/zf_uart.o
 .debug_loc     0x0000000000007b3b       0x88 ./Libraries/board/board.o
 .debug_loc     0x0000000000007bc3      0x1be ./CODE/Serial_oscilloscope.o
 .debug_loc     0x0000000000007d81      0x236 ./CODE/hcar_motor.o
 .debug_loc     0x0000000000007fb7       0x9a ./CODE/hcar_wireless.o
 .debug_loc     0x0000000000008051      0x363 ./CODE/middline.o

.debug_aranges  0x0000000000000000     0x1048
 .debug_aranges
                0x0000000000000000       0xc0 ./USER/isr.o
 .debug_aranges
                0x00000000000000c0       0x20 ./USER/main.o
 .debug_aranges
                0x00000000000000e0       0x30 ./Libraries/wch_libraries/Startup/startup_ch32v10x.o
 .debug_aranges
                0x0000000000000110      0x140 ./Libraries/wch_libraries/Peripheral/ch32v10x_adc.o
 .debug_aranges
                0x0000000000000250       0x70 ./Libraries/wch_libraries/Peripheral/ch32v10x_dma.o
 .debug_aranges
                0x00000000000002c0       0x58 ./Libraries/wch_libraries/Peripheral/ch32v10x_exti.o
 .debug_aranges
                0x0000000000000318       0xa0 ./Libraries/wch_libraries/Peripheral/ch32v10x_gpio.o
 .debug_aranges
                0x00000000000003b8       0x28 ./Libraries/wch_libraries/Peripheral/ch32v10x_misc.o
 .debug_aranges
                0x00000000000003e0      0x118 ./Libraries/wch_libraries/Peripheral/ch32v10x_rcc.o
 .debug_aranges
                0x00000000000004f8       0xd0 ./Libraries/wch_libraries/Peripheral/ch32v10x_spi.o
 .debug_aranges
                0x00000000000005c8      0x2e0 ./Libraries/wch_libraries/Peripheral/ch32v10x_tim.o
 .debug_aranges
                0x00000000000008a8      0x100 ./Libraries/wch_libraries/Peripheral/ch32v10x_usart.o
 .debug_aranges
                0x00000000000009a8       0xc0 ./Libraries/seekfree_peripheral/SEEKFREE_18TFT.o
 .debug_aranges
                0x0000000000000a68       0x18 ./Libraries/seekfree_peripheral/SEEKFREE_FONT.o
 .debug_aranges
                0x0000000000000a80       0x70 ./Libraries/seekfree_peripheral/SEEKFREE_ICM20602.o
 .debug_aranges
                0x0000000000000af0       0x80 ./Libraries/seekfree_peripheral/SEEKFREE_MT9V03X.o
 .debug_aranges
                0x0000000000000b70       0x80 ./Libraries/seekfree_peripheral/SEEKFREE_UART_7725.o
 .debug_aranges
                0x0000000000000bf0       0x30 ./Libraries/seekfree_peripheral/SEEKFREE_WIRELESS.o
 .debug_aranges
                0x0000000000000c20       0x18 ./Libraries/seekfree_libraries/common.o
 .debug_aranges
                0x0000000000000c38       0x38 ./Libraries/seekfree_libraries/zf_adc.o
 .debug_aranges
                0x0000000000000c70       0x40 ./Libraries/seekfree_libraries/zf_gpio.o
 .debug_aranges
                0x0000000000000cb0       0x40 ./Libraries/seekfree_libraries/zf_nvic.o
 .debug_aranges
                0x0000000000000cf0       0x40 ./Libraries/seekfree_libraries/zf_pwm.o
 .debug_aranges
                0x0000000000000d30       0x38 ./Libraries/seekfree_libraries/zf_qtimer.o
 .debug_aranges
                0x0000000000000d68       0x30 ./Libraries/seekfree_libraries/zf_spi.o
 .debug_aranges
                0x0000000000000d98       0x30 ./Libraries/seekfree_libraries/zf_systick.o
 .debug_aranges
                0x0000000000000dc8       0x60 ./Libraries/seekfree_libraries/zf_uart.o
 .debug_aranges
                0x0000000000000e28       0x28 ./Libraries/board/board.o
 .debug_aranges
                0x0000000000000e50       0x20 ./Libraries/board/clock_config.o
 .debug_aranges
                0x0000000000000e70       0x20 ./CODE/Serial_oscilloscope.o
 .debug_aranges
                0x0000000000000e90       0x30 ./CODE/hcar_adc.o
 .debug_aranges
                0x0000000000000ec0       0x28 ./CODE/hcar_element.o
 .debug_aranges
                0x0000000000000ee8       0x20 ./CODE/hcar_gogogo.o
 .debug_aranges
                0x0000000000000f08       0x20 ./CODE/hcar_init.o
 .debug_aranges
                0x0000000000000f28       0x28 ./CODE/hcar_key.o
 .debug_aranges
                0x0000000000000f50       0x30 ./CODE/hcar_motor.o
 .debug_aranges
                0x0000000000000f80       0x38 ./CODE/hcar_uart.o
 .debug_aranges
                0x0000000000000fb8       0x28 ./CODE/hcar_wireless.o
 .debug_aranges
                0x0000000000000fe0       0x68 ./CODE/middline.o

.debug_ranges   0x0000000000000000      0xe18
 .debug_ranges  0x0000000000000000       0xb0 ./USER/isr.o
 .debug_ranges  0x00000000000000b0       0x10 ./USER/main.o
 .debug_ranges  0x00000000000000c0       0x28 ./Libraries/wch_libraries/Startup/startup_ch32v10x.o
 .debug_ranges  0x00000000000000e8      0x130 ./Libraries/wch_libraries/Peripheral/ch32v10x_adc.o
 .debug_ranges  0x0000000000000218       0x60 ./Libraries/wch_libraries/Peripheral/ch32v10x_dma.o
 .debug_ranges  0x0000000000000278       0x48 ./Libraries/wch_libraries/Peripheral/ch32v10x_exti.o
 .debug_ranges  0x00000000000002c0       0x90 ./Libraries/wch_libraries/Peripheral/ch32v10x_gpio.o
 .debug_ranges  0x0000000000000350       0x18 ./Libraries/wch_libraries/Peripheral/ch32v10x_misc.o
 .debug_ranges  0x0000000000000368      0x108 ./Libraries/wch_libraries/Peripheral/ch32v10x_rcc.o
 .debug_ranges  0x0000000000000470       0xc0 ./Libraries/wch_libraries/Peripheral/ch32v10x_spi.o
 .debug_ranges  0x0000000000000530      0x2e8 ./Libraries/wch_libraries/Peripheral/ch32v10x_tim.o
 .debug_ranges  0x0000000000000818       0xf0 ./Libraries/wch_libraries/Peripheral/ch32v10x_usart.o
 .debug_ranges  0x0000000000000908       0xb0 ./Libraries/seekfree_peripheral/SEEKFREE_18TFT.o
 .debug_ranges  0x00000000000009b8       0x60 ./Libraries/seekfree_peripheral/SEEKFREE_ICM20602.o
 .debug_ranges  0x0000000000000a18       0x70 ./Libraries/seekfree_peripheral/SEEKFREE_MT9V03X.o
 .debug_ranges  0x0000000000000a88       0x70 ./Libraries/seekfree_peripheral/SEEKFREE_UART_7725.o
 .debug_ranges  0x0000000000000af8       0x20 ./Libraries/seekfree_peripheral/SEEKFREE_WIRELESS.o
 .debug_ranges  0x0000000000000b18       0x28 ./Libraries/seekfree_libraries/zf_adc.o
 .debug_ranges  0x0000000000000b40       0x30 ./Libraries/seekfree_libraries/zf_gpio.o
 .debug_ranges  0x0000000000000b70       0x30 ./Libraries/seekfree_libraries/zf_nvic.o
 .debug_ranges  0x0000000000000ba0       0x30 ./Libraries/seekfree_libraries/zf_pwm.o
 .debug_ranges  0x0000000000000bd0       0x28 ./Libraries/seekfree_libraries/zf_qtimer.o
 .debug_ranges  0x0000000000000bf8       0x20 ./Libraries/seekfree_libraries/zf_spi.o
 .debug_ranges  0x0000000000000c18       0x20 ./Libraries/seekfree_libraries/zf_systick.o
 .debug_ranges  0x0000000000000c38       0x50 ./Libraries/seekfree_libraries/zf_uart.o
 .debug_ranges  0x0000000000000c88       0x18 ./Libraries/board/board.o
 .debug_ranges  0x0000000000000ca0       0x28 ./Libraries/board/clock_config.o
 .debug_ranges  0x0000000000000cc8       0x28 ./CODE/Serial_oscilloscope.o
 .debug_ranges  0x0000000000000cf0       0x20 ./CODE/hcar_adc.o
 .debug_ranges  0x0000000000000d10       0x18 ./CODE/hcar_element.o
 .debug_ranges  0x0000000000000d28       0x10 ./CODE/hcar_gogogo.o
 .debug_ranges  0x0000000000000d38       0x10 ./CODE/hcar_init.o
 .debug_ranges  0x0000000000000d48       0x18 ./CODE/hcar_key.o
 .debug_ranges  0x0000000000000d60       0x20 ./CODE/hcar_motor.o
 .debug_ranges  0x0000000000000d80       0x28 ./CODE/hcar_uart.o
 .debug_ranges  0x0000000000000da8       0x18 ./CODE/hcar_wireless.o
 .debug_ranges  0x0000000000000dc0       0x58 ./CODE/middline.o

.debug_line     0x0000000000000000    0x151b3
 .debug_line    0x0000000000000000      0xade ./USER/isr.o
 .debug_line    0x0000000000000ade      0x3f1 ./USER/main.o
 .debug_line    0x0000000000000ecf      0x225 ./Libraries/wch_libraries/Startup/startup_ch32v10x.o
 .debug_line    0x00000000000010f4     0x12a6 ./Libraries/wch_libraries/Peripheral/ch32v10x_adc.o
 .debug_line    0x000000000000239a      0x805 ./Libraries/wch_libraries/Peripheral/ch32v10x_dma.o
 .debug_line    0x0000000000002b9f      0x512 ./Libraries/wch_libraries/Peripheral/ch32v10x_exti.o
 .debug_line    0x00000000000030b1      0xb57 ./Libraries/wch_libraries/Peripheral/ch32v10x_gpio.o
 .debug_line    0x0000000000003c08      0x385 ./Libraries/wch_libraries/Peripheral/ch32v10x_misc.o
 .debug_line    0x0000000000003f8d      0xf62 ./Libraries/wch_libraries/Peripheral/ch32v10x_rcc.o
 .debug_line    0x0000000000004eef      0xb4f ./Libraries/wch_libraries/Peripheral/ch32v10x_spi.o
 .debug_line    0x0000000000005a3e     0x2c82 ./Libraries/wch_libraries/Peripheral/ch32v10x_tim.o
 .debug_line    0x00000000000086c0      0xe33 ./Libraries/wch_libraries/Peripheral/ch32v10x_usart.o
 .debug_line    0x00000000000094f3     0x15f2 ./Libraries/seekfree_peripheral/SEEKFREE_18TFT.o
 .debug_line    0x000000000000aae5      0x1d8 ./Libraries/seekfree_peripheral/SEEKFREE_FONT.o
 .debug_line    0x000000000000acbd      0x95f ./Libraries/seekfree_peripheral/SEEKFREE_ICM20602.o
 .debug_line    0x000000000000b61c      0xbfd ./Libraries/seekfree_peripheral/SEEKFREE_MT9V03X.o
 .debug_line    0x000000000000c219      0xb6d ./Libraries/seekfree_peripheral/SEEKFREE_UART_7725.o
 .debug_line    0x000000000000cd86      0x3e1 ./Libraries/seekfree_peripheral/SEEKFREE_WIRELESS.o
 .debug_line    0x000000000000d167      0x19d ./Libraries/seekfree_libraries/common.o
 .debug_line    0x000000000000d304      0x744 ./Libraries/seekfree_libraries/zf_adc.o
 .debug_line    0x000000000000da48      0x6cc ./Libraries/seekfree_libraries/zf_gpio.o
 .debug_line    0x000000000000e114      0x4bc ./Libraries/seekfree_libraries/zf_nvic.o
 .debug_line    0x000000000000e5d0      0xae2 ./Libraries/seekfree_libraries/zf_pwm.o
 .debug_line    0x000000000000f0b2      0x6a5 ./Libraries/seekfree_libraries/zf_qtimer.o
 .debug_line    0x000000000000f757      0x71a ./Libraries/seekfree_libraries/zf_spi.o
 .debug_line    0x000000000000fe71      0x405 ./Libraries/seekfree_libraries/zf_systick.o
 .debug_line    0x0000000000010276      0x790 ./Libraries/seekfree_libraries/zf_uart.o
 .debug_line    0x0000000000010a06      0x39e ./Libraries/board/board.o
 .debug_line    0x0000000000010da4      0x430 ./Libraries/board/clock_config.o
 .debug_line    0x00000000000111d4      0x424 ./CODE/Serial_oscilloscope.o
 .debug_line    0x00000000000115f8      0x2eb ./CODE/hcar_adc.o
 .debug_line    0x00000000000118e3      0x3b6 ./CODE/hcar_element.o
 .debug_line    0x0000000000011c99      0x540 ./CODE/hcar_gogogo.o
 .debug_line    0x00000000000121d9      0x2c8 ./CODE/hcar_init.o
 .debug_line    0x00000000000124a1      0x4b9 ./CODE/hcar_key.o
 .debug_line    0x000000000001295a      0xa3d ./CODE/hcar_motor.o
 .debug_line    0x0000000000013397      0x727 ./CODE/hcar_uart.o
 .debug_line    0x0000000000013abe      0x3b8 ./CODE/hcar_wireless.o
 .debug_line    0x0000000000013e76     0x133d ./CODE/middline.o

.debug_str      0x0000000000000000     0x4f53
 .debug_str     0x0000000000000000     0x10b0 ./USER/isr.o
                                       0x11a7 (size before relaxing)
 .debug_str     0x00000000000010b0       0x20 ./USER/main.o
                                        0xcfc (size before relaxing)
 .debug_str     0x00000000000010d0       0x42 ./Libraries/wch_libraries/Startup/startup_ch32v10x.o
                                         0x98 (size before relaxing)
 .debug_str     0x0000000000001112      0x5e9 ./Libraries/wch_libraries/Peripheral/ch32v10x_adc.o
                                        0x7fe (size before relaxing)
 .debug_str     0x00000000000016fb      0x1f3 ./Libraries/wch_libraries/Peripheral/ch32v10x_dma.o
                                        0x428 (size before relaxing)
 .debug_str     0x00000000000018ee      0x19a ./Libraries/wch_libraries/Peripheral/ch32v10x_exti.o
                                        0x3c2 (size before relaxing)
 .debug_str     0x0000000000001a88      0x34d ./Libraries/wch_libraries/Peripheral/ch32v10x_gpio.o
                                        0x570 (size before relaxing)
 .debug_str     0x0000000000001dd5      0x3ba ./Libraries/wch_libraries/Peripheral/ch32v10x_misc.o
                                        0x5f6 (size before relaxing)
 .debug_str     0x000000000000218f      0x447 ./Libraries/wch_libraries/Peripheral/ch32v10x_rcc.o
                                        0x69a (size before relaxing)
 .debug_str     0x00000000000025d6      0x355 ./Libraries/wch_libraries/Peripheral/ch32v10x_spi.o
                                        0x6b5 (size before relaxing)
 .debug_str     0x000000000000292b      0xa96 ./Libraries/wch_libraries/Peripheral/ch32v10x_tim.o
                                        0xeb0 (size before relaxing)
 .debug_str     0x00000000000033c1      0x3cd ./Libraries/wch_libraries/Peripheral/ch32v10x_usart.o
                                        0x74c (size before relaxing)
 .debug_str     0x000000000000378e      0x3a8 ./Libraries/seekfree_peripheral/SEEKFREE_18TFT.o
                                        0xb27 (size before relaxing)
 .debug_str     0x0000000000003b36       0x31 ./Libraries/seekfree_peripheral/SEEKFREE_FONT.o
                                        0x717 (size before relaxing)
 .debug_str     0x0000000000003b67      0x159 ./Libraries/seekfree_peripheral/SEEKFREE_ICM20602.o
                                        0xa6c (size before relaxing)
 .debug_str     0x0000000000003cc0      0x281 ./Libraries/seekfree_peripheral/SEEKFREE_MT9V03X.o
                                        0xdf4 (size before relaxing)
 .debug_str     0x0000000000003f41      0x244 ./Libraries/seekfree_peripheral/SEEKFREE_UART_7725.o
                                        0xe98 (size before relaxing)
 .debug_str     0x0000000000004185       0x9b ./Libraries/seekfree_peripheral/SEEKFREE_WIRELESS.o
                                        0x913 (size before relaxing)
 .debug_str     0x0000000000004220       0x29 ./Libraries/seekfree_libraries/common.o
                                        0x6c8 (size before relaxing)
 .debug_str     0x0000000000004249      0x15a ./Libraries/seekfree_libraries/zf_adc.o
                                        0xa95 (size before relaxing)
 .debug_str     0x00000000000043a3       0x9f ./Libraries/seekfree_libraries/zf_gpio.o
                                        0xa2d (size before relaxing)
 .debug_str     0x0000000000004442       0x81 ./Libraries/seekfree_libraries/zf_nvic.o
                                        0xb15 (size before relaxing)
 .debug_str     0x00000000000044c3      0x1f3 ./Libraries/seekfree_libraries/zf_pwm.o
                                        0xd57 (size before relaxing)
 .debug_str     0x00000000000046b6      0x146 ./Libraries/seekfree_libraries/zf_qtimer.o
                                        0xb47 (size before relaxing)
 .debug_str     0x00000000000047fc       0xa9 ./Libraries/seekfree_libraries/zf_spi.o
                                        0xac4 (size before relaxing)
 .debug_str     0x00000000000048a5       0xc6 ./Libraries/seekfree_libraries/zf_systick.o
                                        0x7a3 (size before relaxing)
 .debug_str     0x000000000000496b       0x9d ./Libraries/seekfree_libraries/zf_uart.o
                                        0xc77 (size before relaxing)
 .debug_str     0x0000000000004a08       0x26 ./Libraries/board/board.o
                                        0x88b (size before relaxing)
 .debug_str     0x0000000000004a2e       0x66 ./Libraries/board/clock_config.o
                                        0x2ba (size before relaxing)